
Gurobi 12.0.1 (linux64) logging started lun. 08 juin 2026 10:42:34

Set parameter LogFile to value "Results_ID_73/Run_73_2026-06-08.log"

Gurobi 12.0.1 (linux64) logging started lun. 08 juin 2026 10:42:34

Set parameter LogFile to value "Results_ID_73/Run_73_2026-06-08.log"
Gurobi Optimizer version 12.0.1 build v12.0.1rc0 (linux64 - "Ubuntu 24.04.3 LTS")

CPU model: Intel(R) Xeon(R) Silver 4214R CPU @ 2.40GHz, instruction set [SSE2|AVX|AVX2|AVX512]
Thread count: 24 physical cores, 48 logical processors, using up to 48 threads

Non-default parameters:
Method  2
BarHomogeneous  1
Threads  48

Optimize a model with 2289155 rows, 5730439 columns and 11345588 nonzeros
Model fingerprint: 0xa79f731b
Coefficient statistics:
  Matrix range     [6e-05, 6e+03]
  Objective range  [1e+00, 1e+04]
  Bounds range     [0e+00, 0e+00]
  RHS range        [8e-06, 1e+06]
Presolve removed 1876886 rows and 5292538 columns (presolve time = 5s)...
Presolve removed 1906787 rows and 5298350 columns
Presolve time: 7.59s
Presolved: 382368 rows, 432089 columns, 2733645 nonzeros

Elapsed ordering time = 5s
Ordering time: 13.75s

Barrier statistics:
 Dense cols : 48
 AA' NZ     : 1.742e+07
 Factor NZ  : 1.568e+08 (roughly 1.6 GB of memory)
 Factor Ops : 1.498e+11 (roughly 1 second per iteration)
 Threads    : 48

                  Objective                Residual
Iter       Primal          Dual         Primal    Dual     Compl     Time
   0   5.05583985e+11 -3.65424962e+11  1.11e+09 4.40e+01  1.36e+09    26s
   1   4.89671630e+11 -3.56494980e+11  1.06e+09 4.80e+02  1.28e+09    27s
   2   4.78064720e+11 -3.47192624e+11  9.22e+08 4.49e+02  1.15e+09    29s
   3   4.69487070e+11 -2.96963566e+11  7.45e+08 3.15e+02  8.64e+08    30s
   4   3.70002727e+11 -5.14338470e+10  5.48e+08 9.86e+01  2.50e+08    32s
   5   1.26026731e+11 -4.07730392e+09  1.61e+08 2.35e+01  2.25e+07    34s
   6   4.86533968e+10 -1.18616476e+09  6.20e+07 8.31e+00  3.57e+06    36s
   7   2.01520639e+10 -5.63371862e+08  2.58e+07 5.83e+00  1.19e+06    38s
   8   1.48672452e+10 -1.24783505e+07  1.89e+07 2.16e+00  4.22e+05    39s
   9   7.12458629e+09  4.04472399e+06  9.03e+06 1.30e+00  1.50e+05    41s
  10   2.86614912e+09  2.08745072e+06  3.63e+06 3.96e-01  3.20e+04    43s
  11   7.08488524e+08  5.99787354e+05  8.96e+05 9.84e-02  4.63e+03    45s
  12   5.06134353e+08  5.71655877e+05  6.40e+05 6.95e-02  3.05e+03    47s
  13   3.74637689e+08 -3.30130417e+05  4.74e+05 1.44e-02  1.66e+03    48s
  14   5.99740813e+07 -3.41282668e+05  7.62e+04 2.56e-03  2.48e+02    50s
  15   4.16939000e+07 -2.06931062e+05  5.30e+04 2.14e-04  1.58e+02    51s
  16   1.66649150e+07 -1.78968904e+05  2.13e+04 7.22e-05  6.30e+01    52s
  17   1.02541902e+07 -1.59968690e+05  1.32e+04 3.53e-05  3.84e+01    54s
  18   6.91894309e+06 -1.59141349e+05  8.94e+03 3.70e-05  2.61e+01    55s
  19   3.82055803e+06 -1.48700146e+05  4.99e+03 2.89e-05  1.45e+01    57s
  20   1.88798760e+06 -1.14082021e+05  2.52e+03 1.20e-05  6.96e+00    58s
  21   1.41409434e+06 -1.11044391e+05  1.90e+03 1.14e-05  5.26e+00    59s
  22   1.15606305e+06 -9.20421202e+04  1.56e+03 8.44e-06  4.19e+00    61s
  23   9.60095776e+05 -8.60320092e+04  1.29e+03 7.93e-06  3.47e+00    62s
  24   6.95014724e+05 -6.78813515e+04  9.31e+02 6.10e-06  2.44e+00    64s
  25   5.30157244e+05 -4.07729484e+04  6.94e+02 4.39e-06  1.75e+00    66s
  26   4.53391393e+05 -3.52044367e+04  5.83e+02 4.12e-06  1.47e+00    68s
  27   3.98826761e+05  3.11218618e+03  5.01e+02 2.25e-06  1.16e+00    70s
  28   3.18961089e+05  6.76563956e+03  3.86e+02 2.13e-06  9.00e-01    72s
  29   2.97187039e+05  1.51139807e+04  3.52e+02 1.85e-06  8.04e-01    73s
  30   2.78357600e+05  1.96711127e+04  3.21e+02 1.71e-06  7.30e-01    76s
  31   2.52828667e+05  3.90431944e+04  2.80e+02 1.12e-06  5.92e-01    78s
  32   2.18153876e+05  4.95811765e+04  2.23e+02 8.27e-07  4.54e-01    80s
  33   2.28341070e+05  5.03017132e+04  2.20e+02 8.15e-07  4.66e-01    81s
  34   2.11410394e+05  5.82819177e+04  1.94e+02 6.20e-07  3.95e-01    83s
  35   1.88441333e+05  6.38595333e+04  1.60e+02 4.94e-07  3.17e-01    85s
  36   1.73919478e+05  7.05388475e+04  1.37e+02 3.92e-07  2.58e-01    87s
  37   1.58684170e+05  7.44825086e+04  1.11e+02 3.24e-07  2.06e-01    90s
  38   1.53507413e+05  7.48608650e+04  1.04e+02 3.18e-07  1.93e-01    91s
  39   1.43768295e+05  8.05777727e+04  8.79e+01 2.32e-07  1.53e-01    93s
  40   1.39147282e+05  8.32552152e+04  7.95e+01 1.96e-07  1.34e-01    95s
  41   1.33302461e+05  8.53212236e+04  6.94e+01 1.68e-07  1.14e-01    97s
  42   1.29807626e+05  8.63765678e+04  6.31e+01 1.61e-07  1.02e-01    99s
  43   1.23935729e+05  8.84376723e+04  5.26e+01 1.35e-07  8.23e-02   100s
  44   1.19405588e+05  9.06889964e+04  4.43e+01 1.26e-07  6.56e-02   102s
  45   1.17855996e+05  9.10013346e+04  4.14e+01 1.23e-07  6.12e-02   105s
  46   1.15076051e+05  9.17919997e+04  3.62e+01 1.15e-07  5.27e-02   107s
  47   1.13932723e+05  9.25058212e+04  3.39e+01 1.04e-07  4.84e-02   109s
  48   1.10577896e+05  9.38180220e+04  2.74e+01 9.62e-08  3.75e-02   111s
  49   1.06076824e+05  9.45782714e+04  1.86e+01 9.43e-08  2.52e-02   113s
  50   1.04953522e+05  9.55657194e+04  1.63e+01 7.65e-08  2.04e-02   115s
  51   1.03407774e+05  9.61011764e+04  1.31e+01 7.45e-08  1.57e-02   118s
  52   1.01711588e+05  9.64105523e+04  9.47e+00 7.35e-08  1.13e-02   119s
  53   1.01135545e+05  9.66509255e+04  8.20e+00 7.27e-08  9.48e-03   122s
  54   9.98649854e+04  9.68385082e+04  5.35e+00 7.55e-08  6.28e-03   124s
  55   9.92843880e+04  9.70571860e+04  4.00e+00 7.17e-08  4.60e-03   126s
  56   9.91431571e+04  9.70836919e+04  3.66e+00 6.86e-08  4.24e-03   128s
  57   9.90943399e+04  9.71131932e+04  3.53e+00 6.45e-08  4.08e-03   131s
  58   9.88339221e+04  9.71907326e+04  2.86e+00 5.55e-08  3.38e-03   133s
  59   9.87916336e+04  9.72590408e+04  2.75e+00 5.39e-08  3.17e-03   136s
  60   9.86475474e+04  9.72965249e+04  2.29e+00 4.85e-08  2.79e-03   140s
  61   9.85921886e+04  9.73262622e+04  1.68e+00 3.46e-08  2.63e-03   143s
  62   9.85551336e+04  9.73742754e+04  1.08e+00 4.15e-08  2.44e-03   146s
  63   9.85236656e+04  9.73969822e+04  8.29e-01 3.46e-08  2.34e-03   149s
  64   9.85197285e+04  9.74278800e+04  7.92e-01 2.33e-08  2.30e-03   151s
  65   9.84134843e+04  9.74633289e+04  2.29e-01 1.70e-08  2.01e-03   154s
  66   9.82834422e+04  9.74845554e+04  1.90e-01 1.96e-08  1.67e-03   157s
  67   9.81735248e+04  9.75218022e+04  1.49e-01 1.22e-08  1.37e-03   160s
  68   9.80890755e+04  9.75292985e+04  1.20e-01 9.63e-09  1.16e-03   162s
  69   9.80412241e+04  9.75559083e+04  1.04e-01 9.67e-09  1.01e-03   165s
  70   9.80088270e+04  9.75950940e+04  9.36e-02 4.95e-09  8.87e-04   168s
  71   9.79300736e+04  9.76161882e+04  6.66e-02 3.77e-09  6.67e-04   172s
  72   9.79021433e+04  9.76370898e+04  5.70e-02 1.26e-08  5.77e-04   175s
  73   9.78923356e+04  9.76569077e+04  5.39e-02 2.64e-08  5.26e-04   179s
  74   9.78588873e+04  9.76636371e+04  4.18e-02 2.33e-08  4.31e-04   184s
  75   9.78505708e+04  9.76773888e+04  3.73e-02 1.89e-08  3.97e-04   188s
  76   9.78354439e+04  9.76782741e+04  3.38e-02 1.62e-08  3.52e-04   193s
  77   9.78463977e+04  9.76959410e+04  3.41e-02 1.35e-08  3.72e-04   196s
  78   9.78287859e+04  9.76946260e+04  2.98e-02 1.18e-08  3.22e-04   201s
  79   9.78308657e+04  9.76973112e+04  3.00e-02 1.11e-08  3.25e-04   206s
  80   9.78301959e+04  9.77054201e+04  2.91e-02 1.12e-08  3.27e-04   210s
  81   9.78158359e+04  9.77141403e+04  2.29e-02 9.54e-09  2.72e-04   215s
  82   9.78108107e+04  9.77156908e+04  2.08e-02 8.98e-09  2.52e-04   220s
  83   9.77958688e+04  9.77217525e+04  1.57e-02 6.95e-09  1.96e-04   225s
  84   9.77947861e+04  9.77222328e+04  1.59e-02 5.20e-09  1.92e-04   228s
  85   9.77943909e+04  9.77224607e+04  1.55e-02 5.87e-09  1.90e-04   231s
  86   9.77928997e+04  9.77230021e+04  1.48e-02 5.74e-09  1.85e-04   233s
  87   9.77888294e+04  9.77245435e+04  1.37e-02 2.12e-09  1.69e-04   236s
  88   9.77817726e+04  9.77295577e+04  1.09e-02 1.32e-09  1.39e-04   241s
  89   9.77745613e+04  9.77334138e+04  9.55e-03 1.01e-09  1.11e-04   245s
  90   9.77684489e+04  9.77360209e+04  7.10e-03 7.71e-10  8.75e-05   249s
  91   9.77643932e+04  9.77380092e+04  5.86e-03 5.97e-10  7.21e-05   255s
  92   9.77625955e+04  9.77387030e+04  5.26e-03 5.33e-10  6.50e-05   260s
  93   9.77615792e+04  9.77390583e+04  4.91e-03 6.20e-10  6.12e-05   265s
  94   9.77600428e+04  9.77399961e+04  4.36e-03 5.30e-10  5.49e-05   270s
  95   9.77595958e+04  9.77402734e+04  4.24e-03 1.87e-09  5.32e-05   272s
  96   9.77581251e+04  9.77406023e+04  3.72e-03 2.36e-09  4.76e-05   277s
  97   9.77564138e+04  9.77410603e+04  3.19e-03 2.05e-09  4.16e-05   281s
  98   9.77557636e+04  9.77412458e+04  3.58e-03 6.48e-10  3.93e-05   284s
  99   9.77553058e+04  9.77423347e+04  3.43e-03 4.88e-10  3.64e-05   290s
 100   9.77542980e+04  9.77428662e+04  3.86e-03 3.69e-10  3.23e-05   295s
 101   9.77537074e+04  9.77430161e+04  4.22e-03 3.28e-10  3.01e-05   302s
 102   9.77536791e+04  9.77430466e+04  4.24e-03 6.03e-10  2.99e-05   305s
 103   9.77533607e+04  9.77433734e+04  4.32e-03 4.55e-10  2.82e-05   308s
 104   9.77533303e+04  9.77432574e+04  4.32e-03 4.58e-09  2.80e-05   311s
 105   9.77526150e+04  9.77438404e+04  4.39e-03 2.85e-09  2.50e-05   317s
 106   9.77521260e+04  9.77440848e+04  4.56e-03 1.43e-09  2.31e-05   323s
 107   9.77520298e+04  9.77441135e+04  4.80e-03 7.78e-10  2.28e-05   328s
 108   9.77520249e+04  9.77440849e+04  5.27e-03 2.80e-10  2.28e-05   330s
 109   9.77518994e+04  9.77439396e+04  5.25e-03 4.59e-09  2.24e-05   332s
 110   9.77514545e+04  9.77443480e+04  5.12e-03 2.66e-09  2.05e-05   336s
 111   9.77513998e+04  9.77443853e+04  5.15e-03 2.08e-09  2.03e-05   339s
 112   9.77513444e+04  9.77444198e+04  5.19e-03 1.43e-09  2.01e-05   341s
 113   9.77513257e+04  9.77444460e+04  4.90e-03 1.14e-09  1.99e-05   345s
 114   9.77511002e+04  9.77445190e+04  4.96e-03 8.98e-10  1.93e-05   351s
 115   9.77509360e+04  9.77444669e+04  5.56e-03 2.77e-09  1.88e-05   353s
 116   9.77507940e+04  9.77445105e+04  5.66e-03 2.23e-09  1.83e-05   356s
 117   9.77505708e+04  9.77447493e+04  5.63e-03 1.49e-09  1.73e-05   360s
 118   9.77501953e+04  9.77448453e+04  5.58e-03 1.22e-09  1.60e-05   365s
 119   9.77500864e+04  9.77448323e+04  6.01e-03 2.39e-09  1.55e-05   369s
 120   9.77498676e+04  9.77448695e+04  6.05e-03 1.96e-09  1.48e-05   375s
 121   9.77497355e+04  9.77447207e+04  6.35e-03 4.96e-09  1.43e-05   377s
 122   9.77496205e+04  9.77446779e+04  6.75e-03 5.71e-09  1.40e-05   380s
 123   9.77494744e+04  9.77447712e+04  6.53e-03 3.87e-09  1.34e-05   386s
 124   9.77492604e+04  9.77448973e+04  6.21e-03 3.25e-09  1.26e-05   392s
 125   9.77492416e+04  9.77449232e+04  6.23e-03 2.80e-09  1.25e-05   394s
 126   9.77491122e+04  9.77449196e+04  6.41e-03 2.88e-09  1.22e-05   397s
 127   9.77491086e+04  9.77449303e+04  6.08e-03 2.67e-09  1.21e-05   400s
 128   9.77487789e+04  9.77449681e+04  5.62e-03 2.38e-09  1.10e-05   405s
 129   9.77487073e+04  9.77449332e+04  5.45e-03 3.07e-09  1.08e-05   408s
 130   9.77487006e+04  9.77445258e+04  5.51e-03 2.92e-09  1.08e-05   412s
 131   9.77484188e+04  9.77444188e+04  4.46e-03 4.80e-09  1.02e-05   415s
 132   9.77484052e+04  9.77444254e+04  4.49e-03 4.63e-09  1.02e-05   418s
 133   9.77483400e+04  9.77444954e+04  4.39e-03 4.11e-09  9.91e-06   422s
 134   9.77481581e+04  9.77445684e+04  4.16e-03 3.75e-09  9.23e-06   426s
 135   9.77480882e+04  9.77446978e+04  4.34e-03 2.64e-09  8.99e-06   432s
 136   9.77480300e+04  9.77448379e+04  4.56e-03 1.55e-09  8.78e-06   437s
 137   9.77479863e+04  9.77449282e+04  4.59e-03 1.32e-09  8.61e-06   443s
 138   9.77479274e+04  9.77448743e+04  4.67e-03 7.33e-10  8.37e-06   449s
 139   9.77478316e+04  9.77449297e+04  4.48e-03 6.55e-10  7.98e-06   454s
 140   9.77477632e+04  9.77449779e+04  4.59e-03 5.70e-10  7.74e-06   458s
 141   9.77477605e+04  9.77449778e+04  4.62e-03 5.70e-10  7.74e-06   460s
 142   9.77477399e+04  9.77450349e+04  4.55e-03 1.08e-09  7.66e-06   466s
 143   9.77476853e+04  9.77451797e+04  4.69e-03 1.17e-10  7.46e-06   471s
 144   9.77476232e+04  9.77452008e+04  4.57e-03 1.01e-10  7.20e-06   476s
 145   9.77475866e+04  9.77452664e+04  4.52e-03 8.52e-11  7.04e-06   482s
 146   9.77475489e+04  9.77452264e+04  4.74e-03 1.39e-09  6.92e-06   484s
 147   9.77475376e+04  9.77452236e+04  4.78e-03 1.46e-09  6.89e-06   487s
 148   9.77475340e+04  9.77452265e+04  4.78e-03 1.43e-09  6.88e-06   490s
 149   9.77474938e+04  9.77452271e+04  4.89e-03 1.34e-09  6.74e-06   495s
 150   9.77474714e+04  9.77455077e+04  4.87e-03 8.66e-10  6.62e-06   500s
 151   9.77474625e+04  9.77454313e+04  4.95e-03 8.51e-10  6.61e-06   502s
 152   9.77473225e+04  9.77453793e+04  8.25e-03 2.34e-09  6.47e-06   505s
 153   9.77472299e+04  9.77455086e+04  7.73e-03 1.80e-09  5.98e-06   509s
 154   9.77471651e+04  9.77454993e+04  7.89e-03 2.05e-09  5.81e-06   512s
 155   9.77471632e+04  9.77454887e+04  7.90e-03 1.86e-09  5.80e-06   514s
 156   9.77471433e+04  9.77454650e+04  7.85e-03 1.60e-09  5.71e-06   517s
 157   9.77470950e+04  9.77455740e+04  7.59e-03 8.66e-10  5.47e-06   521s
 158   9.77470774e+04  9.77455708e+04  7.64e-03 8.97e-10  5.42e-06   523s
 159   9.77474932e+04  9.77456361e+04  6.01e-03 8.50e-10  6.10e-06   529s
 160   9.77474425e+04  9.77456547e+04  5.89e-03 7.99e-10  5.89e-06   534s
 161   9.77474229e+04  9.77456879e+04  5.85e-03 6.71e-10  5.80e-06   539s
 162   9.77474099e+04  9.77457005e+04  5.80e-03 6.42e-10  5.74e-06   544s
 163   9.77474009e+04  9.77456876e+04  5.79e-03 5.90e-10  5.70e-06   548s
 164   9.77473771e+04  9.77456649e+04  5.73e-03 4.23e-10  5.57e-06   551s
 165   9.77473104e+04  9.77456884e+04  5.51e-03 3.08e-10  5.30e-06   555s
 166   9.77472454e+04  9.77458201e+04  5.26e-03 2.88e-10  5.06e-06   559s
 167   9.77472205e+04  9.77459256e+04  5.15e-03 2.24e-10  4.92e-06   564s
 168   9.77472039e+04  9.77457099e+04  5.14e-03 2.69e-10  4.83e-06   568s
 169   9.77471865e+04  9.77458862e+04  5.08e-03 2.38e-10  4.76e-06   573s
 170   9.77471510e+04  9.77458817e+04  5.13e-03 1.73e-10  4.64e-06   576s
 171   9.77471494e+04  9.77458762e+04  5.12e-03 3.22e-10  4.63e-06   579s
 172   9.77471437e+04  9.77460141e+04  5.09e-03 2.17e-10  4.72e-06   584s
 173   9.77471400e+04  9.77460909e+04  5.05e-03 1.90e-10  4.67e-06   590s
 174   9.77471140e+04  9.77461437e+04  4.91e-03 1.35e-10  4.49e-06   594s
 175   9.77471130e+04  9.77463646e+04  4.91e-03 2.33e-10  4.44e-06   598s
 176   9.77471076e+04  9.77463053e+04  4.86e-03 2.06e-09  4.40e-06   601s
 177   9.77470858e+04  9.77462765e+04  4.85e-03 7.69e-09  4.30e-06   603s
 178   9.77470746e+04  9.77463056e+04  4.75e-03 2.08e-09  4.23e-06   606s
 179   9.77470603e+04  9.77464927e+04  4.62e-03 5.99e-10  4.14e-06   611s
 180   9.77470605e+04  9.77466242e+04  4.61e-03 4.82e-10  4.15e-06   616s
 181   9.77470583e+04  9.77466113e+04  4.58e-03 4.22e-10  4.13e-06   620s
 182   9.77470497e+04  9.77466342e+04  4.45e-03 3.12e-10  4.06e-06   625s
 183   9.77470457e+04  9.77466886e+04  4.38e-03 9.18e-10  4.04e-06   629s
 184   9.77470439e+04  9.77467201e+04  4.35e-03 1.69e-09  4.04e-06   633s
 185   9.77470413e+04  9.77467210e+04  4.26e-03 1.21e-10  4.02e-06   636s
 186   9.77470383e+04  9.77467168e+04  4.20e-03 1.14e-10  3.98e-06   638s
 187   9.77470381e+04  9.77467415e+04  4.19e-03 1.01e-10  3.99e-06   641s
 188   9.77470365e+04  9.77467524e+04  4.15e-03 9.39e-11  3.96e-06   644s
 189   9.77470352e+04  9.77467555e+04  4.11e-03 8.65e-11  3.95e-06   647s
 190   9.77470328e+04  9.77468465e+04  4.16e-03 1.56e-09  4.04e-06   651s
 191   9.77470346e+04  9.77469294e+04  4.16e-03 2.90e-10  4.02e-06   655s
 192   9.77470391e+04  9.77470279e+04  4.00e-03 2.25e-09  4.03e-06   659s
 193   9.77470445e+04  9.77471285e+04  4.03e-03 2.75e-09  4.03e-06   663s
 194   9.77470433e+04  9.77466925e+04  4.04e-03 5.54e-10  4.00e-06   668s
 195   9.77470403e+04  9.77467187e+04  4.12e-03 1.64e-10  3.94e-06   673s
 196   9.77470325e+04  9.77467280e+04  4.02e-03 2.83e-09  3.89e-06   677s
 197   9.77470312e+04  9.77467505e+04  4.02e-03 2.69e-09  3.88e-06   679s
 198   9.77469900e+04  9.77468010e+04  4.01e-03 1.82e-10  2.56e-06   684s
 199   9.77469895e+04  9.77467965e+04  4.03e-03 1.85e-12  2.55e-06   689s
 200   9.77469877e+04  9.77467889e+04  4.01e-03 3.32e-09  2.54e-06   692s
 201   9.77469881e+04  9.77467980e+04  3.95e-03 3.04e-10  2.54e-06   697s
 202   9.77469832e+04  9.77467923e+04  4.12e-03 2.83e-10  2.44e-06   702s
 203   9.77469796e+04  9.77468079e+04  4.08e-03 2.32e-10  2.33e-06   706s
 204   9.77471530e+04  9.77469664e+04  2.78e-03 3.60e-10  2.50e-06   710s
 205   9.77471571e+04  9.77470474e+04  2.83e-03 1.02e-09  2.51e-06   715s
 206   9.77471582e+04  9.77470590e+04  2.82e-03 2.00e-10  2.48e-06   721s
 207   9.77471564e+04  9.77470576e+04  2.78e-03 1.84e-10  2.44e-06   726s
 208   9.77471629e+04  9.77470715e+04  2.91e-03 3.20e-10  2.35e-06   730s
 209   9.77471652e+04  9.77470894e+04  2.97e-03 1.44e-10  2.16e-06   736s
 210   9.77471688e+04  9.77470941e+04  2.95e-03 1.40e-10  2.09e-06   739s
 211   9.77471693e+04  9.77470996e+04  3.08e-03 1.31e-10  2.02e-06   744s
 212   9.77471716e+04  9.77471043e+04  3.08e-03 1.29e-10  2.01e-06   747s
 213   9.77471707e+04  9.77471142e+04  3.04e-03 1.37e-09  1.99e-06   750s
 214   9.77471710e+04  9.77471188e+04  3.07e-03 5.45e-11  1.97e-06   754s
 215   9.77471703e+04  9.77470728e+04  3.09e-03 4.38e-11  1.95e-06   757s
 216   9.77471753e+04  9.77470937e+04  3.07e-03 4.15e-11  1.93e-06   761s
 217   9.77471793e+04  9.77471017e+04  3.07e-03 4.17e-09  1.93e-06   764s
 218   9.77471826e+04  9.77471068e+04  3.07e-03 8.44e-09  1.93e-06   766s
 219   9.77471806e+04  9.77470282e+04  3.07e-03 1.64e-10  1.94e-06   770s
 220   9.77471787e+04  9.77470024e+04  3.12e-03 1.34e-10  1.92e-06   777s
 221   9.77471742e+04  9.77470039e+04  3.16e-03 1.06e-10  1.86e-06   781s
 222   9.77471727e+04  9.77469620e+04  3.20e-03 1.03e-10  1.86e-06   785s
 223   9.77471756e+04  9.77469664e+04  3.20e-03 4.26e-09  1.86e-06   787s
 224   9.77471751e+04  9.77469779e+04  3.19e-03 1.74e-10  1.85e-06   794s
 225   9.77471738e+04  9.77469949e+04  3.26e-03 1.28e-10  1.82e-06   798s
 226   9.77471695e+04  9.77469952e+04  3.30e-03 1.01e-10  1.77e-06   803s
 227   9.77471696e+04  9.77470211e+04  3.29e-03 1.23e-09  1.75e-06   811s
 228   9.77471651e+04  9.77470304e+04  3.36e-03 9.61e-10  1.66e-06   815s
 229   9.77471638e+04  9.77469946e+04  3.35e-03 9.26e-10  1.65e-06   819s
 230   9.77471634e+04  9.77469910e+04  3.36e-03 9.19e-10  1.65e-06   821s
 231   9.77471659e+04  9.77470384e+04  3.37e-03 6.79e-10  1.67e-06   825s
 232   9.77471615e+04  9.77470438e+04  3.32e-03 4.38e-10  1.53e-06   828s
 233   9.77471618e+04  9.77470515e+04  3.29e-03 4.13e-10  1.51e-06   831s
 234   9.77471642e+04  9.77471274e+04  3.31e-03 1.83e-09  1.51e-06   835s
 235   9.77471625e+04  9.77470044e+04  3.34e-03 1.05e-09  1.50e-06   839s
 236   9.77471631e+04  9.77470075e+04  3.37e-03 1.87e-10  1.49e-06   842s
 237   9.77471638e+04  9.77470131e+04  3.35e-03 1.84e-10  1.49e-06   845s
 238   9.77471642e+04  9.77470176e+04  3.34e-03 2.48e-09  1.48e-06   847s
 239   9.77471646e+04  9.77470203e+04  3.35e-03 3.62e-10  1.48e-06   850s
 240   9.77471647e+04  9.77470309e+04  3.35e-03 2.10e-10  1.48e-06   853s
 241   9.77471643e+04  9.77469395e+04  3.35e-03 1.39e-10  1.48e-06   858s
 242   9.77471644e+04  9.77469416e+04  3.40e-03 1.78e-10  1.47e-06   867s
 243   9.77471643e+04  9.77469848e+04  3.33e-03 9.22e-11  1.46e-06   870s
 244   9.77471642e+04  9.77470095e+04  3.29e-03 5.89e-11  1.45e-06   873s
 245   9.77471650e+04  9.77470782e+04  3.24e-03 5.13e-11  1.44e-06   880s
 246   9.77471514e+04  9.77470670e+04  3.24e-03 1.93e-09  1.44e-06   882s
 247   9.77471504e+04  9.77469183e+04  3.27e-03 1.04e-10  1.48e-06   887s
 248   9.77471527e+04  9.77469488e+04  3.28e-03 1.08e-10  1.46e-06   891s
 249   9.77471512e+04  9.77469581e+04  3.29e-03 8.97e-11  1.41e-06   895s
 250   9.77471524e+04  9.77469914e+04  3.27e-03 8.35e-11  1.40e-06   899s
 251   9.77471521e+04  9.77470220e+04  3.26e-03 6.40e-11  1.37e-06   904s
 252   9.77471514e+04  9.77470202e+04  3.25e-03 5.87e-11  1.36e-06   907s
 253   9.77471515e+04  9.77470291e+04  3.25e-03 5.51e-11  1.35e-06   912s
 254   9.77471521e+04  9.77470496e+04  3.20e-03 5.28e-11  1.35e-06   915s
 255   9.77471510e+04  9.77470465e+04  3.22e-03 4.95e-11  1.34e-06   922s
 256   9.77471503e+04  9.77469128e+04  3.20e-03 4.48e-11  1.34e-06   924s
 257   9.77471494e+04  9.77469279e+04  3.20e-03 3.99e-11  1.32e-06   930s
 258   9.77471486e+04  9.77469379e+04  3.22e-03 3.32e-11  1.31e-06   935s
 259   9.77471476e+04  9.77469468e+04  3.22e-03 3.08e-11  1.29e-06   940s
 260   9.77471466e+04  9.77469508e+04  3.24e-03 2.97e-11  1.28e-06   944s
 261   9.77471445e+04  9.77469510e+04  3.26e-03 9.37e-11  1.26e-06   947s
 262   9.77471449e+04  9.77469545e+04  3.23e-03 1.33e-09  1.26e-06   949s
 263   9.77471452e+04  9.77469764e+04  3.19e-03 1.14e-09  1.27e-06   954s
 264   9.77471426e+04  9.77467865e+04  3.22e-03 3.17e-10  1.25e-06   959s
 265   9.77471425e+04  9.77467905e+04  3.22e-03 4.42e-09  1.24e-06   961s
 266   9.77471379e+04  9.77467543e+04  3.22e-03 3.31e-09  1.26e-06   965s
 267   9.77471365e+04  9.77467558e+04  3.22e-03 4.04e-11  1.25e-06   970s
 268   9.77471372e+04  9.77468779e+04  3.21e-03 1.61e-09  1.25e-06   974s
 269   9.77471345e+04  9.77468303e+04  3.23e-03 3.20e-10  1.23e-06   979s
 270   9.77471337e+04  9.77468319e+04  3.25e-03 2.60e-11  1.23e-06   983s
 271   9.77471328e+04  9.77468406e+04  3.23e-03 2.49e-11  1.21e-06   989s
 272   9.77471329e+04  9.77468468e+04  3.23e-03 4.98e-09  1.21e-06   992s
 273   9.77471316e+04  9.77468765e+04  3.24e-03 1.57e-09  1.19e-06   996s
 274   9.77471308e+04  9.77468769e+04  3.25e-03 5.07e-09  1.18e-06   998s
 275   9.77471263e+04  9.77468448e+04  3.19e-03 3.63e-09  1.17e-06  1002s
 276   9.77471249e+04  9.77467987e+04  3.22e-03 1.35e-10  1.17e-06  1006s
 277   9.77471237e+04  9.77468029e+04  3.22e-03 2.19e-09  1.16e-06  1010s
 278   9.77471257e+04  9.77468160e+04  3.22e-03 4.24e-10  1.16e-06  1012s
 279   9.77471249e+04  9.77468199e+04  3.24e-03 1.02e-09  1.16e-06  1014s
 280   9.77472113e+04  9.77470044e+04  3.18e-03 5.02e-10  1.17e-06  1022s
 281   9.77472105e+04  9.77469915e+04  3.21e-03 4.27e-10  1.17e-06  1024s
 282   9.77472030e+04  9.77468810e+04  3.22e-03 2.90e-10  1.17e-06  1032s
 283   9.77472026e+04  9.77469005e+04  3.25e-03 2.59e-10  1.16e-06  1038s
 284   9.77472003e+04  9.77468678e+04  3.28e-03 1.03e-10  1.14e-06  1042s
 285   9.77471992e+04  9.77468758e+04  3.30e-03 2.14e-09  1.14e-06  1045s
 286   9.77471965e+04  9.77468610e+04  3.32e-03 1.87e-09  1.13e-06  1049s
 287   9.77471945e+04  9.77468648e+04  3.33e-03 1.72e-10  1.12e-06  1053s
 288   9.77471925e+04  9.77468824e+04  3.31e-03 1.25e-10  1.11e-06  1056s
 289   9.77471920e+04  9.77468817e+04  3.31e-03 1.25e-10  1.11e-06  1059s

Barrier performed 289 iterations in 1059.16 seconds (1297.81 work units)
Sub-optimal termination - objective 9.77471249e+04

Crossover log...

  226992 variables added to crossover basis                     1060s

  106385 DPushes remaining with DInf 0.0000000e+00              1061s
   14824 DPushes remaining with DInf 0.0000000e+00              1074s
   11465 DPushes remaining with DInf 0.0000000e+00              1076s
    3814 DPushes remaining with DInf 0.0000000e+00              1081s
    1971 DPushes remaining with DInf 0.0000000e+00              1085s
     436 DPushes remaining with DInf 0.0000000e+00              1090s
       0 DPushes remaining with DInf 0.0000000e+00              1094s

  302252 PPushes remaining with PInf 5.3057467e+03              1094s
  278820 PPushes remaining with PInf 3.9912317e+03              1107s
  273056 PPushes remaining with PInf 3.9332677e+03              1111s
  269336 PPushes remaining with PInf 3.9077497e+03              1115s
  252473 PPushes remaining with PInf 3.4506467e+03              1137s
  245420 PPushes remaining with PInf 3.4503224e+03              1146s
  240597 PPushes remaining with PInf 3.4488177e+03              1153s
  234020 PPushes remaining with PInf 3.4457713e+03              1162s
  230748 PPushes remaining with PInf 3.4444334e+03              1166s
  226332 PPushes remaining with PInf 3.4254746e+03              1171s
  219753 PPushes remaining with PInf 3.4192820e+03              1178s
  209831 PPushes remaining with PInf 3.4172649e+03              1189s
  209396 PPushes remaining with PInf 3.4074100e+03              1190s
  202728 PPushes remaining with PInf 3.3710299e+03              1197s
  194846 PPushes remaining with PInf 3.1436450e+03              1205s
  179270 PPushes remaining with PInf 3.1429992e+03              1220s
  176328 PPushes remaining with PInf 3.1697095e+03              1223s
  172610 PPushes remaining with PInf 3.1469167e+03              1225s
  154568 PPushes remaining with PInf 3.0714021e+03              1245s
  144980 PPushes remaining with PInf 3.0394190e+03              1258s
  137916 PPushes remaining with PInf 3.0360508e+03              1266s
  133904 PPushes remaining with PInf 2.7440342e+03              1271s
  128584 PPushes remaining with PInf 2.7437298e+03              1275s
  122700 PPushes remaining with PInf 2.7432465e+03              1282s
  119959 PPushes remaining with PInf 2.7419833e+03              1285s
  113218 PPushes remaining with PInf 2.7437752e+03              1292s
  110128 PPushes remaining with PInf 2.7399362e+03              1296s
  105518 PPushes remaining with PInf 2.3774738e+03              1301s
  101153 PPushes remaining with PInf 2.3400939e+03              1305s
   95047 PPushes remaining with PInf 2.0762434e+03              1310s
   87748 PPushes remaining with PInf 1.8592582e+03              1316s
   82459 PPushes remaining with PInf 1.8578718e+03              1322s
   78086 PPushes remaining with PInf 1.8532239e+03              1327s
   75874 PPushes remaining with PInf 1.8530920e+03              1330s
   67820 PPushes remaining with PInf 1.8523163e+03              1340s
   59519 PPushes remaining with PInf 1.8519307e+03              1346s
   55407 PPushes remaining with PInf 1.8517423e+03              1350s
   50960 PPushes remaining with PInf 1.8476471e+03              1356s
   35292 PPushes remaining with PInf 1.8206119e+03              1372s
   29308 PPushes remaining with PInf 1.8222469e+03              1376s
   25447 PPushes remaining with PInf 1.8156223e+03              1380s
   13737 PPushes remaining with PInf 1.7858903e+03              1392s
    4583 PPushes remaining with PInf 1.7859782e+03              1403s
     778 PPushes remaining with PInf 1.7814985e+03              1406s
       0 PPushes remaining with PInf 1.7889414e+03              1407s

  Push phase complete: Pinf 1.7889414e+03, Dinf 8.6871276e+06   1407s

Iteration    Objective       Primal Inf.    Dual Inf.      Time
  352193    9.7734842e+04   0.000000e+00   8.687128e+06   1407s
  352473    9.7734837e+04   0.000000e+00   2.851856e+07   1412s
  352803    9.7734823e+04   0.000000e+00   1.192533e+09   1417s
  353023    9.7734749e+04   0.000000e+00   3.657550e+07   1422s
  353303    9.7734668e+04   0.000000e+00   3.857333e+07   1426s
  353563    9.7734658e+04   0.000000e+00   9.301169e+06   1431s
  353873    9.7734610e+04   0.000000e+00   1.159358e+07   1435s
  354123    9.7734563e+04   0.000000e+00   1.442435e+07   1440s
  354891    9.7733905e+04   0.000000e+00   2.713266e+08   1446s
  355291    9.7733896e+04   0.000000e+00   9.190468e+06   1451s
  355591    9.7733870e+04   0.000000e+00   3.792334e+07   1456s
  355891    9.7733843e+04   0.000000e+00   1.267141e+07   1460s
  356341    9.7733778e+04   0.000000e+00   4.993368e+06   1467s
  356611    9.7733737e+04   0.000000e+00   1.740977e+06   1471s
  356961    9.7733706e+04   0.000000e+00   7.013045e+08   1475s
  357371    9.7733655e+04   0.000000e+00   5.370316e+07   1482s
  357711    9.7733583e+04   0.000000e+00   2.081031e+06   1487s
  358011    9.7733528e+04   0.000000e+00   8.562524e+08   1491s
  358361    9.7733439e+04   0.000000e+00   1.376872e+06   1496s
  358641    9.7733399e+04   0.000000e+00   4.899871e+07   1501s
  359031    9.7733314e+04   0.000000e+00   9.930034e+06   1505s
  359831    9.7732873e+04   0.000000e+00   3.966966e+05   1512s
  360181    9.7732855e+04   0.000000e+00   2.111702e+06   1516s
  360551    9.7732826e+04   0.000000e+00   4.200318e+06   1520s
  361021    9.7732771e+04   0.000000e+00   2.671090e+05   1526s
  361351    9.7732758e+04   0.000000e+00   6.273277e+06   1531s
  362011    9.7732648e+04   0.000000e+00   1.081085e+07   1537s
  362301    9.7732598e+04   0.000000e+00   1.069790e+08   1541s
  362641    9.7732416e+04   0.000000e+00   1.365798e+08   1546s
  362931    9.7732285e+04   0.000000e+00   9.991329e+06   1550s
  363421    9.7732241e+04   0.000000e+00   3.052272e+06   1557s
  363811    9.7732180e+04   0.000000e+00   1.686152e+09   1561s
  364715    9.7731936e+04   0.000000e+00   6.186715e+05   1565s
  365275    9.7731853e+04   0.000000e+00   2.037358e+07   1572s
  366169    9.7731586e+04   0.000000e+00   2.162186e+08   1576s
  366539    9.7731568e+04   0.000000e+00   9.359046e+05   1581s
  367169    9.7731457e+04   0.000000e+00   1.114340e+05   1587s
  367719    9.7731424e+04   0.000000e+00   1.227350e+08   1591s
  368339    9.7731367e+04   0.000000e+00   1.363112e+06   1597s
  368739    9.7731231e+04   0.000000e+00   1.276507e+08   1601s
  369429    9.7730994e+04   0.000000e+00   8.648844e+07   1607s
  369949    9.7730920e+04   0.000000e+00   1.197308e+04   1611s
  370669    9.7730850e+04   0.000000e+00   8.899859e+06   1617s
  371186    9.7730692e+04   0.000000e+00   3.431471e+08   1620s
  371776    9.7730639e+04   0.000000e+00   8.531245e+05   1626s
  372216    9.7730586e+04   0.000000e+00   5.394893e+06   1630s
  372973    9.7730439e+04   0.000000e+00   6.204404e+04   1636s
  373573    9.7730371e+04   0.000000e+00   9.297715e+05   1642s
  374083    9.7730345e+04   0.000000e+00   9.368596e+07   1645s
  374923    9.7730275e+04   0.000000e+00   3.548863e+04   1651s
  375723    9.7730134e+04   0.000000e+00   2.917442e+05   1657s
  376260    9.7730030e+04   0.000000e+00   2.509319e+06   1660s
  376880    9.7729872e+04   0.000000e+00   5.920750e+05   1666s
  377350    9.7729644e+04   0.000000e+00   3.967439e+06   1671s
  377940    9.7729425e+04   0.000000e+00   6.962319e+05   1677s
  378480    9.7729303e+04   0.000000e+00   1.395418e+05   1681s
  379150    9.7729159e+04   0.000000e+00   1.855321e+06   1687s
  379677    9.7729136e+04   0.000000e+00   4.476798e+06   1690s
  380394    9.7729029e+04   0.000000e+00   4.780484e+05   1696s
  381161    9.7728942e+04   0.000000e+00   8.240802e+05   1702s
  381531    9.7728886e+04   0.000000e+00   3.578262e+05   1706s
  382211    9.7728453e+04   0.000000e+00   1.568729e+07   1712s
  382711    9.7728412e+04   0.000000e+00   1.142319e+07   1716s
  383491    9.7728321e+04   0.000000e+00   2.274327e+03   1721s
  384328    9.7728280e+04   0.000000e+00   7.074107e+05   1727s
  384808    9.7728243e+04   0.000000e+00   1.530177e+04   1730s
  385712    9.7728178e+04   0.000000e+00   1.316953e+06   1736s
  386282    9.7728119e+04   0.000000e+00   3.960998e+03   1741s
  386822    9.7727996e+04   0.000000e+00   5.539798e+05   1745s
  387542    9.7727770e+04   0.000000e+00   2.144936e+05   1751s
  388416    9.7727754e+04   0.000000e+00   2.227143e+03   1756s
  389283    9.7727710e+04   0.000000e+00   3.627059e+03   1761s
  389833    9.7727589e+04   0.000000e+00   6.012620e+05   1765s
  390650    9.7727464e+04   0.000000e+00   3.396105e+05   1771s
  391300    9.7726562e+04   0.000000e+00   1.125194e+05   1776s
  392137    9.7726424e+04   0.000000e+00   4.486153e+05   1781s
  392597    9.7726362e+04   0.000000e+00   5.010331e+05   1785s
  393491    9.7726313e+04   0.000000e+00   4.864949e+04   1791s
  394301    9.7726269e+04   0.000000e+00   3.327626e+04   1796s
  395175    9.7726233e+04   0.000000e+00   1.668330e+05   1801s
  396089    9.7726188e+04   0.000000e+00   2.813239e+04   1806s
  396963    9.7726160e+04   0.000000e+00   8.179238e+06   1811s
  397750    9.7725967e+04   0.000000e+00   5.582946e+03   1816s
  398357    9.7725929e+04   0.000000e+00   6.323311e+03   1820s
  399531    9.7725862e+04   0.000000e+00   1.002332e+05   1826s
  400445    9.7725839e+04   0.000000e+00   7.091262e+03   1831s
  401205    9.7725782e+04   0.000000e+00   5.633950e+05   1837s
  401645    9.7725726e+04   0.000000e+00   2.817214e+07   1840s
  402489    9.7725701e+04   0.000000e+00   9.891016e+02   1845s
  403299    9.7725633e+04   0.000000e+00   4.219339e+04   1850s
  404156    9.7725586e+04   0.000000e+00   1.478439e+04   1855s
  405000    9.7725553e+04   0.000000e+00   9.794652e+04   1861s
  405670    9.7725520e+04   0.000000e+00   2.339995e+03   1866s
  406520    9.7725508e+04   0.000000e+00   5.330793e+03   1871s
  406960    9.7725499e+04   0.000000e+00   4.360014e+02   1875s
  407750    9.7725488e+04   0.000000e+00   4.958183e+01   1880s
  408547    9.7725478e+04   0.000000e+00   8.016020e+03   1886s
  409401    9.7725475e+04   0.000000e+00   1.180971e+00   1891s
  410571    9.7759954e+04   5.852212e+03   0.000000e+00   1898s
  410831    9.7761398e+04   3.065762e+03   0.000000e+00   1902s
  411111    9.7761486e+04   4.492329e+03   0.000000e+00   1905s
  411741    9.7764200e+04   1.621438e+05   0.000000e+00   1912s
  412001    9.7764648e+04   1.799489e+04   0.000000e+00   1916s
  412631    9.7764654e+04   2.247094e+04   0.000000e+00   1923s
  412921    9.7764657e+04   2.012081e+04   0.000000e+00   1927s
  413211    9.7764659e+04   1.980397e+04   0.000000e+00   1930s
  413741    9.7764663e+04   1.979550e+04   0.000000e+00   1937s
  413991    9.7764664e+04   1.968178e+04   0.000000e+00   1940s
  414614    9.7766538e+04   2.293319e+05   0.000000e+00   1947s
  414884    9.7766818e+04   3.664037e+05   0.000000e+00   1951s
  415374    9.7767113e+04   1.256745e+05   0.000000e+00   1958s
  415654    9.7767559e+04   5.175504e+04   0.000000e+00   1962s
  415944    9.7767643e+04   3.454550e+04   0.000000e+00   1966s
  416294    9.7767861e+04   4.114289e+05   0.000000e+00   1970s
  416804    9.7768592e+04   4.780430e+05   0.000000e+00   1978s
  417094    9.7769034e+04   7.530820e+04   0.000000e+00   1981s
  417754    9.7769892e+04   5.730976e+05   0.000000e+00   1988s
  417974    9.7769893e+04   6.481232e+05   0.000000e+00   1991s
  418414    9.7769983e+04   6.551810e+05   0.000000e+00   1998s
  418634    9.7770196e+04   3.052406e+06   0.000000e+00   2002s
  419174    9.7770443e+04   2.751807e+05   0.000000e+00   2008s
  419594    9.7770471e+04   2.711994e+05   0.000000e+00   2012s
  420174    9.7770581e+04   2.910312e+05   0.000000e+00   2018s
  420481    9.7771348e+04   2.613238e+05   0.000000e+00   2020s
  421271    9.7771561e+04   3.083159e+05   0.000000e+00   2027s
  421561    9.7771608e+04   3.167470e+04   0.000000e+00   2030s
  422571    9.7771937e+04   2.398200e+04   0.000000e+00   2037s
  423111    9.7772173e+04   2.403918e+04   0.000000e+00   2041s
  423601    9.7772253e+04   1.712004e+03   0.000000e+00   2047s
  423841    9.7772279e+04   5.955729e+04   0.000000e+00   2051s
  424361    9.7772353e+04   6.198458e+03   0.000000e+00   2058s
  424611    9.7772416e+04   3.258240e+03   0.000000e+00   2062s
  424891    9.7772487e+04   1.212254e+03   0.000000e+00   2065s
  425507    9.7773110e+04   4.879601e+05   0.000000e+00   2070s
  426144    9.7773492e+04   6.731187e+04   0.000000e+00   2077s
  426434    9.7773549e+04   1.830710e+05   0.000000e+00   2080s
  426954    9.7773604e+04   2.189422e+04   0.000000e+00   2088s
  427244    9.7773677e+04   4.962575e+04   0.000000e+00   2092s
  427494    9.7773708e+04   1.725953e+03   0.000000e+00   2097s
  427794    9.7773724e+04   1.830494e+04   0.000000e+00   2101s
  428321    9.7773884e+04   6.289542e+04   0.000000e+00   2107s
  428935    9.7774361e+04   2.110314e+03   0.000000e+00   2110s
  429425    9.7774459e+04   1.216532e+03   0.000000e+00   2117s
  429665    9.7774468e+04   2.958862e+03   0.000000e+00   2121s
  430279    9.7775398e+04   2.114178e+03   0.000000e+00   2126s
  430893    9.7775538e+04   5.977944e+03   0.000000e+00   2132s
  431200    9.7775612e+04   6.555720e+02   0.000000e+00   2135s
  432104    9.7775675e+04   1.727289e+00   0.000000e+00   2142s
  432636    9.7775678e+04   0.000000e+00   0.000000e+00   2145s

Use crossover to convert LP symmetric solution to basic solution...
Crossover log...

   11272 DPushes remaining with DInf 0.0000000e+00              2147s
    2148 DPushes remaining with DInf 0.0000000e+00              2150s
     844 DPushes remaining with DInf 0.0000000e+00              2157s
     192 DPushes remaining with DInf 0.0000000e+00              2163s
       0 DPushes remaining with DInf 0.0000000e+00              2165s

   24940 PPushes remaining with PInf 0.0000000e+00              2165s
   24193 PPushes remaining with PInf 0.0000000e+00              2165s
       0 PPushes remaining with PInf 0.0000000e+00              2169s

  Push phase complete: Pinf 0.0000000e+00, Dinf 1.5053287e-10   2169s

Iteration    Objective       Primal Inf.    Dual Inf.      Time
  468807    9.7775678e+04   0.000000e+00   1.331532e-06   2172s
Extra simplex iterations after uncrush: 1
  468808    9.7775678e+04   0.000000e+00   0.000000e+00   2173s

Solved in 468808 iterations and 2173.42 seconds (2514.76 work units)
Optimal objective  9.777567770e+04

User-callback calls 648134, time in user-callback 2.64 sec
