
Gurobi 12.0.1 (linux64) logging started mer. 10 juin 2026 16:01:30

Set parameter LogFile to value "Results_ID_73/Run_73_2026-06-10.log"

Gurobi 12.0.1 (linux64) logging started mer. 10 juin 2026 16:01:30

Set parameter LogFile to value "Results_ID_73/Run_73_2026-06-10.log"
Gurobi Optimizer version 12.0.1 build v12.0.1rc0 (linux64 - "Ubuntu 24.04.3 LTS")

CPU model: Intel(R) Xeon(R) Silver 4214R CPU @ 2.40GHz, instruction set [SSE2|AVX|AVX2|AVX512]
Thread count: 24 physical cores, 48 logical processors, using up to 48 threads

Non-default parameters:
Method  2
BarHomogeneous  1
Threads  48

Optimize a model with 2288468 rows, 5730439 columns and 11341531 nonzeros
Model fingerprint: 0x1774847f
Coefficient statistics:
  Matrix range     [3e-05, 6e+03]
  Objective range  [1e+00, 1e+04]
  Bounds range     [0e+00, 0e+00]
  RHS range        [8e-06, 1e+06]
Presolve removed 1877001 rows and 5293210 columns (presolve time = 5s)...
Presolve removed 1906288 rows and 5298417 columns
Presolve time: 6.55s
Presolved: 382180 rows, 432022 columns, 2733142 nonzeros

Elapsed ordering time = 5s
Ordering time: 12.56s

Barrier statistics:
 Dense cols : 48
 AA' NZ     : 1.741e+07
 Factor NZ  : 1.580e+08 (roughly 1.6 GB of memory)
 Factor Ops : 1.518e+11 (roughly 1 second per iteration)
 Threads    : 48

                  Objective                Residual
Iter       Primal          Dual         Primal    Dual     Compl     Time
   0   1.70946297e+14 -9.62838504e+13  1.17e+11 6.70e+02  5.89e+11    24s
   1   1.49422720e+14 -9.27223928e+13  1.02e+11 4.20e+03  5.18e+11    25s
   2   1.32080839e+14 -9.98476040e+13  8.96e+10 4.03e+03  4.59e+11    26s
   3   1.04483115e+14 -1.16691134e+14  6.80e+10 3.30e+03  3.59e+11    27s
   4   3.18084533e+13 -4.87963023e+13  2.00e+10 1.39e+03  5.19e+10    28s
   5   9.74407743e+12 -2.20978527e+13  5.33e+09 6.44e+02  8.78e+09    29s
   6   5.30762304e+12 -1.09973083e+13  2.47e+09 3.34e+02  2.99e+09    31s
   7   3.11020383e+12 -5.14392066e+12  1.16e+09 1.70e+02  1.08e+09    32s
   8   2.41176608e+12 -2.75003584e+12  7.24e+08 1.02e+02  5.88e+08    33s
   9   1.73073573e+12 -1.71165591e+12  3.82e+08 7.09e+01  3.17e+08    35s
  10   1.06258320e+12 -6.83895113e+11  1.75e+08 3.81e+01  1.19e+08    37s
  11   7.53838104e+11 -4.42093861e+11  1.04e+08 2.90e+01  6.68e+07    38s
  12   4.64950629e+11 -1.06830679e+11  5.05e+07 1.45e+01  2.40e+07    40s
  13   2.31242875e+11 -3.99808844e+10  2.19e+07 8.26e+00  7.95e+06    41s
  14   1.28605196e+11 -8.85969979e+09  1.02e+07 3.00e+00  2.11e+06    43s
  15   6.32855937e+10 -4.83272387e+09  4.88e+06 2.01e+00  8.72e+05    44s
  16   2.42171855e+10 -1.26201801e+09  1.82e+06 6.90e-01  1.99e+05    46s
  17   1.39525385e+10 -5.76272438e+08  1.04e+06 4.15e-01  9.62e+04    47s
  18   1.01297420e+10 -2.51910312e+08  7.49e+05 2.25e-01  5.59e+04    49s
  19   6.11770744e+09 -1.65401968e+08  4.50e+05 1.58e-01  3.20e+04    50s
  20   2.63190268e+09 -9.38060218e+07  1.93e+05 8.81e-02  1.29e+04    51s
  21   1.86985511e+09 -6.94455269e+07  1.36e+05 6.51e-02  8.82e+03    53s
  22   1.42088982e+09 -5.09119876e+07  1.04e+05 5.00e-02  6.42e+03    54s
  23   1.25849469e+09 -3.00796485e+07  9.17e+04 3.02e-02  4.97e+03    55s
  24   4.71436370e+08 -1.87800303e+07  3.43e+04 1.86e-02  1.93e+03    56s
  25   2.98868982e+08 -8.81726340e+06  2.18e+04 8.11e-03  1.07e+03    58s
  26   1.99699370e+08 -5.74122934e+06  1.46e+04 4.39e-03  6.72e+02    59s
  27   1.08805321e+08 -3.63705306e+06  7.98e+03 2.47e-03  3.60e+02    61s
  28   1.02638788e+08 -2.90618943e+06  7.52e+03 1.93e-03  3.29e+02    62s
  29   6.78809209e+07 -2.47522746e+06  4.98e+03 1.60e-03  2.23e+02    63s
  30   3.92128367e+07 -1.88264482e+06  2.90e+03 1.08e-03  1.31e+02    64s
  31   3.23901270e+07 -1.70863160e+06  2.40e+03 9.38e-04  1.08e+02    66s
  32   2.14015247e+07 -1.14895660e+06  1.60e+03 4.81e-04  6.80e+01    67s
  33   1.25817993e+07 -7.86940637e+05  9.49e+02 2.67e-04  3.92e+01    69s
  34   6.44604544e+06 -4.90607891e+05  4.91e+02 1.35e-04  1.97e+01    71s
  35   4.73339629e+06 -3.32096384e+05  3.61e+02 9.03e-05  1.40e+01    72s
  36   3.43325311e+06 -3.01478663e+05  2.60e+02 8.24e-05  1.04e+01    74s
  37   2.75068096e+06 -2.89039197e+05  2.10e+02 7.70e-05  8.54e+00    75s
  38   2.48611465e+06 -2.59022359e+05  1.90e+02 6.82e-05  7.64e+00    77s
  39   1.84270048e+06 -1.67909425e+05  1.41e+02 4.11e-05  5.34e+00    78s
  40   1.24639172e+06 -1.09559854e+05  9.51e+01 2.66e-05  3.50e+00    80s
  41   9.59922677e+05 -6.58637684e+04  7.29e+01 1.79e-05  2.57e+00    82s
  42   8.14925551e+05 -4.73395088e+04  6.16e+01 1.47e-05  2.14e+00    84s
  43   6.12072554e+05 -3.15854705e+04  4.55e+01 1.21e-05  1.58e+00    86s
  44   5.65805018e+05 -2.62168962e+04  4.18e+01 1.15e-05  1.46e+00    88s
  45   4.35300579e+05 -8.95915790e+03  3.12e+01 9.24e-06  1.08e+00    90s
  46   4.10651947e+05  3.50183705e+03  2.88e+01 7.66e-06  9.83e-01    92s
  47   3.86714463e+05  5.73625355e+03  2.63e+01 7.49e-06  9.18e-01    94s
  48   3.76268218e+05  1.51297142e+04  2.51e+01 6.42e-06  8.63e-01    96s
  49   3.25742729e+05  2.20643028e+04  2.08e+01 5.86e-06  7.26e-01    98s
  50   2.91715563e+05  3.79953130e+04  1.79e+01 4.32e-06  6.00e-01   100s
  51   2.57673428e+05  4.61842138e+04  1.50e+01 3.70e-06  4.97e-01   102s
  52   2.49135600e+05  5.07435498e+04  1.41e+01 3.37e-06  4.67e-01   104s
  53   2.35634632e+05  5.44993327e+04  1.28e+01 3.05e-06  4.26e-01   106s
  54   2.21707613e+05  6.05031723e+04  1.16e+01 2.69e-06  3.78e-01   109s
  55   2.16357838e+05  6.16990524e+04  1.05e+01 2.60e-06  3.57e-01   112s
  56   2.14278208e+05  6.24085208e+04  1.02e+01 2.53e-06  3.50e-01   114s
  57   2.11603907e+05  6.27305103e+04  9.91e+00 2.53e-06  3.42e-01   115s
  58   1.93464203e+05  6.61077780e+04  8.54e+00 2.34e-06  2.91e-01   117s
  59   1.92820827e+05  6.63458930e+04  8.06e+00 2.31e-06  2.86e-01   120s
  60   1.85241799e+05  7.08588962e+04  7.43e+00 2.07e-06  2.58e-01   123s
  61   1.78277931e+05  7.19665695e+04  5.96e+00 1.98e-06  2.32e-01   124s
  62   1.64425274e+05  7.87853569e+04  4.94e+00 1.51e-06  1.85e-01   126s
  63   1.50310843e+05  8.31001061e+04  3.93e+00 1.37e-06  1.44e-01   128s
  64   1.34241434e+05  8.45286106e+04  2.77e+00 1.33e-06  1.05e-01   130s
  65   1.27374181e+05  8.67524449e+04  2.27e+00 1.26e-06  8.57e-02   134s
  66   1.21289781e+05  8.89714820e+04  1.82e+00 1.15e-06  6.78e-02   137s
  67   1.19742550e+05  9.02958794e+04  1.70e+00 1.09e-06  6.19e-02   141s
  68   1.13267425e+05  9.11073216e+04  1.21e+00 1.05e-06  4.61e-02   143s
  69   1.11995121e+05  9.21700934e+04  1.11e+00 9.85e-07  4.13e-02   148s
  70   1.10135858e+05  9.32390213e+04  9.69e-01 9.13e-07  3.52e-02   152s
  71   1.07932816e+05  9.41898213e+04  7.98e-01 8.38e-07  2.86e-02   155s
  72   1.06796352e+05  9.48621683e+04  7.09e-01 8.28e-07  2.50e-02   158s
  73   1.05318795e+05  9.52572468e+04  5.95e-01 7.81e-07  2.10e-02   161s
  74   1.03600844e+05  9.56982114e+04  4.63e-01 6.90e-07  1.65e-02   164s
  75   1.03513802e+05  9.58403003e+04  4.56e-01 6.49e-07  1.60e-02   169s
  76   1.02289449e+05  9.62071360e+04  3.61e-01 5.50e-07  1.27e-02   171s
  77   1.01930938e+05  9.65018481e+04  3.33e-01 5.02e-07  1.14e-02   175s
  78   1.01306346e+05  9.66642713e+04  2.83e-01 4.72e-07  9.72e-03   178s
  79   1.00951838e+05  9.68469495e+04  2.55e-01 4.12e-07  8.59e-03   181s
  80   1.00407049e+05  9.69632916e+04  2.11e-01 3.69e-07  7.20e-03   186s
  81   1.00113585e+05  9.71481559e+04  1.86e-01 2.67e-07  6.14e-03   190s
  82   1.00003102e+05  9.71809759e+04  1.77e-01 2.60e-07  5.85e-03   192s
  83   9.96085326e+04  9.72540740e+04  1.44e-01 2.31e-07  4.87e-03   195s
  84   9.94616207e+04  9.73484363e+04  1.33e-01 1.81e-07  4.37e-03   198s
  85   9.92667150e+04  9.73589524e+04  1.17e-01 1.75e-07  3.94e-03   201s
  86   9.92105349e+04  9.73800120e+04  1.13e-01 1.62e-07  3.78e-03   204s
  87   9.92471262e+04  9.73814625e+04  1.13e-01 1.60e-07  3.83e-03   206s
  88   9.90748384e+04  9.74223251e+04  9.97e-02 1.51e-07  3.42e-03   209s
  89   9.89826679e+04  9.74318755e+04  9.29e-02 1.46e-07  3.20e-03   212s
  90   9.87606566e+04  9.75791119e+04  7.42e-02 1.43e-07  2.48e-03   216s
  91   9.86933693e+04  9.76101573e+04  6.87e-02 1.28e-07  2.28e-03   220s
  92   9.85524756e+04  9.76535741e+04  5.73e-02 1.04e-07  1.90e-03   225s
  93   9.84631662e+04  9.76759162e+04  5.02e-02 8.99e-08  1.66e-03   228s
  94   9.83906146e+04  9.77229857e+04  5.15e-02 8.15e-08  1.42e-03   231s
  95   9.83010959e+04  9.77473488e+04  4.69e-02 6.12e-08  1.18e-03   235s
  96   9.82041624e+04  9.77686806e+04  3.24e-02 5.12e-08  9.30e-04   238s
  97   9.81168958e+04  9.77928547e+04  2.61e-02 3.97e-08  6.95e-04   242s
  98   9.81006724e+04  9.78050305e+04  2.36e-02 3.44e-08  6.37e-04   245s
  99   9.80837789e+04  9.78047833e+04  3.09e-02 3.50e-08  5.98e-04   248s
 100   9.80312657e+04  9.78236027e+04  2.66e-02 3.06e-08  4.49e-04   252s
 101   9.79822867e+04  9.78289784e+04  3.15e-02 3.24e-08  3.32e-04   255s
 102   9.79621740e+04  9.78370890e+04  2.74e-02 2.64e-08  2.73e-04   258s
 103   9.79569839e+04  9.78533596e+04  2.70e-02 1.88e-08  2.38e-04   262s
 104   9.79437922e+04  9.78645458e+04  2.24e-02 2.00e-08  1.89e-04   266s
 105   9.79258617e+04  9.78676632e+04  2.23e-02 2.07e-08  1.40e-04   270s
 106   9.79163114e+04  9.78720819e+04  2.33e-02 2.13e-08  1.11e-04   273s
 107   9.79164859e+04  9.78743565e+04  2.31e-02 2.12e-08  1.11e-04   277s
 108   9.79156212e+04  9.78746203e+04  2.17e-02 2.12e-08  1.07e-04   283s
 109   9.79161906e+04  9.78760400e+04  2.00e-02 2.07e-08  1.05e-04   285s
 110   9.79126192e+04  9.78778655e+04  1.77e-02 1.94e-08  8.93e-05   290s
 111   9.79125780e+04  9.78775016e+04  1.77e-02 1.95e-08  8.88e-05   293s
 112   9.79125617e+04  9.78772923e+04  1.77e-02 1.95e-08  8.92e-05   296s
 113   9.79125118e+04  9.78775558e+04  1.76e-02 1.95e-08  8.87e-05   305s
 114   9.79124999e+04  9.78776902e+04  1.76e-02 1.95e-08  8.86e-05   309s
 115   9.79124654e+04  9.78778951e+04  1.76e-02 1.95e-08  8.82e-05   314s
 116   9.79123908e+04  9.78780930e+04  1.76e-02 1.95e-08  8.78e-05   320s
 117   9.79123636e+04  9.78782282e+04  1.75e-02 1.95e-08  8.76e-05   327s
 118   9.79123428e+04  9.78783795e+04  1.76e-02 1.95e-08  8.75e-05   330s
 119   9.79122558e+04  9.78785750e+04  1.75e-02 1.95e-08  8.71e-05   335s
 120   9.79121956e+04  9.78786807e+04  1.75e-02 1.95e-08  8.68e-05   339s
 121   9.79121472e+04  9.78789211e+04  1.75e-02 1.94e-08  8.65e-05   343s
 122   9.79121157e+04  9.78790465e+04  1.74e-02 1.95e-08  8.63e-05   347s
 123   9.79121053e+04  9.78779670e+04  1.74e-02 1.95e-08  8.60e-05   349s
 124   9.79120403e+04  9.78782391e+04  1.74e-02 1.93e-08  8.56e-05   357s
 125   9.79119562e+04  9.78783154e+04  1.74e-02 1.94e-08  8.52e-05   365s
 126   9.79119058e+04  9.78782673e+04  1.74e-02 1.94e-08  8.48e-05   368s
 127   9.79118702e+04  9.78783653e+04  1.74e-02 1.94e-08  8.46e-05   373s
 128   9.79117867e+04  9.78784725e+04  1.74e-02 1.94e-08  8.43e-05   380s
 129   9.79117722e+04  9.78783259e+04  1.74e-02 1.94e-08  8.41e-05   382s
 130   9.79117034e+04  9.78785870e+04  1.74e-02 1.93e-08  8.37e-05   389s
 131   9.79117092e+04  9.78796249e+04  1.74e-02 1.93e-08  8.36e-05   391s
 132   9.79116809e+04  9.78797434e+04  1.74e-02 1.93e-08  8.34e-05   395s
 133   9.79116471e+04  9.78798052e+04  1.74e-02 1.93e-08  8.33e-05   401s
 134   9.79116261e+04  9.78799558e+04  1.74e-02 1.93e-08  8.31e-05   407s
 135   9.79115836e+04  9.78800327e+04  1.74e-02 1.93e-08  8.30e-05   414s

Barrier performed 135 iterations in 414.34 seconds (481.31 work units)
Sub-optimal termination - objective 9.79117092e+04

Crossover log...

  235082 DPushes remaining with DInf 0.0000000e+00               415s
   78883 DPushes remaining with DInf 0.0000000e+00               415s
    8672 DPushes remaining with DInf 0.0000000e+00               420s
    4765 DPushes remaining with DInf 0.0000000e+00               425s
    2247 DPushes remaining with DInf 0.0000000e+00               430s
       0 DPushes remaining with DInf 0.0000000e+00               435s

  313708 PPushes remaining with PInf 4.5363743e+03               435s
  288810 PPushes remaining with PInf 4.3268478e+03               448s
  277669 PPushes remaining with PInf 4.2652552e+03               450s
  269832 PPushes remaining with PInf 3.6721440e+03               455s
  264942 PPushes remaining with PInf 3.5313725e+03               461s
  260364 PPushes remaining with PInf 3.0693660e+03               465s
  255482 PPushes remaining with PInf 2.7880958e+03               471s
  250994 PPushes remaining with PInf 2.6753728e+03               475s
  245554 PPushes remaining with PInf 2.5464557e+03               480s
  238639 PPushes remaining with PInf 2.4245557e+03               485s
  229774 PPushes remaining with PInf 2.2736458e+03               490s
  221304 PPushes remaining with PInf 1.8568431e+03               495s
  214315 PPushes remaining with PInf 1.6664378e+03               500s
  204844 PPushes remaining with PInf 1.6304207e+03               507s
  196296 PPushes remaining with PInf 1.6259180e+03               513s
  190179 PPushes remaining with PInf 1.6372946e+03               516s
  184913 PPushes remaining with PInf 1.6164420e+03               520s
  176100 PPushes remaining with PInf 1.5582529e+03               528s
  171203 PPushes remaining with PInf 1.5562867e+03               532s
  167932 PPushes remaining with PInf 1.5595180e+03               535s
  162332 PPushes remaining with PInf 1.5567748e+03               541s
  158480 PPushes remaining with PInf 1.5547493e+03               545s
  152470 PPushes remaining with PInf 1.5809519e+03               552s
  148648 PPushes remaining with PInf 1.5714525e+03               555s
  143907 PPushes remaining with PInf 1.5619953e+03               560s
  139122 PPushes remaining with PInf 1.5607061e+03               565s
  132696 PPushes remaining with PInf 1.5601931e+03               571s
  129041 PPushes remaining with PInf 1.5579060e+03               575s
  124807 PPushes remaining with PInf 1.5323858e+03               580s
  120666 PPushes remaining with PInf 1.5120482e+03               585s
  116821 PPushes remaining with PInf 1.4960756e+03               590s
  112790 PPushes remaining with PInf 1.4805894e+03               596s
  109374 PPushes remaining with PInf 1.4665504e+03               600s
  105120 PPushes remaining with PInf 1.4536596e+03               606s
  101047 PPushes remaining with PInf 1.4204500e+03               610s
   96163 PPushes remaining with PInf 1.3755339e+03               615s
   90874 PPushes remaining with PInf 1.3384287e+03               621s
   84450 PPushes remaining with PInf 1.3381834e+03               627s
   80034 PPushes remaining with PInf 1.3316360e+03               632s
   76858 PPushes remaining with PInf 1.3354460e+03               635s
   70772 PPushes remaining with PInf 1.3368520e+03               642s
   67699 PPushes remaining with PInf 1.3411686e+03               647s
   64236 PPushes remaining with PInf 1.3359381e+03               650s
   60030 PPushes remaining with PInf 1.3350561e+03               655s
   56772 PPushes remaining with PInf 1.3293311e+03               660s
   52917 PPushes remaining with PInf 1.3170845e+03               665s
   50128 PPushes remaining with PInf 1.3059979e+03               670s
   45598 PPushes remaining with PInf 1.2988117e+03               677s
   42263 PPushes remaining with PInf 1.3016424e+03               682s
   37516 PPushes remaining with PInf 1.3034991e+03               689s
   35964 PPushes remaining with PInf 1.3022933e+03               692s
   33418 PPushes remaining with PInf 1.3055690e+03               696s
   30681 PPushes remaining with PInf 1.3085223e+03               701s
   27581 PPushes remaining with PInf 1.2975600e+03               706s
   24716 PPushes remaining with PInf 1.2876290e+03               711s
   21630 PPushes remaining with PInf 1.2849586e+03               716s
   19470 PPushes remaining with PInf 1.2847762e+03               720s
   14819 PPushes remaining with PInf 1.2844584e+03               729s
   11575 PPushes remaining with PInf 1.2854968e+03               735s
    9376 PPushes remaining with PInf 1.2852099e+03               739s
    6809 PPushes remaining with PInf 1.2917082e+03               744s
    5609 PPushes remaining with PInf 1.2905505e+03               746s
    2932 PPushes remaining with PInf 1.2854835e+03               750s
     429 PPushes remaining with PInf 1.2540572e+03               757s
       0 PPushes remaining with PInf 1.2404144e+03               759s

  Push phase complete: Pinf 1.2404144e+03, Dinf 4.1302009e+08    759s

Iteration    Objective       Primal Inf.    Dual Inf.      Time
  443193    9.7710864e+04   0.000000e+00   4.130201e+08    760s
  443303    9.7710714e+04   0.000000e+00   1.194398e+10    763s
  443423    9.7710333e+04   0.000000e+00   1.630442e+10    767s
  443553    9.7708667e+04   0.000000e+00   1.881255e+11    771s
  443833    9.7592571e+04   0.000000e+00   4.651882e+11    779s
  443993    9.7512777e+04   0.000000e+00   2.060595e+09    783s
  444113    9.7512123e+04   0.000000e+00   4.783770e+09    787s
  444233    9.7510976e+04   0.000000e+00   6.634223e+09    791s
  444363    9.7510262e+04   0.000000e+00   9.116543e+09    795s
  444613    9.7509073e+04   0.000000e+00   1.455107e+10    803s
  444733    9.7507984e+04   0.000000e+00   3.205584e+09    806s
  444983    9.7504344e+04   0.000000e+00   8.336051e+09    813s
  445103    9.7502511e+04   0.000000e+00   2.007300e+10    816s
  445343    9.7494921e+04   0.000000e+00   1.921531e+10    823s
  445463    9.7490915e+04   0.000000e+00   7.025159e+09    827s
  445593    9.7482729e+04   0.000000e+00   3.801842e+11    830s
  446117    9.7385248e+04   0.000000e+00   1.692455e+10    836s
  446347    9.7383147e+04   0.000000e+00   3.703393e+08    843s
  446457    9.7383000e+04   0.000000e+00   1.157549e+09    846s
  446707    9.7382201e+04   0.000000e+00   6.212647e+08    852s
  446847    9.7381958e+04   0.000000e+00   1.970077e+09    855s
  447067    9.7380434e+04   0.000000e+00   1.366563e+09    861s
  447287    9.7378969e+04   0.000000e+00   3.066032e+10    867s
  447507    9.7376947e+04   0.000000e+00   1.477027e+12    872s
  447707    9.7371519e+04   0.000000e+00   6.502303e+09    878s
  447817    9.7368958e+04   0.000000e+00   3.564393e+09    880s
  448077    9.7366113e+04   0.000000e+00   4.548428e+07    886s
  448297    9.7365948e+04   0.000000e+00   4.681021e+09    892s
  448527    9.7365749e+04   0.000000e+00   5.845167e+07    897s
  448637    9.7365575e+04   0.000000e+00   6.470148e+08    900s
  449374    9.7362934e+04   0.000000e+00   1.538955e+09    907s
  449988    9.7359467e+04   0.000000e+00   1.331404e+12    911s
  450248    9.7352170e+04   0.000000e+00   2.928285e+08    917s
  450528    9.7352074e+04   0.000000e+00   2.701758e+09    922s
  450738    9.7352036e+04   0.000000e+00   3.178032e+09    925s
  450988    9.7351501e+04   0.000000e+00   2.806602e+10    931s
  451208    9.7350476e+04   0.000000e+00   1.687872e+09    937s
  451438    9.7348882e+04   0.000000e+00   1.217091e+09    943s
  451558    9.7347738e+04   0.000000e+00   1.826666e+09    946s
  451788    9.7344612e+04   0.000000e+00   2.233055e+09    951s
  452038    9.7343847e+04   0.000000e+00   1.206957e+09    957s
  452288    9.7341759e+04   0.000000e+00   7.700522e+09    963s
  452408    9.7341694e+04   0.000000e+00   2.088042e+08    966s
  452709    9.7341386e+04   0.000000e+00   1.358719e+10    972s
  453137    9.7335878e+04   0.000000e+00   2.278883e+10    977s
  453547    9.7328865e+04   0.000000e+00   4.075384e+07    983s
  453777    9.7328729e+04   0.000000e+00   5.873081e+08    986s
  454027    9.7328341e+04   0.000000e+00   2.683609e+09    992s
  454387    9.7324663e+04   0.000000e+00   1.539093e+08    997s
  454517    9.7323647e+04   0.000000e+00   1.401098e+07   1000s
  454787    9.7318367e+04   0.000000e+00   5.909024e+07   1006s
  455027    9.7318222e+04   0.000000e+00   2.347267e+07   1012s
  455277    9.7318135e+04   0.000000e+00   2.984037e+07   1018s
  455407    9.7318118e+04   0.000000e+00   2.397898e+10   1021s
  455677    9.7317903e+04   0.000000e+00   2.602127e+08   1027s
  455797    9.7317837e+04   0.000000e+00   2.788172e+08   1030s
  456147    9.7317449e+04   0.000000e+00   6.649178e+08   1036s
  456507    9.7316825e+04   0.000000e+00   5.545869e+07   1042s
  456767    9.7316681e+04   0.000000e+00   1.934274e+08   1047s
  456897    9.7316504e+04   0.000000e+00   2.141408e+09   1050s
  457167    9.7316225e+04   0.000000e+00   2.691042e+09   1056s
  457417    9.7315870e+04   0.000000e+00   1.153902e+10   1062s
  457667    9.7315519e+04   0.000000e+00   1.076318e+08   1067s
  457797    9.7315149e+04   0.000000e+00   2.939629e+08   1070s
  458077    9.7314745e+04   0.000000e+00   1.835592e+07   1076s
  458347    9.7314548e+04   0.000000e+00   8.228119e+09   1082s
  458577    9.7314452e+04   0.000000e+00   8.692519e+07   1087s
  458697    9.7314393e+04   0.000000e+00   7.616657e+07   1090s
  459107    9.7314207e+04   0.000000e+00   3.926049e+07   1096s
  459337    9.7314121e+04   0.000000e+00   8.476796e+08   1101s
  459587    9.7313881e+04   0.000000e+00   2.271411e+08   1107s
  459827    9.7313599e+04   0.000000e+00   2.556286e+07   1112s
  459937    9.7313493e+04   0.000000e+00   1.614839e+08   1115s
  460167    9.7313210e+04   0.000000e+00   1.857535e+09   1121s
  460447    9.7312189e+04   0.000000e+00   2.910015e+08   1126s
  460927    9.7307705e+04   0.000000e+00   6.566512e+10   1132s
  461157    9.7294938e+04   0.000000e+00   2.025511e+11   1137s
  461377    9.7288456e+04   0.000000e+00   7.838137e+07   1143s
  461497    9.7286663e+04   0.000000e+00   8.767947e+07   1145s
  461737    9.7286375e+04   0.000000e+00   7.786109e+08   1151s
  461997    9.7285795e+04   0.000000e+00   5.657786e+08   1156s
  462267    9.7285066e+04   0.000000e+00   3.307244e+09   1161s
  462477    9.7284756e+04   0.000000e+00   4.973958e+09   1166s
  462697    9.7284352e+04   0.000000e+00   3.439723e+08   1172s
  462927    9.7283967e+04   0.000000e+00   2.627793e+08   1177s
  463147    9.7283580e+04   0.000000e+00   5.053466e+08   1182s
  463367    9.7283358e+04   0.000000e+00   2.158480e+08   1187s
  463477    9.7283277e+04   0.000000e+00   2.416493e+08   1190s
  463717    9.7282769e+04   0.000000e+00   7.722237e+08   1196s
  463937    9.7282522e+04   0.000000e+00   9.370960e+07   1201s
  464187    9.7282364e+04   0.000000e+00   1.176846e+08   1206s
  464447    9.7282231e+04   0.000000e+00   5.378277e+07   1212s
  464697    9.7281973e+04   0.000000e+00   5.984728e+09   1217s
  464927    9.7281542e+04   0.000000e+00   2.065255e+08   1222s
  465167    9.7280604e+04   0.000000e+00   8.800549e+09   1228s
  465287    9.7279910e+04   0.000000e+00   8.614117e+08   1230s
  465547    9.7278677e+04   0.000000e+00   1.501597e+09   1235s
  465777    9.7278511e+04   0.000000e+00   3.382925e+10   1241s
  466017    9.7277792e+04   0.000000e+00   7.632230e+09   1246s
  466267    9.7277435e+04   0.000000e+00   3.704714e+07   1251s
  466487    9.7277366e+04   0.000000e+00   2.214606e+07   1256s
  466737    9.7277261e+04   0.000000e+00   4.293214e+08   1262s
  466977    9.7276835e+04   0.000000e+00   3.334740e+08   1267s
  467197    9.7276115e+04   0.000000e+00   5.344233e+08   1272s
  467307    9.7275624e+04   0.000000e+00   2.292038e+09   1275s
  467537    9.7274400e+04   0.000000e+00   1.727706e+07   1280s
  467947    9.7273797e+04   0.000000e+00   1.029528e+09   1286s
  468177    9.7273682e+04   0.000000e+00   2.812018e+08   1292s
  468457    9.7273215e+04   0.000000e+00   4.217862e+09   1297s
  468687    9.7273020e+04   0.000000e+00   5.666955e+07   1302s
  468937    9.7272774e+04   0.000000e+00   5.699399e+08   1308s
  469057    9.7272716e+04   0.000000e+00   2.282480e+08   1310s
  469307    9.7272524e+04   0.000000e+00   7.889071e+09   1316s
  469577    9.7271886e+04   0.000000e+00   1.352293e+09   1321s
  469817    9.7271585e+04   0.000000e+00   6.872050e+09   1326s
  470067    9.7271344e+04   0.000000e+00   1.025499e+08   1331s
  470307    9.7270911e+04   0.000000e+00   1.486890e+09   1337s
  470547    9.7270139e+04   0.000000e+00   6.997409e+08   1342s
  470787    9.7268999e+04   0.000000e+00   8.160866e+09   1347s
  471017    9.7267682e+04   0.000000e+00   3.014651e+08   1352s
  471257    9.7266889e+04   0.000000e+00   1.885205e+07   1357s
  471367    9.7266850e+04   0.000000e+00   4.300830e+08   1360s
  471597    9.7266343e+04   0.000000e+00   4.394061e+09   1365s
  471837    9.7265057e+04   0.000000e+00   1.481502e+10   1371s
  472087    9.7263380e+04   0.000000e+00   2.729942e+07   1376s
  472317    9.7263291e+04   0.000000e+00   3.984942e+09   1382s
  472557    9.7262990e+04   0.000000e+00   4.367400e+08   1387s
  472807    9.7262284e+04   0.000000e+00   1.268097e+09   1392s
  473057    9.7261319e+04   0.000000e+00   8.258684e+08   1398s
  473167    9.7260766e+04   0.000000e+00   4.728493e+07   1400s
  473397    9.7260338e+04   0.000000e+00   1.038916e+08   1406s
  473657    9.7258919e+04   0.000000e+00   4.704093e+08   1411s
  473877    9.7257541e+04   0.000000e+00   3.121393e+07   1416s
  474117    9.7257327e+04   0.000000e+00   2.814108e+08   1422s
  474367    9.7256068e+04   0.000000e+00   7.254197e+08   1427s
  474617    9.7254342e+04   0.000000e+00   7.698369e+08   1433s
  474747    9.7253683e+04   0.000000e+00   3.367010e+09   1435s
  474967    9.7252894e+04   0.000000e+00   2.743672e+07   1441s
  475227    9.7252777e+04   0.000000e+00   4.705230e+08   1446s
  475467    9.7252295e+04   0.000000e+00   1.813693e+09   1452s
  475707    9.7251190e+04   0.000000e+00   7.762260e+08   1457s
  475827    9.7250737e+04   0.000000e+00   1.213839e+09   1460s
  476057    9.7250508e+04   0.000000e+00   9.025887e+08   1465s
  476317    9.7249086e+04   0.000000e+00   1.477231e+09   1471s
  476567    9.7246400e+04   0.000000e+00   6.500016e+09   1476s
  476807    9.7244174e+04   0.000000e+00   5.557997e+06   1481s
  477037    9.7244038e+04   0.000000e+00   1.195775e+08   1487s
  477287    9.7243906e+04   0.000000e+00   3.580667e+08   1492s
  477547    9.7243279e+04   0.000000e+00   6.674109e+08   1497s
  477797    9.7242484e+04   0.000000e+00   2.379727e+09   1502s
  477917    9.7241997e+04   0.000000e+00   6.781825e+09   1505s
  478137    9.7241530e+04   0.000000e+00   2.409735e+07   1510s
  478377    9.7241403e+04   0.000000e+00   1.540938e+10   1516s
  478597    9.7241240e+04   0.000000e+00   8.755077e+07   1521s
  478827    9.7240929e+04   0.000000e+00   2.657742e+08   1526s
  479087    9.7240294e+04   0.000000e+00   7.718266e+08   1532s
  479347    9.7239255e+04   0.000000e+00   1.285247e+09   1537s
  479737    9.7237414e+04   0.000000e+00   4.694405e+08   1542s
  479967    9.7236646e+04   0.000000e+00   2.066824e+09   1547s
  480087    9.7235934e+04   0.000000e+00   1.233845e+09   1550s
  480347    9.7234365e+04   0.000000e+00   1.708492e+11   1556s
  480587    9.7232840e+04   0.000000e+00   4.949667e+09   1561s
  480857    9.7231636e+04   0.000000e+00   9.117321e+07   1566s
  481087    9.7230437e+04   0.000000e+00   1.182097e+08   1571s
  481357    9.7229558e+04   0.000000e+00   1.166449e+07   1576s
  481577    9.7229449e+04   0.000000e+00   4.032353e+07   1582s
  481847    9.7229303e+04   0.000000e+00   3.334263e+08   1587s
  482107    9.7229114e+04   0.000000e+00   1.126824e+08   1592s
  482417    9.7228866e+04   0.000000e+00   4.960368e+08   1598s
  482527    9.7228779e+04   0.000000e+00   3.018986e+08   1600s
  482767    9.7228571e+04   0.000000e+00   4.251973e+08   1606s
  483027    9.7228207e+04   0.000000e+00   3.523529e+09   1611s
  483357    9.7227371e+04   0.000000e+00   2.636158e+07   1617s
  483587    9.7227206e+04   0.000000e+00   2.454345e+08   1622s
  483857    9.7226977e+04   0.000000e+00   1.120052e+09   1627s
  484187    9.7226670e+04   0.000000e+00   2.516948e+08   1633s
  484337    9.7226353e+04   0.000000e+00   8.447572e+07   1635s
  484617    9.7226069e+04   0.000000e+00   8.039840e+07   1640s
  484867    9.7225969e+04   0.000000e+00   1.993676e+08   1646s
  485187    9.7225749e+04   0.000000e+00   5.082813e+09   1651s
  485487    9.7225322e+04   0.000000e+00   1.395796e+07   1657s
  485717    9.7225102e+04   0.000000e+00   4.493681e+07   1662s
  485837    9.7224998e+04   0.000000e+00   3.069410e+07   1665s
  486077    9.7224680e+04   0.000000e+00   3.271342e+08   1671s
  486327    9.7224299e+04   0.000000e+00   2.322972e+08   1676s
  486577    9.7223974e+04   0.000000e+00   1.572584e+08   1681s
  486827    9.7223644e+04   0.000000e+00   1.721197e+09   1687s
  487047    9.7223393e+04   0.000000e+00   6.257872e+07   1692s
  487317    9.7223109e+04   0.000000e+00   1.901966e+08   1697s
  487577    9.7222805e+04   0.000000e+00   4.528026e+09   1702s
  487827    9.7222556e+04   0.000000e+00   1.959869e+08   1708s
  487957    9.7222376e+04   0.000000e+00   7.247193e+07   1710s
  488217    9.7221928e+04   0.000000e+00   4.498106e+08   1716s
  488477    9.7221603e+04   0.000000e+00   1.034038e+09   1721s
  488727    9.7221280e+04   0.000000e+00   3.649902e+07   1727s
  488987    9.7221074e+04   0.000000e+00   1.647608e+08   1732s
  489287    9.7220783e+04   0.000000e+00   7.436798e+06   1737s
  489397    9.7220709e+04   0.000000e+00   6.260251e+06   1740s
  489637    9.7220634e+04   0.000000e+00   1.146129e+07   1746s
  489907    9.7220375e+04   0.000000e+00   2.303558e+09   1751s
  490287    9.7218826e+04   0.000000e+00   1.278165e+07   1756s
  490517    9.7218553e+04   0.000000e+00   1.014964e+07   1762s
  490994    9.7217660e+04   0.000000e+00   7.531052e+07   1767s
  491354    9.7217107e+04   0.000000e+00   7.760638e+07   1772s
  491654    9.7216718e+04   0.000000e+00   5.405186e+07   1778s
  491784    9.7216443e+04   0.000000e+00   2.643024e+08   1780s
  492044    9.7215613e+04   0.000000e+00   7.359098e+08   1786s
  492304    9.7213903e+04   0.000000e+00   1.334916e+09   1791s
  492574    9.7212077e+04   0.000000e+00   5.707511e+07   1797s
  492834    9.7209822e+04   0.000000e+00   4.273602e+08   1802s
  493134    9.7207737e+04   0.000000e+00   5.674905e+08   1807s
  493394    9.7205437e+04   0.000000e+00   1.103823e+09   1813s
  493534    9.7204246e+04   0.000000e+00   1.241148e+09   1815s
  493774    9.7202499e+04   0.000000e+00   4.454531e+07   1820s
  493994    9.7201876e+04   0.000000e+00   1.669935e+09   1825s
  494234    9.7200997e+04   0.000000e+00   5.076948e+07   1831s
  494454    9.7200414e+04   0.000000e+00   9.770159e+07   1835s
  494694    9.7199869e+04   0.000000e+00   4.674110e+07   1840s
  494954    9.7199310e+04   0.000000e+00   1.573546e+09   1846s
  495234    9.7198460e+04   0.000000e+00   2.104432e+08   1851s
  495494    9.7197586e+04   0.000000e+00   2.783343e+09   1856s
  495724    9.7197158e+04   0.000000e+00   1.465206e+08   1861s
  495994    9.7195979e+04   0.000000e+00   2.685236e+08   1866s
  496294    9.7194822e+04   0.000000e+00   1.392908e+07   1871s
  496544    9.7192818e+04   0.000000e+00   1.908790e+09   1876s
  496804    9.7190513e+04   0.000000e+00   8.475273e+08   1881s
  497034    9.7188697e+04   0.000000e+00   9.230821e+07   1887s
  497284    9.7186880e+04   0.000000e+00   1.972939e+07   1892s
  497564    9.7184610e+04   0.000000e+00   2.724181e+08   1897s
  497834    9.7181680e+04   0.000000e+00   6.008080e+08   1902s
  498074    9.7177338e+04   0.000000e+00   8.052343e+08   1907s
  498324    9.7171371e+04   0.000000e+00   3.365636e+09   1912s
  498574    9.7167116e+04   0.000000e+00   3.440023e+09   1917s
  498824    9.7163125e+04   0.000000e+00   1.254492e+09   1922s
  498944    9.7161515e+04   0.000000e+00   1.258534e+07   1925s
  499194    9.7160759e+04   0.000000e+00   2.155577e+07   1930s
  499444    9.7160413e+04   0.000000e+00   4.412230e+08   1935s
  499704    9.7160103e+04   0.000000e+00   7.529348e+07   1940s
  499954    9.7159583e+04   0.000000e+00   2.676906e+08   1945s
  500214    9.7158364e+04   0.000000e+00   8.344539e+08   1951s
  500464    9.7157478e+04   0.000000e+00   6.959556e+07   1956s
  500694    9.7157157e+04   0.000000e+00   1.740802e+08   1961s
  500944    9.7156230e+04   0.000000e+00   5.159674e+08   1966s
  501194    9.7155845e+04   0.000000e+00   2.137961e+08   1971s
  501474    9.7154709e+04   0.000000e+00   1.440174e+09   1976s
  501724    9.7152991e+04   0.000000e+00   3.552308e+10   1982s
  501974    9.7152241e+04   0.000000e+00   3.480424e+07   1987s
  502234    9.7151853e+04   0.000000e+00   2.297130e+08   1992s
  502394    9.7151683e+04   0.000000e+00   4.663604e+07   1995s
  502654    9.7151135e+04   0.000000e+00   1.805827e+08   2000s
  502954    9.7148789e+04   0.000000e+00   8.093670e+08   2005s
  503224    9.7147127e+04   0.000000e+00   8.267917e+08   2011s
  503474    9.7145834e+04   0.000000e+00   2.264763e+07   2016s
  503724    9.7144225e+04   0.000000e+00   3.731393e+09   2021s
  503964    9.7143238e+04   0.000000e+00   1.140330e+08   2026s
  504194    9.7141099e+04   0.000000e+00   3.215444e+08   2032s
  504444    9.7139440e+04   0.000000e+00   1.791674e+09   2037s
  504684    9.7136446e+04   0.000000e+00   4.719101e+08   2042s
  504914    9.7134647e+04   0.000000e+00   8.636890e+08   2047s
  505154    9.7131215e+04   0.000000e+00   4.906756e+11   2052s
  505404    9.7129929e+04   0.000000e+00   6.227391e+08   2057s
  505664    9.7128354e+04   0.000000e+00   2.571749e+08   2062s
  505914    9.7126967e+04   0.000000e+00   1.275000e+09   2067s
  506164    9.7125377e+04   0.000000e+00   4.848736e+07   2072s
  506424    9.7122810e+04   0.000000e+00   3.224128e+08   2077s
  506544    9.7121609e+04   0.000000e+00   1.638063e+08   2080s
  506824    9.7116494e+04   0.000000e+00   2.233611e+08   2085s
  507074    9.7110735e+04   0.000000e+00   9.707549e+06   2090s
  507334    9.7107013e+04   0.000000e+00   8.611518e+08   2096s
  507594    9.7103830e+04   0.000000e+00   1.745059e+09   2101s
  507854    9.7100429e+04   0.000000e+00   8.183799e+07   2106s
  508104    9.7099090e+04   0.000000e+00   2.396071e+08   2111s
  508384    9.7094636e+04   0.000000e+00   3.895122e+08   2116s
  508704    9.7090951e+04   0.000000e+00   7.912263e+08   2121s
  508984    9.7089509e+04   0.000000e+00   1.009116e+08   2127s
  509234    9.7087997e+04   0.000000e+00   1.892563e+07   2132s
  509474    9.7086512e+04   0.000000e+00   4.690798e+09   2137s
  509604    9.7083814e+04   0.000000e+00   1.383343e+09   2140s
  509834    9.7081695e+04   0.000000e+00   1.584026e+08   2145s
  510064    9.7080343e+04   0.000000e+00   2.563491e+09   2150s
  510354    9.7079074e+04   0.000000e+00   5.557761e+09   2155s
  510604    9.7076294e+04   0.000000e+00   2.134054e+09   2160s
  510844    9.7073010e+04   0.000000e+00   2.429116e+09   2165s
  511074    9.7070050e+04   0.000000e+00   3.184644e+07   2171s
  511304    9.7067833e+04   0.000000e+00   2.903913e+08   2177s
  511564    9.7064452e+04   0.000000e+00   4.015486e+09   2182s
  511834    9.7060385e+04   0.000000e+00   2.697182e+08   2188s
  511954    9.7056934e+04   0.000000e+00   3.253585e+08   2190s
  512214    9.7052281e+04   0.000000e+00   2.648946e+09   2195s
  512474    9.7046370e+04   0.000000e+00   3.663498e+09   2200s
  512714    9.7043873e+04   0.000000e+00   1.366579e+08   2205s
  512964    9.7043495e+04   0.000000e+00   1.399455e+07   2211s
  513204    9.7042717e+04   0.000000e+00   1.713548e+09   2216s
  513444    9.7042004e+04   0.000000e+00   9.846299e+07   2221s
  513734    9.7041558e+04   0.000000e+00   9.366925e+08   2227s
  513964    9.7040622e+04   0.000000e+00   5.230485e+07   2232s
  514214    9.7039891e+04   0.000000e+00   1.149154e+10   2237s
  514444    9.7039508e+04   0.000000e+00   1.055605e+07   2243s
  514554    9.7039141e+04   0.000000e+00   1.690817e+08   2245s
  514814    9.7038312e+04   0.000000e+00   1.587270e+08   2250s
  515074    9.7037023e+04   0.000000e+00   2.858875e+07   2255s
  515344    9.7035268e+04   0.000000e+00   2.330080e+08   2261s
  515594    9.7033908e+04   0.000000e+00   4.511539e+08   2266s
  515814    9.7032210e+04   0.000000e+00   2.223774e+07   2271s
  516074    9.7031954e+04   0.000000e+00   5.395872e+07   2276s
  516374    9.7031650e+04   0.000000e+00   1.579319e+08   2281s
  516664    9.7031344e+04   0.000000e+00   7.585100e+08   2286s
  516924    9.7030294e+04   0.000000e+00   3.687958e+07   2292s
  517214    9.7030155e+04   0.000000e+00   4.865820e+07   2297s
  517484    9.7029939e+04   0.000000e+00   1.987247e+07   2303s
  517594    9.7029793e+04   0.000000e+00   5.797066e+07   2306s
  517844    9.7029610e+04   0.000000e+00   1.300243e+07   2311s
  518114    9.7029454e+04   0.000000e+00   5.257478e+07   2316s
  518374    9.7029182e+04   0.000000e+00   7.992855e+07   2322s
  518624    9.7028921e+04   0.000000e+00   2.808883e+07   2327s
  518944    9.7027796e+04   0.000000e+00   1.230527e+09   2332s
  519184    9.7027357e+04   0.000000e+00   1.580181e+07   2337s
  519474    9.7027176e+04   0.000000e+00   4.625843e+07   2342s
  519754    9.7026934e+04   0.000000e+00   2.765157e+07   2347s
  520064    9.7026740e+04   0.000000e+00   1.111217e+08   2352s
  520324    9.7025886e+04   0.000000e+00   1.640345e+06   2358s
  520454    9.7025800e+04   0.000000e+00   2.523233e+07   2360s
  520754    9.7025643e+04   0.000000e+00   3.918677e+07   2366s
  521064    9.7025434e+04   0.000000e+00   1.295318e+08   2371s
  521324    9.7025206e+04   0.000000e+00   1.913455e+08   2377s
  521614    9.7025035e+04   0.000000e+00   9.279716e+07   2382s
  521864    9.7024814e+04   0.000000e+00   4.232530e+07   2387s
  522034    9.7024689e+04   0.000000e+00   1.863192e+08   2390s
  522304    9.7024474e+04   0.000000e+00   1.841605e+07   2395s
  522564    9.7024164e+04   0.000000e+00   2.238520e+08   2401s
  522854    9.7023968e+04   0.000000e+00   1.443263e+07   2406s
  523114    9.7023797e+04   0.000000e+00   2.403431e+08   2411s
  523404    9.7022605e+04   0.000000e+00   7.546321e+08   2416s
  523684    9.7022335e+04   0.000000e+00   1.616607e+08   2422s
  523954    9.7021989e+04   0.000000e+00   2.565250e+06   2427s
  524174    9.7021827e+04   0.000000e+00   3.596084e+07   2432s
  524304    9.7021603e+04   0.000000e+00   9.472645e+07   2435s
  524594    9.7021339e+04   0.000000e+00   1.163459e+08   2440s
  524854    9.7021085e+04   0.000000e+00   3.166678e+07   2445s
  525104    9.7020943e+04   0.000000e+00   3.930254e+07   2451s
  525404    9.7019717e+04   0.000000e+00   1.247656e+09   2456s
  525674    9.7019160e+04   0.000000e+00   1.040390e+07   2462s
  525964    9.7018379e+04   0.000000e+00   5.834289e+07   2467s
  526234    9.7018056e+04   0.000000e+00   1.632302e+08   2472s
  526564    9.7017740e+04   0.000000e+00   1.023497e+08   2477s
  526934    9.7017488e+04   0.000000e+00   4.794832e+06   2482s
  527184    9.7017261e+04   0.000000e+00   5.464635e+08   2488s
  527344    9.7017209e+04   0.000000e+00   9.646022e+07   2490s
  527644    9.7015733e+04   0.000000e+00   2.322525e+09   2496s
  527894    9.7015332e+04   0.000000e+00   1.901556e+07   2501s
  528174    9.7015187e+04   0.000000e+00   7.074912e+07   2506s
  528444    9.7014912e+04   0.000000e+00   2.378219e+08   2511s
  528714    9.7014728e+04   0.000000e+00   9.229191e+07   2516s
  528964    9.7014440e+04   0.000000e+00   1.005705e+07   2522s
  529194    9.7014195e+04   0.000000e+00   3.179492e+07   2527s
  529494    9.7013561e+04   0.000000e+00   1.011164e+07   2532s
  529614    9.7013447e+04   0.000000e+00   3.912092e+07   2535s
  529904    9.7013098e+04   0.000000e+00   3.733618e+07   2541s
  530214    9.7012834e+04   0.000000e+00   1.773465e+07   2546s
  530474    9.7012590e+04   0.000000e+00   4.712372e+07   2551s
  530744    9.7012293e+04   0.000000e+00   3.659094e+08   2557s
  531114    9.7011267e+04   0.000000e+00   3.167159e+06   2562s
  531364    9.7010910e+04   0.000000e+00   1.128151e+08   2567s
  531654    9.7010534e+04   0.000000e+00   1.850910e+08   2572s
  531984    9.7010157e+04   0.000000e+00   9.181609e+07   2577s
  532254    9.7009130e+04   0.000000e+00   2.955548e+07   2582s
  532534    9.7009009e+04   0.000000e+00   2.696184e+08   2587s
  532824    9.7008599e+04   0.000000e+00   2.016706e+07   2592s
  533074    9.7008380e+04   0.000000e+00   2.473152e+07   2597s
  533374    9.7008199e+04   0.000000e+00   5.683595e+06   2602s
  533654    9.7008039e+04   0.000000e+00   1.316561e+07   2607s
  533984    9.7007923e+04   0.000000e+00   2.329886e+07   2613s
  534124    9.7007775e+04   0.000000e+00   3.642131e+07   2615s
  534364    9.7007248e+04   0.000000e+00   3.376521e+08   2621s
  534624    9.7006922e+04   0.000000e+00   1.613163e+06   2627s
  534864    9.7006742e+04   0.000000e+00   4.425375e+06   2633s
  535004    9.7006698e+04   0.000000e+00   1.245884e+07   2635s
  535284    9.7006252e+04   0.000000e+00   4.643375e+07   2641s
  535564    9.7005831e+04   0.000000e+00   1.317918e+08   2647s
  535704    9.7005530e+04   0.000000e+00   1.293322e+06   2650s
  536014    9.7005343e+04   0.000000e+00   1.528892e+08   2656s
  536254    9.7005190e+04   0.000000e+00   2.676762e+06   2662s
  536384    9.7005061e+04   0.000000e+00   8.344780e+07   2665s
  536664    9.7004799e+04   0.000000e+00   2.001122e+07   2671s
  536964    9.7004274e+04   0.000000e+00   2.941737e+06   2677s
  537084    9.7004192e+04   0.000000e+00   2.176393e+07   2680s
  537354    9.7003974e+04   0.000000e+00   4.022310e+07   2686s
  537654    9.7003667e+04   0.000000e+00   3.207271e+07   2691s
  537914    9.7003495e+04   0.000000e+00   3.006479e+07   2697s
  538204    9.7003376e+04   0.000000e+00   6.202511e+06   2702s
  538464    9.7003251e+04   0.000000e+00   2.216889e+06   2708s
  538594    9.7003214e+04   0.000000e+00   2.161017e+07   2710s
  538884    9.7003102e+04   0.000000e+00   2.968601e+08   2716s
  539154    9.7002814e+04   0.000000e+00   2.580443e+07   2721s
  539444    9.7002668e+04   0.000000e+00   1.776417e+07   2726s
  539724    9.7002396e+04   0.000000e+00   6.359746e+07   2732s
  540044    9.7002068e+04   0.000000e+00   4.342117e+07   2737s
  540314    9.7001957e+04   0.000000e+00   4.271952e+06   2742s
  540594    9.7001769e+04   0.000000e+00   1.082706e+08   2748s
  540724    9.7001702e+04   0.000000e+00   1.091616e+07   2750s
  540994    9.7001559e+04   0.000000e+00   1.030101e+07   2755s
  541264    9.7001305e+04   0.000000e+00   1.256324e+08   2761s
  541514    9.7001076e+04   0.000000e+00   6.088722e+07   2766s
  541844    9.7000459e+04   0.000000e+00   2.203645e+07   2771s
  542164    9.7000141e+04   0.000000e+00   5.799388e+06   2777s
  542414    9.7000005e+04   0.000000e+00   3.221153e+07   2782s
  542704    9.6999758e+04   0.000000e+00   7.724528e+08   2788s
  542834    9.6999633e+04   0.000000e+00   2.587956e+06   2791s
  543134    9.6999461e+04   0.000000e+00   9.816548e+08   2797s
  543294    9.6999405e+04   0.000000e+00   6.003724e+07   2800s
  543634    9.6999154e+04   0.000000e+00   6.400377e+09   2806s
  543894    9.6998957e+04   0.000000e+00   2.143029e+06   2812s
  544214    9.6998479e+04   0.000000e+00   2.370771e+06   2817s
  544474    9.6998236e+04   0.000000e+00   1.165426e+07   2822s
  544624    9.6998098e+04   0.000000e+00   5.328712e+06   2825s
  544924    9.6997528e+04   0.000000e+00   1.391978e+08   2830s
  545194    9.6997099e+04   0.000000e+00   5.029565e+06   2835s
  545434    9.6996894e+04   0.000000e+00   2.464710e+07   2840s
  545714    9.6996587e+04   0.000000e+00   2.446323e+07   2845s
  546064    9.6996336e+04   0.000000e+00   1.661006e+07   2850s
  546314    9.6996108e+04   0.000000e+00   6.260435e+06   2855s
  546564    9.6995689e+04   0.000000e+00   3.017274e+08   2860s
  546824    9.6995111e+04   0.000000e+00   1.442981e+06   2865s
  547094    9.6994937e+04   0.000000e+00   2.344993e+09   2870s
  547344    9.6994730e+04   0.000000e+00   1.162518e+08   2875s
  547614    9.6994434e+04   0.000000e+00   2.334607e+07   2880s
  547894    9.6994156e+04   0.000000e+00   1.651990e+07   2885s
  548224    9.6993940e+04   0.000000e+00   4.894233e+07   2890s
  548534    9.6993677e+04   0.000000e+00   1.955962e+07   2896s
  548794    9.6993583e+04   0.000000e+00   1.584333e+08   2901s
  549241    9.6990289e+04   0.000000e+00   5.807383e+07   2905s
  550078    9.6990098e+04   0.000000e+00   2.618121e+07   2910s
  550358    9.6989822e+04   0.000000e+00   9.753300e+06   2915s
  550915    9.6989005e+04   0.000000e+00   1.990703e+07   2921s
  551185    9.6988792e+04   0.000000e+00   2.765571e+08   2926s
  551475    9.6988607e+04   0.000000e+00   8.256267e+07   2931s
  551765    9.6988257e+04   0.000000e+00   1.188631e+08   2936s
  552135    9.6986797e+04   0.000000e+00   1.820155e+07   2941s
  552415    9.6986665e+04   0.000000e+00   3.478609e+06   2946s
  552695    9.6986473e+04   0.000000e+00   5.408973e+07   2951s
  553005    9.6986254e+04   0.000000e+00   7.361092e+07   2956s
  553295    9.6985840e+04   0.000000e+00   5.305452e+06   2961s
  553595    9.6985572e+04   0.000000e+00   5.617422e+06   2966s
  553905    9.6985392e+04   0.000000e+00   1.081424e+08   2971s
  554145    9.6985257e+04   0.000000e+00   4.148522e+07   2976s
  554425    9.6985094e+04   0.000000e+00   3.315808e+06   2981s
  554695    9.6984941e+04   0.000000e+00   3.298154e+07   2986s
  554955    9.6984562e+04   0.000000e+00   5.661523e+07   2991s
  555285    9.6984246e+04   0.000000e+00   2.956351e+08   2995s
  555525    9.6984020e+04   0.000000e+00   1.585226e+08   3000s
  555805    9.6983720e+04   0.000000e+00   1.366787e+08   3005s
  556375    9.6983096e+04   0.000000e+00   3.178045e+07   3012s
  556635    9.6982781e+04   0.000000e+00   5.437504e+08   3017s
  556885    9.6982566e+04   0.000000e+00   3.574978e+06   3022s
  557145    9.6982412e+04   0.000000e+00   3.726869e+07   3027s
  557445    9.6982206e+04   0.000000e+00   2.972536e+07   3032s
  557715    9.6981983e+04   0.000000e+00   5.998488e+06   3037s
  557995    9.6981853e+04   0.000000e+00   2.956394e+07   3042s
  558325    9.6981571e+04   0.000000e+00   4.199923e+08   3047s
  558645    9.6981271e+04   0.000000e+00   6.638428e+06   3051s
  558905    9.6981098e+04   0.000000e+00   7.509533e+06   3057s
  559195    9.6980968e+04   0.000000e+00   4.723752e+07   3061s
  559495    9.6980769e+04   0.000000e+00   1.773805e+07   3067s
  559825    9.6980207e+04   0.000000e+00   2.779085e+06   3071s
  560115    9.6980065e+04   0.000000e+00   7.942423e+07   3076s
  560455    9.6979864e+04   0.000000e+00   6.323145e+06   3081s
  560765    9.6979686e+04   0.000000e+00   5.770088e+07   3086s
  561055    9.6979572e+04   0.000000e+00   1.158061e+07   3090s
  561365    9.6979345e+04   0.000000e+00   3.382958e+08   3095s
  561635    9.6978468e+04   0.000000e+00   6.103028e+05   3100s
  562115    9.6978101e+04   0.000000e+00   6.540819e+07   3107s
  562495    9.6977784e+04   0.000000e+00   5.100310e+06   3112s
  562815    9.6977617e+04   0.000000e+00   4.007821e+07   3117s
  563135    9.6977374e+04   0.000000e+00   5.972902e+06   3122s
  563395    9.6977241e+04   0.000000e+00   5.635080e+06   3127s
  563675    9.6977017e+04   0.000000e+00   1.013096e+08   3132s
  563955    9.6976841e+04   0.000000e+00   6.275055e+06   3137s
  564235    9.6976630e+04   0.000000e+00   2.255189e+07   3142s
  564515    9.6976508e+04   0.000000e+00   9.722937e+06   3146s
  564785    9.6976360e+04   0.000000e+00   2.928413e+07   3151s
  565085    9.6976079e+04   0.000000e+00   8.647696e+05   3156s
  565385    9.6975845e+04   0.000000e+00   1.162663e+07   3161s
  565735    9.6975351e+04   0.000000e+00   1.021989e+10   3165s
  566015    9.6975085e+04   0.000000e+00   5.463795e+06   3170s
  566295    9.6974903e+04   0.000000e+00   3.511002e+08   3175s
  566575    9.6974779e+04   0.000000e+00   2.524838e+06   3180s
  567045    9.6974612e+04   0.000000e+00   2.915291e+08   3187s
  567305    9.6974424e+04   0.000000e+00   8.168480e+05   3192s
  567645    9.6974213e+04   0.000000e+00   3.108859e+06   3197s
  567975    9.6973910e+04   0.000000e+00   6.981562e+07   3202s
  568255    9.6973658e+04   0.000000e+00   8.179728e+06   3206s
  568585    9.6973483e+04   0.000000e+00   3.944898e+08   3211s
  568885    9.6973334e+04   0.000000e+00   2.580388e+06   3216s
  569225    9.6973192e+04   0.000000e+00   3.838174e+07   3220s
  569515    9.6972975e+04   0.000000e+00   4.110294e+07   3225s
  569785    9.6972901e+04   0.000000e+00   4.081822e+07   3230s
  570245    9.6972727e+04   0.000000e+00   7.291483e+06   3237s
  570515    9.6972621e+04   0.000000e+00   3.470257e+07   3242s
  570815    9.6972304e+04   0.000000e+00   3.589087e+06   3247s
  571085    9.6972175e+04   0.000000e+00   1.469167e+07   3252s
  571415    9.6972002e+04   0.000000e+00   8.616312e+05   3256s
  571705    9.6971899e+04   0.000000e+00   4.634242e+08   3261s
  572005    9.6971569e+04   0.000000e+00   1.473323e+06   3266s
  572295    9.6971409e+04   0.000000e+00   1.315942e+06   3270s
  572605    9.6971086e+04   0.000000e+00   1.960020e+07   3275s
  573075    9.6970444e+04   0.000000e+00   1.046379e+07   3282s
  573345    9.6970200e+04   0.000000e+00   5.714581e+05   3286s
  573645    9.6969951e+04   0.000000e+00   1.493695e+07   3291s
  573955    9.6969461e+04   0.000000e+00   1.692601e+07   3296s
  574225    9.6969361e+04   0.000000e+00   2.675029e+07   3300s
  574715    9.6968806e+04   0.000000e+00   1.572660e+06   3307s
  575005    9.6968586e+04   0.000000e+00   1.577244e+07   3312s
  575295    9.6968448e+04   0.000000e+00   4.116731e+06   3316s
  575605    9.6968238e+04   0.000000e+00   2.177624e+07   3321s
  575925    9.6968061e+04   0.000000e+00   1.312355e+08   3325s
  576315    9.6967674e+04   0.000000e+00   3.635666e+08   3332s
  576645    9.6967171e+04   0.000000e+00   1.771713e+06   3337s
  576915    9.6967085e+04   0.000000e+00   5.311726e+08   3341s
  577195    9.6967012e+04   0.000000e+00   2.045162e+06   3346s
  577495    9.6966906e+04   0.000000e+00   2.604842e+05   3350s
  577775    9.6966821e+04   0.000000e+00   4.081768e+06   3355s
  578225    9.6966357e+04   0.000000e+00   1.564581e+06   3362s
  578495    9.6966297e+04   0.000000e+00   2.240151e+07   3367s
  578805    9.6966046e+04   0.000000e+00   8.109397e+06   3371s
  579095    9.6965629e+04   0.000000e+00   3.199672e+06   3376s
  579355    9.6965392e+04   0.000000e+00   5.462271e+06   3381s
  579635    9.6964960e+04   0.000000e+00   1.269408e+06   3386s
  579915    9.6964772e+04   0.000000e+00   1.540061e+08   3390s
  580385    9.6964332e+04   0.000000e+00   3.492254e+07   3397s
  580705    9.6964028e+04   0.000000e+00   9.579293e+05   3402s
  581055    9.6963747e+04   0.000000e+00   5.444932e+06   3406s
  581345    9.6963582e+04   0.000000e+00   2.104305e+07   3411s
  581665    9.6963452e+04   0.000000e+00   1.015458e+07   3415s
  582155    9.6963075e+04   0.000000e+00   1.319379e+08   3422s
  582465    9.6962794e+04   0.000000e+00   3.742653e+06   3427s
  582745    9.6962623e+04   0.000000e+00   2.776313e+09   3431s
  583055    9.6962338e+04   0.000000e+00   3.911964e+07   3436s
  583305    9.6962209e+04   0.000000e+00   2.638829e+08   3441s
  583605    9.6962091e+04   0.000000e+00   4.601961e+06   3445s
  584005    9.6961779e+04   0.000000e+00   3.138581e+06   3452s
  584365    9.6961178e+04   0.000000e+00   2.297767e+10   3456s
  584802    9.6960410e+04   0.000000e+00   1.673705e+08   3461s
  585112    9.6960237e+04   0.000000e+00   6.609550e+06   3466s
  585382    9.6960011e+04   0.000000e+00   2.717460e+07   3470s
  585832    9.6959733e+04   0.000000e+00   2.424248e+07   3477s
  586132    9.6959616e+04   0.000000e+00   3.859607e+06   3481s
  586462    9.6959459e+04   0.000000e+00   4.290233e+06   3486s
  586962    9.6959298e+04   0.000000e+00   7.466611e+07   3492s
  587292    9.6959165e+04   0.000000e+00   7.495733e+06   3497s
  587572    9.6959030e+04   0.000000e+00   2.026745e+07   3501s
  587882    9.6958901e+04   0.000000e+00   4.325520e+05   3506s
  588182    9.6958793e+04   0.000000e+00   1.402173e+07   3510s
  588612    9.6958590e+04   0.000000e+00   4.136349e+06   3517s
  588892    9.6958483e+04   0.000000e+00   1.120753e+06   3522s
  589222    9.6958382e+04   0.000000e+00   6.812370e+06   3526s
  589602    9.6958315e+04   0.000000e+00   4.692224e+07   3530s
  590062    9.6958051e+04   0.000000e+00   4.604544e+06   3537s
  590322    9.6957876e+04   0.000000e+00   7.452039e+05   3542s
  590602    9.6957790e+04   0.000000e+00   1.855937e+06   3546s
  590892    9.6957568e+04   0.000000e+00   4.219554e+06   3551s
  591192    9.6957401e+04   0.000000e+00   4.447222e+08   3556s
  591632    9.6956117e+04   0.000000e+00   7.851658e+07   3562s
  591872    9.6955863e+04   0.000000e+00   1.118746e+06   3567s
  592202    9.6955748e+04   0.000000e+00   5.359493e+06   3571s
  592532    9.6955565e+04   0.000000e+00   4.166299e+06   3576s
  593022    9.6955238e+04   0.000000e+00   1.813790e+08   3582s
  593262    9.6955085e+04   0.000000e+00   1.461913e+06   3587s
  593572    9.6954933e+04   0.000000e+00   9.272787e+07   3591s
  593832    9.6954765e+04   0.000000e+00   1.359649e+07   3596s
  594272    9.6954192e+04   0.000000e+00   1.433287e+08   3602s
  594562    9.6953995e+04   0.000000e+00   4.143623e+05   3607s
  594872    9.6953276e+04   0.000000e+00   4.955169e+06   3611s
  595192    9.6953096e+04   0.000000e+00   1.939980e+06   3616s
  595522    9.6952981e+04   0.000000e+00   4.874857e+07   3620s
  595842    9.6952670e+04   0.000000e+00   5.048085e+08   3625s
  596302    9.6952308e+04   0.000000e+00   6.492400e+06   3632s
  596592    9.6951808e+04   0.000000e+00   1.013011e+08   3637s
  596912    9.6951362e+04   0.000000e+00   9.529800e+06   3641s
  597212    9.6951192e+04   0.000000e+00   9.055470e+05   3646s
  597502    9.6951050e+04   0.000000e+00   4.292926e+06   3650s
  597952    9.6950832e+04   0.000000e+00   1.217710e+06   3657s
  598242    9.6950735e+04   0.000000e+00   4.376950e+06   3661s
  598522    9.6950533e+04   0.000000e+00   1.279952e+06   3666s
  598822    9.6950327e+04   0.000000e+00   4.029816e+06   3671s
  599132    9.6950215e+04   0.000000e+00   1.026634e+07   3675s
  599582    9.6949994e+04   0.000000e+00   3.874940e+05   3682s
  599862    9.6949907e+04   0.000000e+00   3.671470e+06   3686s
  600192    9.6949701e+04   0.000000e+00   2.858693e+07   3691s
  600492    9.6949489e+04   0.000000e+00   2.909100e+09   3695s
  600922    9.6949205e+04   0.000000e+00   3.515059e+07   3702s
  601232    9.6949002e+04   0.000000e+00   2.275295e+07   3706s
  601552    9.6948647e+04   0.000000e+00   1.176024e+07   3711s
  601852    9.6948506e+04   0.000000e+00   1.086029e+06   3715s
  602332    9.6948133e+04   0.000000e+00   1.430005e+08   3722s
  602662    9.6947911e+04   0.000000e+00   4.329837e+05   3727s
  602952    9.6947690e+04   0.000000e+00   1.698473e+07   3731s
  603262    9.6947544e+04   0.000000e+00   3.452745e+07   3736s
  603652    9.6947038e+04   0.000000e+00   4.882058e+05   3740s
  604082    9.6946850e+04   0.000000e+00   7.605168e+05   3747s
  604372    9.6946640e+04   0.000000e+00   2.494397e+06   3752s
  604702    9.6946488e+04   0.000000e+00   4.840596e+06   3756s
  605022    9.6946352e+04   0.000000e+00   2.318442e+06   3760s
  605522    9.6946132e+04   0.000000e+00   6.593315e+07   3767s
  605822    9.6945894e+04   0.000000e+00   2.622075e+05   3771s
  606112    9.6945755e+04   0.000000e+00   2.820425e+08   3776s
  606402    9.6945612e+04   0.000000e+00   4.500075e+07   3780s
  606932    9.6945305e+04   0.000000e+00   6.497173e+07   3787s
  607399    9.6944978e+04   0.000000e+00   1.129098e+07   3791s
  607739    9.6944623e+04   0.000000e+00   1.023556e+08   3796s
  608019    9.6944395e+04   0.000000e+00   2.723512e+06   3800s
  608499    9.6944196e+04   0.000000e+00   3.757739e+06   3807s
  608789    9.6944053e+04   0.000000e+00   4.830277e+07   3812s
  609119    9.6943850e+04   0.000000e+00   1.530160e+06   3817s
  609449    9.6943601e+04   0.000000e+00   2.511144e+07   3821s
  609779    9.6943262e+04   0.000000e+00   2.459393e+05   3825s
  610279    9.6942901e+04   0.000000e+00   7.514647e+06   3832s
  610579    9.6942603e+04   0.000000e+00   3.556349e+05   3836s
  610859    9.6942419e+04   0.000000e+00   3.643370e+06   3841s
  611369    9.6942176e+04   0.000000e+00   3.595354e+07   3847s
  611739    9.6941843e+04   0.000000e+00   3.938450e+07   3851s
  612009    9.6941573e+04   0.000000e+00   4.040298e+07   3856s
  612319    9.6941406e+04   0.000000e+00   2.490866e+08   3860s
  612809    9.6941081e+04   0.000000e+00   7.185026e+07   3867s
  613099    9.6940885e+04   0.000000e+00   1.819215e+06   3871s
  613389    9.6940825e+04   0.000000e+00   7.142513e+06   3876s
  613749    9.6940396e+04   0.000000e+00   4.635332e+06   3880s
  614189    9.6940148e+04   0.000000e+00   1.127976e+07   3887s
  614509    9.6940020e+04   0.000000e+00   7.439880e+07   3892s
  614869    9.6939724e+04   0.000000e+00   1.458879e+06   3896s
  615219    9.6939491e+04   0.000000e+00   1.328132e+10   3901s
  615529    9.6939391e+04   0.000000e+00   1.507083e+07   3905s
  615859    9.6939240e+04   0.000000e+00   1.124248e+08   3910s
  616329    9.6938970e+04   0.000000e+00   1.386615e+07   3917s
  616619    9.6938815e+04   0.000000e+00   2.599819e+07   3921s
  616939    9.6938614e+04   0.000000e+00   6.389962e+08   3926s
  617229    9.6938382e+04   0.000000e+00   5.865027e+06   3930s
  617529    9.6938172e+04   0.000000e+00   7.515586e+06   3935s
  618019    9.6937920e+04   0.000000e+00   9.668368e+06   3942s
  618349    9.6937765e+04   0.000000e+00   6.054639e+05   3946s
  618669    9.6937673e+04   0.000000e+00   7.258305e+06   3951s
  619039    9.6937408e+04   0.000000e+00   3.637567e+06   3955s
  619619    9.6937167e+04   0.000000e+00   6.365252e+06   3962s
  619939    9.6937005e+04   0.000000e+00   1.759396e+06   3966s
  620249    9.6936667e+04   0.000000e+00   6.514607e+06   3971s
  620559    9.6936488e+04   0.000000e+00   4.787100e+08   3975s
  620989    9.6936118e+04   0.000000e+00   2.156599e+06   3982s
  621299    9.6935975e+04   0.000000e+00   4.553245e+05   3986s
  621659    9.6935798e+04   0.000000e+00   1.985894e+08   3991s
  621929    9.6933576e+04   0.000000e+00   2.717959e+06   3995s
  622459    9.6933413e+04   0.000000e+00   1.375802e+07   4002s
  622789    9.6933138e+04   0.000000e+00   4.514522e+08   4006s
  623069    9.6933031e+04   0.000000e+00   7.284808e+06   4010s
  623549    9.6932889e+04   0.000000e+00   8.057688e+06   4017s
  623849    9.6932704e+04   0.000000e+00   3.372918e+06   4022s
  624159    9.6932610e+04   0.000000e+00   9.246939e+06   4026s
  624469    9.6932413e+04   0.000000e+00   4.328737e+05   4030s
  624929    9.6932151e+04   0.000000e+00   5.890515e+05   4037s
  625239    9.6932009e+04   0.000000e+00   9.673579e+05   4041s
  625569    9.6931691e+04   0.000000e+00   3.563499e+05   4046s
  625889    9.6931562e+04   0.000000e+00   1.351856e+08   4050s
  626526    9.6930779e+04   0.000000e+00   4.399124e+05   4057s
  626896    9.6930544e+04   0.000000e+00   1.490158e+08   4061s
  627246    9.6930211e+04   0.000000e+00   1.389515e+07   4066s
  627816    9.6929882e+04   0.000000e+00   2.579035e+05   4072s
  628186    9.6929817e+04   0.000000e+00   3.425105e+07   4076s
  628576    9.6929498e+04   0.000000e+00   4.601577e+08   4081s
  629066    9.6929091e+04   0.000000e+00   2.155254e+07   4087s
  629486    9.6928950e+04   0.000000e+00   1.594540e+08   4091s
  629826    9.6928468e+04   0.000000e+00   1.018849e+08   4096s
  630166    9.6928332e+04   0.000000e+00   1.972801e+06   4100s
  630716    9.6928048e+04   0.000000e+00   1.146507e+06   4107s
  631056    9.6927967e+04   0.000000e+00   1.020012e+07   4112s
  631416    9.6927668e+04   0.000000e+00   4.750388e+06   4116s
  631796    9.6927483e+04   0.000000e+00   9.012064e+06   4121s
  632116    9.6927171e+04   0.000000e+00   1.262976e+06   4125s
  632616    9.6926814e+04   0.000000e+00   1.007904e+06   4131s
  632996    9.6926699e+04   0.000000e+00   8.494719e+05   4136s
  633516    9.6926452e+04   0.000000e+00   2.981433e+07   4142s
  633836    9.6926281e+04   0.000000e+00   7.288791e+07   4146s
  634146    9.6926092e+04   0.000000e+00   7.878215e+05   4150s
  634686    9.6925832e+04   0.000000e+00   3.366975e+08   4157s
  635216    9.6925004e+04   0.000000e+00   2.905125e+05   4161s
  635536    9.6924874e+04   0.000000e+00   4.350178e+06   4166s
  636086    9.6924688e+04   0.000000e+00   1.171291e+08   4172s
  636426    9.6924540e+04   0.000000e+00   2.492043e+06   4176s
  636796    9.6924231e+04   0.000000e+00   9.403419e+07   4181s
  637286    9.6923811e+04   0.000000e+00   3.994434e+06   4187s
  637626    9.6923642e+04   0.000000e+00   1.243984e+07   4191s
  637946    9.6923419e+04   0.000000e+00   6.870551e+07   4196s
  638286    9.6922320e+04   0.000000e+00   5.169761e+06   4200s
  638756    9.6921154e+04   0.000000e+00   5.753648e+08   4207s
  639066    9.6919390e+04   0.000000e+00   2.484453e+06   4212s
  639396    9.6919132e+04   0.000000e+00   2.901204e+07   4216s
  639726    9.6918960e+04   0.000000e+00   1.587827e+06   4221s
  640106    9.6914924e+04   0.000000e+00   3.674890e+06   4225s
  640416    9.6914739e+04   0.000000e+00   1.843628e+07   4230s
  640906    9.6914339e+04   0.000000e+00   6.521088e+06   4237s
  641236    9.6914165e+04   0.000000e+00   1.981794e+06   4241s
  641556    9.6914033e+04   0.000000e+00   7.998688e+06   4246s
  641936    9.6913870e+04   0.000000e+00   1.054241e+06   4250s
  642426    9.6913522e+04   0.000000e+00   1.871592e+05   4257s
  642736    9.6913299e+04   0.000000e+00   5.138984e+07   4261s
  643056    9.6912916e+04   0.000000e+00   8.879001e+07   4266s
  643496    9.6910698e+04   0.000000e+00   1.135122e+06   4272s
  643806    9.6910336e+04   0.000000e+00   7.062028e+07   4276s
  644166    9.6908593e+04   0.000000e+00   7.286766e+06   4281s
  644456    9.6908372e+04   0.000000e+00   4.829659e+07   4285s
  644946    9.6908179e+04   0.000000e+00   4.146336e+07   4291s
  645306    9.6908101e+04   0.000000e+00   1.155815e+06   4296s
  645636    9.6907981e+04   0.000000e+00   2.372286e+06   4300s
  646176    9.6907158e+04   0.000000e+00   2.623758e+08   4307s
  646586    9.6906617e+04   0.000000e+00   4.681523e+07   4311s
  646906    9.6906313e+04   0.000000e+00   1.672809e+07   4316s
  647296    9.6906071e+04   0.000000e+00   5.224316e+06   4320s
  647826    9.6905652e+04   0.000000e+00   1.809032e+08   4327s
  648106    9.6905366e+04   0.000000e+00   7.971263e+06   4331s
  648446    9.6905021e+04   0.000000e+00   1.201894e+06   4336s
  648986    9.6904763e+04   0.000000e+00   2.266163e+05   4342s
  649326    9.6904617e+04   0.000000e+00   2.228050e+08   4346s
  649676    9.6904209e+04   0.000000e+00   2.367806e+07   4351s
  650226    9.6903482e+04   0.000000e+00   3.030581e+06   4357s
  650536    9.6903386e+04   0.000000e+00   1.302354e+07   4361s
  650906    9.6903219e+04   0.000000e+00   2.603034e+06   4366s
  651206    9.6903089e+04   0.000000e+00   4.785036e+07   4370s
  651836    9.6902948e+04   0.000000e+00   5.692035e+05   4376s
  652136    9.6902783e+04   0.000000e+00   1.434460e+07   4381s
  652466    9.6902535e+04   0.000000e+00   6.385434e+06   4385s
  652946    9.6902341e+04   0.000000e+00   1.093296e+05   4392s
  653296    9.6902279e+04   0.000000e+00   9.448398e+06   4396s
  653696    9.6902123e+04   0.000000e+00   8.115977e+05   4400s
  654216    9.6901981e+04   0.000000e+00   1.462538e+07   4407s
  654546    9.6901833e+04   0.000000e+00   2.735977e+06   4411s
  654866    9.6901719e+04   0.000000e+00   8.857971e+06   4416s
  655246    9.6901487e+04   0.000000e+00   8.638481e+05   4420s
  655726    9.6901320e+04   0.000000e+00   1.185987e+07   4426s
  656146    9.6901143e+04   0.000000e+00   4.890284e+07   4430s
  656646    9.6900843e+04   0.000000e+00   1.477006e+07   4437s
  656956    9.6900727e+04   0.000000e+00   3.904964e+06   4441s
  657306    9.6900627e+04   0.000000e+00   2.408651e+07   4446s
  657666    9.6900408e+04   0.000000e+00   4.881196e+07   4450s
  658146    9.6900086e+04   0.000000e+00   8.486352e+07   4457s
  658456    9.6899552e+04   0.000000e+00   3.045090e+07   4461s
  658766    9.6899162e+04   0.000000e+00   5.296118e+06   4466s
  659256    9.6899002e+04   0.000000e+00   4.312729e+06   4472s
  659626    9.6898877e+04   0.000000e+00   6.229214e+07   4477s
  659906    9.6898725e+04   0.000000e+00   4.539560e+06   4481s
  660276    9.6898588e+04   0.000000e+00   2.557639e+07   4486s
  660876    9.6898397e+04   0.000000e+00   4.590665e+07   4492s
  661186    9.6898292e+04   0.000000e+00   6.090744e+05   4496s
  661536    9.6898221e+04   0.000000e+00   4.615253e+06   4501s
  662046    9.6897995e+04   0.000000e+00   8.007104e+06   4507s
  662396    9.6897671e+04   0.000000e+00   1.770198e+06   4512s
  662776    9.6897584e+04   0.000000e+00   3.899480e+05   4516s
  663296    9.6897383e+04   0.000000e+00   2.780008e+07   4522s
  663576    9.6897221e+04   0.000000e+00   1.744781e+06   4526s
  663866    9.6897122e+04   0.000000e+00   5.384336e+06   4530s
  664376    9.6896926e+04   0.000000e+00   7.741367e+06   4536s
  664726    9.6896366e+04   0.000000e+00   3.716342e+09   4541s
  665443    9.6895903e+04   0.000000e+00   4.691823e+05   4547s
  665773    9.6895744e+04   0.000000e+00   5.031092e+05   4551s
  666153    9.6895703e+04   0.000000e+00   9.983056e+06   4555s
  666743    9.6895539e+04   0.000000e+00   7.529572e+06   4562s
  667073    9.6895428e+04   0.000000e+00   3.866029e+06   4566s
  667533    9.6895299e+04   0.000000e+00   2.569642e+07   4570s
  668053    9.6895102e+04   0.000000e+00   1.575981e+05   4577s
  668423    9.6895046e+04   0.000000e+00   1.070320e+07   4581s
  668783    9.6894832e+04   0.000000e+00   5.233450e+06   4585s
  669313    9.6894645e+04   0.000000e+00   2.350156e+06   4592s
  669703    9.6894375e+04   0.000000e+00   5.036688e+06   4596s
  670113    9.6894323e+04   0.000000e+00   2.434122e+07   4600s
  670643    9.6893743e+04   0.000000e+00   5.449578e+05   4606s
  670973    9.6893669e+04   0.000000e+00   5.544656e+06   4611s
  671533    9.6893504e+04   0.000000e+00   4.894400e+05   4617s
  671863    9.6893407e+04   0.000000e+00   1.176028e+06   4621s
  672183    9.6893345e+04   0.000000e+00   5.793856e+06   4626s
  672793    9.6893212e+04   0.000000e+00   1.384323e+07   4632s
  673113    9.6892911e+04   0.000000e+00   7.237603e+05   4636s
  673693    9.6892771e+04   0.000000e+00   1.834541e+07   4642s
  674023    9.6892532e+04   0.000000e+00   8.030928e+06   4646s
  674413    9.6892142e+04   0.000000e+00   7.906576e+07   4650s
  674963    9.6892058e+04   0.000000e+00   1.214999e+05   4657s
  675283    9.6891995e+04   0.000000e+00   1.690360e+06   4661s
  675613    9.6891930e+04   0.000000e+00   3.506963e+07   4666s
  675973    9.6891810e+04   0.000000e+00   1.691229e+07   4670s
  676453    9.6891667e+04   0.000000e+00   8.494347e+05   4677s
  676843    9.6891494e+04   0.000000e+00   3.754245e+06   4681s
  677193    9.6891398e+04   0.000000e+00   6.140096e+05   4686s
  677763    9.6891242e+04   0.000000e+00   1.435236e+07   4692s
  678143    9.6891038e+04   0.000000e+00   2.336355e+07   4696s
  678503    9.6890876e+04   0.000000e+00   1.856119e+07   4700s
  678943    9.6890673e+04   0.000000e+00   1.502167e+07   4706s
  679393    9.6889849e+04   0.000000e+00   1.723607e+09   4710s
  680000    9.6889539e+04   0.000000e+00   7.474741e+06   4717s
  680360    9.6889158e+04   0.000000e+00   8.868244e+07   4721s
  680940    9.6888717e+04   0.000000e+00   4.022924e+07   4727s
  681350    9.6888374e+04   0.000000e+00   2.001573e+06   4731s
  681690    9.6888142e+04   0.000000e+00   2.290664e+06   4735s
  682260    9.6887927e+04   0.000000e+00   1.340346e+07   4742s
  682610    9.6887819e+04   0.000000e+00   2.563516e+06   4746s
  682980    9.6887596e+04   0.000000e+00   2.696085e+07   4750s
  683500    9.6887481e+04   0.000000e+00   9.753958e+05   4756s
  683890    9.6887399e+04   0.000000e+00   6.939602e+07   4761s
  684200    9.6887217e+04   0.000000e+00   1.361917e+07   4765s
  684760    9.6887066e+04   0.000000e+00   1.930702e+08   4772s
  685060    9.6886988e+04   0.000000e+00   5.582733e+06   4776s
  685560    9.6886897e+04   0.000000e+00   2.557629e+05   4782s
  685980    9.6886739e+04   0.000000e+00   3.136208e+07   4786s
  686320    9.6886584e+04   0.000000e+00   8.409240e+05   4790s
  686850    9.6886153e+04   0.000000e+00   1.512323e+07   4796s
  687240    9.6886014e+04   0.000000e+00   1.972686e+06   4800s
  687710    9.6885927e+04   0.000000e+00   5.675741e+05   4806s
  688100    9.6885875e+04   0.000000e+00   6.503877e+06   4810s
  688610    9.6885683e+04   0.000000e+00   2.994691e+05   4817s
  688960    9.6885617e+04   0.000000e+00   5.902908e+06   4821s
  689470    9.6885446e+04   0.000000e+00   1.335181e+06   4827s
  689810    9.6885125e+04   0.000000e+00   2.298595e+08   4831s
  690180    9.6884492e+04   0.000000e+00   3.464906e+05   4835s
  690650    9.6884339e+04   0.000000e+00   8.838296e+05   4841s
  690980    9.6884244e+04   0.000000e+00   3.974669e+08   4846s
  691480    9.6884074e+04   0.000000e+00   6.112934e+05   4852s
  691820    9.6883993e+04   0.000000e+00   4.620207e+07   4856s
  692220    9.6883914e+04   0.000000e+00   9.243209e+05   4860s
  692780    9.6883717e+04   0.000000e+00   1.592635e+07   4866s
  693130    9.6883601e+04   0.000000e+00   1.971770e+06   4871s
  693680    9.6883350e+04   0.000000e+00   1.733335e+07   4877s
  694030    9.6882960e+04   0.000000e+00   3.728845e+05   4881s
  694350    9.6882864e+04   0.000000e+00   7.203112e+06   4885s
  694890    9.6882756e+04   0.000000e+00   3.556794e+05   4892s
  695240    9.6882719e+04   0.000000e+00   1.244166e+08   4896s
  695770    9.6882606e+04   0.000000e+00   3.568159e+05   4902s
  696140    9.6882509e+04   0.000000e+00   3.706359e+06   4906s
  696490    9.6882420e+04   0.000000e+00   9.050798e+05   4910s
  696990    9.6882236e+04   0.000000e+00   2.747847e+07   4917s
  697320    9.6882130e+04   0.000000e+00   4.214160e+05   4921s
  697840    9.6882035e+04   0.000000e+00   1.917940e+06   4927s
  698250    9.6881949e+04   0.000000e+00   8.265832e+06   4931s
  698590    9.6881849e+04   0.000000e+00   2.483130e+06   4935s
  699120    9.6881654e+04   0.000000e+00   5.190521e+05   4942s
  699480    9.6881541e+04   0.000000e+00   4.368360e+05   4946s
  700100    9.6881395e+04   0.000000e+00   3.521343e+06   4952s
  700490    9.6881250e+04   0.000000e+00   4.858281e+06   4956s
  701020    9.6880687e+04   0.000000e+00   1.325773e+09   4962s
  701370    9.6880290e+04   0.000000e+00   6.370754e+05   4966s
  701920    9.6880077e+04   0.000000e+00   7.370156e+04   4972s
  702260    9.6879976e+04   0.000000e+00   9.463221e+06   4976s
  702570    9.6879881e+04   0.000000e+00   1.059558e+08   4980s
  703060    9.6879809e+04   0.000000e+00   1.321759e+05   4986s
  703430    9.6879763e+04   0.000000e+00   1.679473e+06   4991s
  703790    9.6879643e+04   0.000000e+00   5.367565e+07   4996s
  704140    9.6879496e+04   0.000000e+00   3.943010e+05   5001s
  704540    9.6879436e+04   0.000000e+00   2.982486e+06   5005s
  705050    9.6879308e+04   0.000000e+00   9.983832e+05   5012s
  705490    9.6879249e+04   0.000000e+00   1.260526e+07   5015s
  705970    9.6879067e+04   0.000000e+00   1.041336e+06   5022s
  706330    9.6878979e+04   0.000000e+00   5.756203e+06   5026s
  706820    9.6878797e+04   0.000000e+00   1.704826e+06   5032s
  707220    9.6878714e+04   0.000000e+00   2.432977e+06   5036s
  707810    9.6878582e+04   0.000000e+00   3.637568e+06   5042s
  708170    9.6878305e+04   0.000000e+00   5.910133e+06   5046s
  708490    9.6878157e+04   0.000000e+00   1.792705e+06   5050s
  708990    9.6877978e+04   0.000000e+00   4.729376e+07   5056s
  709310    9.6877920e+04   0.000000e+00   7.651051e+05   5060s
  709870    9.6877785e+04   0.000000e+00   1.623423e+05   5067s
  710220    9.6877688e+04   0.000000e+00   6.952259e+06   5070s
  710700    9.6877497e+04   0.000000e+00   5.679390e+05   5077s
  711040    9.6877426e+04   0.000000e+00   6.625769e+05   5081s
  711530    9.6877069e+04   0.000000e+00   1.366396e+05   5087s
  711920    9.6877016e+04   0.000000e+00   6.243493e+05   5091s
  712470    9.6876912e+04   0.000000e+00   7.189149e+04   5097s
  712780    9.6876870e+04   0.000000e+00   1.760311e+07   5101s
  713290    9.6876809e+04   0.000000e+00   4.190409e+07   5107s
  713610    9.6876686e+04   0.000000e+00   1.615684e+06   5111s
  714160    9.6876565e+04   0.000000e+00   2.226711e+09   5116s
  714540    9.6875823e+04   0.000000e+00   2.614042e+06   5121s
  715060    9.6875680e+04   0.000000e+00   1.429324e+05   5127s
  715380    9.6875641e+04   0.000000e+00   3.670626e+07   5131s
  715990    9.6875528e+04   0.000000e+00   5.289450e+06   5137s
  716310    9.6875353e+04   0.000000e+00   3.927446e+08   5141s
  716780    9.6874956e+04   0.000000e+00   1.709015e+06   5147s
  717140    9.6874900e+04   0.000000e+00   1.614188e+07   5151s
  717520    9.6874325e+04   0.000000e+00   5.393946e+05   5155s
  718020    9.6874205e+04   0.000000e+00   2.237310e+06   5162s
  718340    9.6874047e+04   0.000000e+00   1.818019e+05   5166s
  718910    9.6873879e+04   0.000000e+00   1.636690e+07   5172s
  719250    9.6873766e+04   0.000000e+00   7.045680e+05   5176s
  719790    9.6873567e+04   0.000000e+00   8.873394e+06   5182s
  720190    9.6873390e+04   0.000000e+00   7.139370e+06   5186s
  720690    9.6870510e+04   0.000000e+00   2.029303e+06   5192s
  721040    9.6867079e+04   0.000000e+00   1.781383e+08   5196s
  721560    9.6864454e+04   0.000000e+00   1.376987e+06   5202s
  721890    9.6864278e+04   0.000000e+00   7.156053e+04   5206s
  722500    9.6863123e+04   0.000000e+00   1.668778e+06   5212s
  722850    9.6862716e+04   0.000000e+00   1.381847e+06   5216s
  723350    9.6862181e+04   0.000000e+00   1.698719e+06   5222s
  723720    9.6861706e+04   0.000000e+00   1.933739e+05   5226s
  724300    9.6861439e+04   0.000000e+00   7.573070e+06   5232s
  724670    9.6861045e+04   0.000000e+00   3.142420e+06   5236s
  725220    9.6860927e+04   0.000000e+00   4.254582e+06   5241s
  725650    9.6860836e+04   0.000000e+00   1.229860e+06   5245s
  726230    9.6860659e+04   0.000000e+00   8.674443e+06   5251s
  726570    9.6860600e+04   0.000000e+00   7.968837e+06   5255s
  727100    9.6860432e+04   0.000000e+00   1.807357e+05   5261s
  727440    9.6860216e+04   0.000000e+00   1.919293e+05   5265s
  728000    9.6860114e+04   0.000000e+00   9.667858e+06   5271s
  728350    9.6859824e+04   0.000000e+00   1.859768e+05   5275s
  728940    9.6859655e+04   0.000000e+00   4.472609e+08   5281s
  729490    9.6858848e+04   0.000000e+00   1.233766e+07   5285s
  730020    9.6858699e+04   0.000000e+00   3.930659e+07   5291s
  730520    9.6858086e+04   0.000000e+00   9.915459e+08   5295s
  731100    9.6857490e+04   0.000000e+00   4.838794e+04   5301s
  731660    9.6857411e+04   0.000000e+00   9.656172e+05   5307s
  732020    9.6855774e+04   0.000000e+00   2.433554e+05   5311s
  732560    9.6855664e+04   0.000000e+00   8.176169e+04   5316s
  732960    9.6855607e+04   0.000000e+00   1.554507e+05   5320s
  733540    9.6855497e+04   0.000000e+00   1.250724e+06   5326s
  734190    9.6854561e+04   0.000000e+00   1.565872e+08   5332s
  734490    9.6854443e+04   0.000000e+00   2.638684e+06   5336s
  735040    9.6853797e+04   0.000000e+00   1.055487e+07   5342s
  735380    9.6853684e+04   0.000000e+00   8.119915e+06   5346s
  735720    9.6853654e+04   0.000000e+00   1.285212e+05   5350s
  736320    9.6853544e+04   0.000000e+00   4.556219e+04   5356s
  736850    9.6853423e+04   0.000000e+00   8.938419e+06   5362s
  737180    9.6852610e+04   0.000000e+00   1.188804e+05   5366s
  737710    9.6852538e+04   0.000000e+00   1.737420e+06   5371s
  738070    9.6852329e+04   0.000000e+00   4.733333e+05   5376s
  738620    9.6852206e+04   0.000000e+00   8.602606e+04   5381s
  738970    9.6852153e+04   0.000000e+00   8.001025e+06   5385s
  739570    9.6851974e+04   0.000000e+00   4.705612e+06   5391s
  740000    9.6851883e+04   0.000000e+00   4.891236e+06   5395s
  740530    9.6851597e+04   0.000000e+00   1.831633e+07   5401s
  741030    9.6851435e+04   0.000000e+00   1.217825e+05   5407s
  741420    9.6851383e+04   0.000000e+00   4.511422e+05   5411s
  742000    9.6851283e+04   0.000000e+00   4.894635e+04   5417s
  742340    9.6851183e+04   0.000000e+00   1.456421e+07   5420s
  742870    9.6851009e+04   0.000000e+00   3.713585e+06   5426s
  743190    9.6850808e+04   0.000000e+00   6.285915e+05   5430s
  743770    9.6850724e+04   0.000000e+00   1.902093e+07   5436s
  744360    9.6850553e+04   0.000000e+00   1.454201e+08   5442s
  744730    9.6850482e+04   0.000000e+00   4.583492e+08   5446s
  745250    9.6850144e+04   0.000000e+00   1.100497e+06   5451s
  745590    9.6850028e+04   0.000000e+00   1.681611e+06   5455s
  746180    9.6849934e+04   0.000000e+00   8.678906e+04   5461s
  746680    9.6849834e+04   0.000000e+00   2.664439e+04   5467s
  747040    9.6849782e+04   0.000000e+00   9.313579e+05   5471s
  747550    9.6849647e+04   0.000000e+00   4.541435e+05   5477s
  747860    9.6849573e+04   0.000000e+00   2.335855e+06   5481s
  748430    9.6849489e+04   0.000000e+00   3.670908e+05   5487s
  748770    9.6849439e+04   0.000000e+00   1.823025e+06   5490s
  749420    9.6849385e+04   0.000000e+00   3.880704e+05   5496s
  749820    9.6849322e+04   0.000000e+00   2.971706e+06   5500s
  750390    9.6848923e+04   0.000000e+00   4.309287e+06   5506s
  751000    9.6848712e+04   0.000000e+00   2.610814e+06   5511s
  751640    9.6848618e+04   0.000000e+00   1.390123e+05   5517s
  752000    9.6848505e+04   0.000000e+00   2.435426e+05   5521s
  752590    9.6848395e+04   0.000000e+00   5.424879e+06   5527s
  752950    9.6848362e+04   0.000000e+00   3.287483e+04   5531s
  753580    9.6848283e+04   0.000000e+00   2.588327e+06   5537s
  753990    9.6848258e+04   0.000000e+00   4.698812e+05   5541s
  754600    9.6848157e+04   0.000000e+00   5.187653e+05   5547s
  755030    9.6848093e+04   0.000000e+00   9.297573e+05   5551s
  755630    9.6847953e+04   0.000000e+00   1.408098e+07   5556s
  755980    9.6847893e+04   0.000000e+00   1.138049e+08   5560s
  756510    9.6847811e+04   0.000000e+00   1.151456e+05   5566s
  757050    9.6847728e+04   0.000000e+00   9.244594e+06   5571s
  757410    9.6847680e+04   0.000000e+00   6.588375e+06   5575s
  757930    9.6847610e+04   0.000000e+00   9.282545e+05   5581s
  758510    9.6847452e+04   0.000000e+00   2.034855e+06   5587s
  758890    9.6847273e+04   0.000000e+00   9.579947e+06   5590s
  759570    9.6846967e+04   0.000000e+00   5.892232e+06   5596s
  759960    9.6846867e+04   0.000000e+00   6.172426e+05   5600s
  760550    9.6846517e+04   0.000000e+00   2.913697e+06   5606s
  761110    9.6846392e+04   0.000000e+00   1.004360e+07   5612s
  761510    9.6846188e+04   0.000000e+00   9.161662e+06   5616s
  762060    9.6846026e+04   0.000000e+00   1.070091e+05   5622s
  762420    9.6845996e+04   0.000000e+00   2.671952e+06   5625s
  762970    9.6845930e+04   0.000000e+00   2.712978e+07   5631s
  763350    9.6845895e+04   0.000000e+00   5.065810e+04   5635s
  763890    9.6845813e+04   0.000000e+00   2.535697e+07   5641s
  764440    9.6845736e+04   0.000000e+00   6.275117e+06   5647s
  764890    9.6845648e+04   0.000000e+00   4.855505e+05   5651s
  765587    9.6845581e+04   0.000000e+00   1.273835e+05   5656s
  766247    9.6845527e+04   0.000000e+00   3.863533e+06   5662s
  766607    9.6845471e+04   0.000000e+00   2.436122e+05   5665s
  767217    9.6845428e+04   0.000000e+00   6.716683e+05   5671s
  767647    9.6845368e+04   0.000000e+00   5.074339e+06   5675s
  768267    9.6845184e+04   0.000000e+00   1.348871e+07   5681s
  768697    9.6845088e+04   0.000000e+00   1.074020e+05   5685s
  769357    9.6845041e+04   0.000000e+00   6.402166e+05   5691s
  769937    9.6844886e+04   0.000000e+00   3.919544e+05   5696s
  770507    9.6844548e+04   0.000000e+00   7.775326e+05   5702s
  770867    9.6844493e+04   0.000000e+00   5.638101e+05   5706s
  771447    9.6844318e+04   0.000000e+00   3.886282e+05   5711s
  771777    9.6844191e+04   0.000000e+00   5.065608e+06   5715s
  772377    9.6844021e+04   0.000000e+00   1.730469e+05   5721s
  772907    9.6843798e+04   0.000000e+00   1.263272e+07   5727s
  773267    9.6843723e+04   0.000000e+00   5.215779e+06   5731s
  773797    9.6843656e+04   0.000000e+00   5.111654e+07   5736s
  774147    9.6843449e+04   0.000000e+00   6.209821e+05   5740s
  774707    9.6843366e+04   0.000000e+00   1.535937e+06   5746s
  775307    9.6843208e+04   0.000000e+00   2.089693e+05   5751s
  775687    9.6843164e+04   0.000000e+00   1.389809e+07   5755s
  776287    9.6843053e+04   0.000000e+00   4.768520e+05   5761s
  776887    9.6842954e+04   0.000000e+00   6.883604e+05   5766s
  777487    9.6842892e+04   0.000000e+00   1.192064e+06   5771s
  778147    9.6842850e+04   0.000000e+00   3.749999e+05   5777s
  778567    9.6842795e+04   0.000000e+00   6.799877e+05   5780s
  779107    9.6842689e+04   0.000000e+00   2.418069e+06   5786s
  779657    9.6842413e+04   0.000000e+00   1.166498e+08   5791s
  779997    9.6842368e+04   0.000000e+00   1.028696e+05   5795s
  780617    9.6842243e+04   0.000000e+00   1.907801e+06   5801s
  781207    9.6842094e+04   0.000000e+00   6.321459e+04   5806s
  781607    9.6842008e+04   0.000000e+00   1.642688e+08   5810s
  782147    9.6841910e+04   0.000000e+00   5.649328e+06   5816s
  782697    9.6841831e+04   0.000000e+00   7.042453e+06   5821s
  783177    9.6841757e+04   0.000000e+00   3.259652e+06   5825s
  783767    9.6841681e+04   0.000000e+00   3.183075e+07   5830s
  784327    9.6841533e+04   0.000000e+00   3.458283e+05   5836s
  784857    9.6841441e+04   0.000000e+00   8.760542e+04   5842s
  785257    9.6841400e+04   0.000000e+00   1.097029e+05   5845s
  785927    9.6841346e+04   0.000000e+00   2.929143e+06   5851s
  786604    9.6841278e+04   0.000000e+00   1.837435e+07   5856s
  787194    9.6841233e+04   0.000000e+00   3.847447e+05   5861s
  787734    9.6841168e+04   0.000000e+00   6.153150e+06   5867s
  788024    9.6841122e+04   0.000000e+00   7.064581e+04   5871s
  788584    9.6841045e+04   0.000000e+00   4.394745e+07   5876s
  789064    9.6840930e+04   0.000000e+00   2.352083e+05   5882s
  789434    9.6840895e+04   0.000000e+00   5.934204e+05   5886s
  790054    9.6840824e+04   0.000000e+00   8.121820e+03   5891s
  790634    9.6840752e+04   0.000000e+00   5.288556e+03   5897s
  790984    9.6840677e+04   0.000000e+00   1.249299e+07   5900s
  791454    9.6840530e+04   0.000000e+00   3.088576e+05   5906s
  791794    9.6840475e+04   0.000000e+00   2.382769e+04   5910s
  792394    9.6840333e+04   0.000000e+00   1.588080e+06   5916s
  793094    9.6840281e+04   0.000000e+00   1.384227e+06   5921s
  793614    9.6840190e+04   0.000000e+00   1.415753e+05   5927s
  794014    9.6840158e+04   0.000000e+00   2.458177e+07   5930s
  794554    9.6840076e+04   0.000000e+00   5.955501e+05   5936s
  795194    9.6840025e+04   0.000000e+00   3.513302e+05   5941s
  795904    9.6839680e+04   0.000000e+00   1.907554e+06   5947s
  796384    9.6839651e+04   0.000000e+00   6.568376e+05   5950s
  796954    9.6839545e+04   0.000000e+00   1.364876e+04   5956s
  797324    9.6839471e+04   0.000000e+00   2.467916e+04   5960s
  797954    9.6839426e+04   0.000000e+00   6.696020e+06   5966s
  798564    9.6839349e+04   0.000000e+00   6.962785e+06   5971s
  798944    9.6839293e+04   0.000000e+00   2.142131e+07   5975s
  799604    9.6839242e+04   0.000000e+00   9.165252e+04   5981s
  800214    9.6839099e+04   0.000000e+00   7.302321e+03   5987s
  800644    9.6839062e+04   0.000000e+00   1.811645e+06   5990s
  801364    9.6839008e+04   0.000000e+00   2.436467e+06   5996s
  801704    9.6838934e+04   0.000000e+00   4.564351e+04   6000s
  802324    9.6838849e+04   0.000000e+00   1.207940e+05   6006s
  802884    9.6838780e+04   0.000000e+00   7.721762e+06   6012s
  803264    9.6838763e+04   0.000000e+00   7.265061e+05   6016s
  803874    9.6838719e+04   0.000000e+00   9.217849e+04   6021s
  804274    9.6838696e+04   0.000000e+00   1.474469e+06   6025s
  804864    9.6838654e+04   0.000000e+00   8.693582e+07   6031s
  805514    9.6838626e+04   0.000000e+00   1.410524e+05   6036s
  805984    9.6838580e+04   0.000000e+00   1.804314e+05   6040s
  806634    9.6838534e+04   0.000000e+00   1.051361e+05   6046s
  807254    9.6838475e+04   0.000000e+00   9.346578e+05   6052s
  807644    9.6838443e+04   0.000000e+00   4.939176e+05   6055s
  808274    9.6838399e+04   0.000000e+00   2.107284e+06   6061s
  808834    9.6838303e+04   0.000000e+00   3.232618e+05   6067s
  809274    9.6838257e+04   0.000000e+00   1.535143e+05   6070s
  809904    9.6838168e+04   0.000000e+00   2.258512e+05   6076s
  810721    9.6838115e+04   0.000000e+00   1.015861e+06   6081s
  811361    9.6838085e+04   0.000000e+00   2.917472e+05   6087s
  812298    9.6838034e+04   0.000000e+00   8.801365e+03   6092s
  812728    9.6837991e+04   0.000000e+00   3.503347e+06   6095s
  813418    9.6837917e+04   0.000000e+00   1.704501e+05   6101s
  814118    9.6837845e+04   0.000000e+00   9.627980e+06   6106s
  814758    9.6837710e+04   0.000000e+00   3.916274e+05   6111s
  815498    9.6837582e+04   0.000000e+00   2.086809e+08   6117s
  815898    9.6837522e+04   0.000000e+00   3.226371e+05   6121s
  816518    9.6837496e+04   0.000000e+00   7.027441e+05   6126s
  817128    9.6837366e+04   0.000000e+00   2.246095e+05   6131s
  817558    9.6837330e+04   0.000000e+00   1.570822e+07   6135s
  818275    9.6837199e+04   0.000000e+00   6.079208e+06   6141s
  818955    9.6837145e+04   0.000000e+00   3.442020e+03   6146s
  819565    9.6837097e+04   0.000000e+00   4.264792e+05   6152s
  820035    9.6837067e+04   0.000000e+00   6.402626e+03   6155s
  820675    9.6837017e+04   0.000000e+00   7.716312e+06   6161s
  821225    9.6836987e+04   0.000000e+00   9.231160e+06   6166s
  821805    9.6836929e+04   0.000000e+00   3.806892e+06   6172s
  822185    9.6836906e+04   0.000000e+00   1.382946e+06   6175s
  822885    9.6836863e+04   0.000000e+00   1.504159e+08   6181s
  823535    9.6836824e+04   0.000000e+00   1.088158e+06   6186s
  824195    9.6836751e+04   0.000000e+00   2.342740e+05   6192s
  824585    9.6836742e+04   0.000000e+00   1.057207e+05   6195s
  825195    9.6836714e+04   0.000000e+00   5.290307e+05   6201s
  825935    9.6836697e+04   0.000000e+00   7.298715e+04   6206s
  826525    9.6836667e+04   0.000000e+00   7.694208e+04   6212s
  826955    9.6836638e+04   0.000000e+00   6.386347e+05   6215s
  827605    9.6836610e+04   0.000000e+00   4.351926e+06   6221s
  828442    9.6836584e+04   0.000000e+00   1.068414e+07   6225s
  829152    9.6836548e+04   0.000000e+00   2.951681e+04   6231s
  829782    9.6836508e+04   0.000000e+00   4.506223e+04   6236s
  830402    9.6836472e+04   0.000000e+00   8.069958e+06   6241s
  831112    9.6836436e+04   0.000000e+00   1.833621e+06   6247s
  831582    9.6836417e+04   0.000000e+00   1.855903e+03   6250s
  832292    9.6836383e+04   0.000000e+00   7.514253e+04   6256s
  832942    9.6836349e+04   0.000000e+00   4.095058e+03   6261s
  833652    9.6836307e+04   0.000000e+00   2.432762e+05   6267s
  834002    9.6836276e+04   0.000000e+00   1.241696e+04   6270s
  834682    9.6836259e+04   0.000000e+00   8.567921e+03   6276s
  835322    9.6836221e+04   0.000000e+00   6.760860e+03   6281s
  835942    9.6836209e+04   0.000000e+00   3.149489e+04   6287s
  836352    9.6836201e+04   0.000000e+00   3.650708e+05   6290s
  837022    9.6836193e+04   0.000000e+00   3.729326e+03   6296s
  837712    9.6836182e+04   0.000000e+00   7.120624e+04   6301s
  838142    9.6836173e+04   0.000000e+00   9.152302e+02   6305s
  838872    9.6836156e+04   0.000000e+00   2.158595e+04   6311s
  839502    9.6836140e+04   0.000000e+00   4.201709e+05   6316s
  840092    9.6836114e+04   0.000000e+00   2.929092e+05   6322s
  840542    9.6836103e+04   0.000000e+00   3.706469e+05   6326s
  841152    9.6836089e+04   0.000000e+00   4.066870e+04   6331s
  841772    9.6836082e+04   0.000000e+00   1.241612e+05   6337s
  842152    9.6836078e+04   0.000000e+00   3.582070e+03   6340s
  842822    9.6836070e+04   0.000000e+00   3.019474e+03   6346s
  843562    9.6836063e+04   0.000000e+00   5.303997e+04   6351s
  844232    9.6836052e+04   0.000000e+00   1.146161e+04   6357s
  844759    9.6836047e+04   0.000000e+00   9.394320e+04   6360s
  845506    9.6836042e+04   0.000000e+00   1.506124e+06   6365s
  846206    9.6836035e+04   0.000000e+00   4.941929e+02   6371s
  846836    9.6836031e+04   0.000000e+00   2.951254e+04   6376s
  847236    9.6836029e+04   0.000000e+00   4.848169e+03   6380s
  847916    9.6836025e+04   0.000000e+00   1.552659e+04   6385s
  848556    9.6836018e+04   0.000000e+00   2.736149e+02   6391s
  849273    9.6836010e+04   0.000000e+00   2.732304e+03   6397s
  849810    9.6836006e+04   0.000000e+00   1.482017e+03   6400s
  851031    9.6836003e+04   0.000000e+00   1.550925e+01   6406s
  852539    9.6835991e+04   0.000000e+00   1.437160e+02   6411s
  853453    9.6835984e+04   0.000000e+00   2.477212e+03   6416s
  854495    9.6835981e+04   0.000000e+00   2.917244e+00   6421s
  855548    9.7692408e+04   4.019421e+05   0.000000e+00   6427s
  855828    9.7692718e+04   3.317223e+05   0.000000e+00   6430s
  856548    9.7696506e+04   3.131628e+05   0.000000e+00   6436s
  857162    9.7699299e+04   1.148039e+05   0.000000e+00   6441s
  857880    9.7701765e+04   5.191376e+04   0.000000e+00   6446s
  859045    9.7703247e+04   1.416923e+05   0.000000e+00   6453s
  859315    9.7703418e+04   1.645211e+04   0.000000e+00   6456s
  859943    9.7703854e+04   1.153581e+05   0.000000e+00   6463s
  860243    9.7704136e+04   4.184386e+05   0.000000e+00   6466s
  860800    9.7704480e+04   1.121598e+05   0.000000e+00   6473s
  861070    9.7704590e+04   5.305663e+04   0.000000e+00   6476s
  861690    9.7705135e+04   5.986944e+04   0.000000e+00   6483s
  862080    9.7705185e+04   3.282559e+05   0.000000e+00   6487s
  863050    9.7706779e+04   3.364106e+05   0.000000e+00   6491s
  863720    9.7707362e+04   7.731190e+03   0.000000e+00   6498s
  864000    9.7707694e+04   4.370299e+04   0.000000e+00   6501s
  864819    9.7709664e+04   8.723089e+04   0.000000e+00   6506s
  865390    9.7710143e+04   6.455941e+04   0.000000e+00   6514s
  865697    9.7710590e+04   1.610711e+04   0.000000e+00   6517s
  866037    9.7710699e+04   3.194036e+05   0.000000e+00   6521s
  866537    9.7710830e+04   2.964578e+06   0.000000e+00   6528s
  866844    9.7711316e+04   1.101488e+06   0.000000e+00   6531s
  867504    9.7711619e+04   7.358220e+05   0.000000e+00   6538s
  868118    9.7713043e+04   2.181564e+05   0.000000e+00   6541s
  868608    9.7713291e+04   2.390577e+05   0.000000e+00   6549s
  868848    9.7713312e+04   4.782845e+05   0.000000e+00   6552s
  869088    9.7713380e+04   6.343330e+05   0.000000e+00   6556s
  869548    9.7713467e+04   2.567152e+06   0.000000e+00   6563s
  869808    9.7713513e+04   4.177808e+05   0.000000e+00   6567s
  870115    9.7713633e+04   1.336921e+06   0.000000e+00   6571s
  870655    9.7713809e+04   3.334463e+06   0.000000e+00   6578s
  870905    9.7713851e+04   2.401757e+06   0.000000e+00   6581s
  871442    9.7717956e+04   9.310708e+04   0.000000e+00   6588s
  871742    9.7808548e+04   5.608688e+05   0.000000e+00   6592s
  871972    9.7808580e+04   1.107686e+07   0.000000e+00   6595s
  872422    9.7808658e+04   1.168040e+07   0.000000e+00   6602s
  872662    9.7808686e+04   1.604616e+06   0.000000e+00   6606s
  873142    9.7808738e+04   2.941607e+06   0.000000e+00   6613s
  873382    9.7808767e+04   2.759913e+06   0.000000e+00   6616s
  873872    9.7808780e+04   4.989763e+06   0.000000e+00   6623s
  874092    9.7808809e+04   2.429156e+07   0.000000e+00   6627s
  874312    9.7808824e+04   5.279505e+04   0.000000e+00   6630s
  874752    9.7808851e+04   1.800890e+06   0.000000e+00   6637s
  874972    9.7808887e+04   6.959084e+04   0.000000e+00   6641s
  875422    9.7808959e+04   3.952314e+05   0.000000e+00   6648s
  875652    9.7808998e+04   7.074675e+03   0.000000e+00   6652s
  875882    9.7809016e+04   1.981321e+04   0.000000e+00   6656s
  876472    9.7809190e+04   3.043374e+04   0.000000e+00   6663s
  876732    9.7809281e+04   3.570572e+05   0.000000e+00   6666s
  877282    9.7809417e+04   1.755841e+05   0.000000e+00   6673s
  877542    9.7809535e+04   1.096209e+06   0.000000e+00   6677s
  877792    9.7809666e+04   4.404889e+05   0.000000e+00   6680s
  878713    9.7812330e+04   8.550485e+04   0.000000e+00   6688s
  878953    9.7812354e+04   8.328373e+04   0.000000e+00   6691s
  879540    9.7812574e+04   9.615561e+03   0.000000e+00   6698s
  880127    9.7888598e+04   4.468617e+04   0.000000e+00   6703s
  880377    9.7888618e+04   8.630430e+04   0.000000e+00   6707s
  880637    9.7888633e+04   2.124025e+04   0.000000e+00   6710s
  881077    9.7888696e+04   6.713465e+04   0.000000e+00   6718s
  881317    9.7888726e+04   3.939205e+05   0.000000e+00   6721s
  881837    9.7889002e+04   4.696420e+04   0.000000e+00   6728s
  882067    9.7889014e+04   3.708474e+04   0.000000e+00   6732s
  882317    9.7889025e+04   1.927313e+04   0.000000e+00   6735s
  882797    9.7889049e+04   2.094415e+04   0.000000e+00   6743s
  883077    9.7889469e+04   2.008157e+05   0.000000e+00   6746s
  883317    9.7889484e+04   2.188424e+05   0.000000e+00   6750s
  883767    9.7889519e+04   1.479132e+04   0.000000e+00   6757s
  884074    9.7893638e+04   1.715900e+05   0.000000e+00   6760s
  884564    9.7893859e+04   1.207094e+05   0.000000e+00   6767s
  884871    9.7894061e+04   5.408560e+05   0.000000e+00   6771s
  885431    9.7894173e+04   5.482793e+04   0.000000e+00   6778s
  885661    9.7894211e+04   2.085317e+06   0.000000e+00   6781s
  886201    9.7894316e+04   8.385544e+04   0.000000e+00   6788s
  886431    9.7894323e+04   1.625892e+05   0.000000e+00   6791s
  887045    9.7897576e+04   1.857944e+04   0.000000e+00   6795s
  887911    9.7899456e+04   1.223818e+03   0.000000e+00   6802s
  888281    9.7899476e+04   2.840670e+03   0.000000e+00   6806s
  888731    9.7899495e+04   6.733209e+02   0.000000e+00   6812s
  889345    9.7899774e+04   1.076153e+04   0.000000e+00   6817s
  889595    9.7899789e+04   4.289546e+02   0.000000e+00   6821s
  890085    9.7899827e+04   1.889197e+03   0.000000e+00   6827s
  891006    9.7900063e+04   3.190646e+04   0.000000e+00   6832s
  891620    9.7900299e+04   3.065998e+02   0.000000e+00   6836s
  892234    9.7901007e+04   3.926434e+03   0.000000e+00   6841s
  892811    9.7901021e+04   2.297024e+03   0.000000e+00   6847s
  893051    9.7901022e+04   1.581944e+03   0.000000e+00   6850s
  893568    9.7901047e+04   1.163747e+00   0.000000e+00   6856s
  894434    9.7901056e+04   0.000000e+00   0.000000e+00   6860s
Extra simplex iterations after uncrush: 9
  894579    9.7901056e+04   0.000000e+00   0.000000e+00   6862s

Use crossover to convert LP symmetric solution to basic solution...
Crossover log...

   27838 DPushes remaining with DInf 0.0000000e+00              6863s
   14994 DPushes remaining with DInf 0.0000000e+00              6865s
    2130 DPushes remaining with DInf 0.0000000e+00              6871s
    1478 DPushes remaining with DInf 0.0000000e+00              6876s
     516 DPushes remaining with DInf 0.0000000e+00              6883s
     190 DPushes remaining with DInf 0.0000000e+00              6886s
       0 DPushes remaining with DInf 0.0000000e+00              6887s

   28724 PPushes remaining with PInf 0.0000000e+00              6887s
   10122 PPushes remaining with PInf 0.0000000e+00              6890s
       0 PPushes remaining with PInf 0.0000000e+00              6893s

  Push phase complete: Pinf 0.0000000e+00, Dinf 1.1323926e+04   6893s

Iteration    Objective       Primal Inf.    Dual Inf.      Time
  950978    9.7901056e+04   0.000000e+00   1.132393e+04   6893s
  951432    9.7901056e+04   0.000000e+00   0.000000e+00   6898s

Solved in 951432 iterations and 6897.74 seconds (7551.67 work units)
Optimal objective  9.790105618e+04

User-callback calls 1118770, time in user-callback 3.33 sec
