
Gurobi 12.0.1 (linux64) logging started mer. 10 juin 2026 14:26:09

Set parameter LogFile to value "Results_ID_244/Run_244_2026-06-10.log"

Gurobi 12.0.1 (linux64) logging started mer. 10 juin 2026 14:26:09

Set parameter LogFile to value "Results_ID_244/Run_244_2026-06-10.log"
Gurobi Optimizer version 12.0.1 build v12.0.1rc0 (linux64 - "Ubuntu 24.04.3 LTS")

CPU model: Intel(R) Xeon(R) Silver 4214R CPU @ 2.40GHz, instruction set [SSE2|AVX|AVX2|AVX512]
Thread count: 24 physical cores, 48 logical processors, using up to 48 threads

Non-default parameters:
Method  2
BarHomogeneous  1
Threads  48

Optimize a model with 781386 rows, 1871983 columns and 3669025 nonzeros
Model fingerprint: 0xafc67a36
Coefficient statistics:
  Matrix range     [3e-05, 6e+03]
  Objective range  [1e+00, 1e+04]
  Bounds range     [0e+00, 0e+00]
  RHS range        [3e-05, 1e+06]
Presolve removed 660714 rows and 1736301 columns
Presolve time: 2.01s
Presolved: 120672 rows, 135682 columns, 847876 nonzeros

Ordering time: 1.80s

Barrier statistics:
 AA' NZ     : 2.536e+06
 Factor NZ  : 1.698e+07 (roughly 230 MB of memory)
 Factor Ops : 5.451e+09 (less than 1 second per iteration)
 Threads    : 48

                  Objective                Residual
Iter       Primal          Dual         Primal    Dual     Compl     Time
   0   8.24799912e+13 -7.50779940e+13  1.17e+10 6.64e+02  3.90e+11     5s
   1   6.36745781e+13 -7.16533877e+13  8.91e+09 5.42e+03  3.06e+11     5s
   2   5.02729447e+13 -7.26236382e+13  6.92e+09 4.46e+03  2.41e+11     5s
   3   4.05279571e+13 -7.76594008e+13  5.41e+09 3.72e+03  1.92e+11     5s
   4   1.67559308e+13 -4.90550372e+13  2.16e+09 2.35e+03  5.88e+10     6s
   5   7.44694213e+12 -2.72614982e+13  8.88e+08 1.34e+03  1.79e+10     6s
   6   3.95040218e+12 -1.40216312e+13  4.18e+08 6.97e+02  6.32e+09     6s
   7   2.51533614e+12 -9.38201726e+12  2.29e+08 4.85e+02  3.18e+09     6s
   8   1.71016598e+12 -4.55339070e+12  1.27e+08 2.53e+02  1.41e+09     6s
   9   1.17080504e+12 -2.39993444e+12  6.48e+07 1.48e+02  6.54e+08     7s
  10   8.14824905e+11 -1.26820856e+12  2.86e+07 9.08e+01  3.04e+08     7s
  11   6.09284986e+11 -4.09369741e+11  1.43e+07 4.39e+01  1.28e+08     7s
  12   4.31873178e+11 -8.56565330e+10  8.15e+06 2.20e+01  5.49e+07     7s
  13   3.18460232e+11 -5.44595064e+10  5.37e+06 1.59e+01  3.12e+07     7s
  14   2.43459402e+11 -3.15706644e+10  3.79e+06 1.07e+01  1.78e+07     8s
  15   1.66195297e+11 -1.46474269e+10  2.55e+06 5.96e+00  8.37e+06     8s
  16   6.88986328e+10 -4.01820120e+09  1.05e+06 1.94e+00  1.97e+06     8s
  17   2.50359439e+10 -1.52582571e+09  3.78e+05 8.25e-01  5.47e+05     8s
  18   7.34179607e+09 -3.54876319e+08  1.08e+05 2.29e-01  1.15e+05     8s
  19   2.52831968e+09 -1.68103885e+08  3.68e+04 1.03e-01  3.67e+04     8s
  20   2.18480525e+09 -9.09638477e+07  3.18e+04 5.83e-02  2.75e+04     9s
  21   1.22202016e+09 -6.39869684e+07  1.78e+04 3.97e-02  1.53e+04     9s
  22   7.07099199e+08 -2.21396808e+07  1.03e+04 1.18e-02  7.52e+03     9s
  23   3.71673835e+08 -1.85618547e+07  5.47e+03 9.23e-03  4.11e+03     9s
  24   2.42046165e+08 -1.59162842e+07  3.57e+03 7.58e-03  2.75e+03     9s
  25   1.72265792e+08 -1.10807149e+07  2.54e+03 5.08e-03  1.91e+03     9s
  26   1.41593962e+08 -9.86658431e+06  2.09e+03 4.42e-03  1.58e+03     9s
  27   9.45046630e+07 -8.96253644e+06  1.39e+03 3.96e-03  1.11e+03    10s
  28   5.64835212e+07 -4.16809254e+06  8.41e+02 1.40e-03  5.91e+02    10s
  29   3.04593506e+07 -2.16702721e+06  4.59e+02 4.99e-04  2.98e+02    10s
  30   1.14275387e+07 -1.23772755e+06  1.78e+02 2.32e-04  1.12e+02    10s
  31   5.91663175e+06 -6.75740250e+05  9.25e+01 1.15e-04  5.59e+01    11s
  32   3.93274442e+06 -5.66292204e+05  6.12e+01 9.80e-05  3.80e+01    11s
  33   2.52179427e+06 -5.47450407e+05  3.96e+01 9.43e-05  2.62e+01    11s
  34   1.87777759e+06 -4.02362701e+05  2.94e+01 7.05e-05  1.89e+01    11s
  35   1.26435832e+06 -2.56721246e+05  1.96e+01 4.78e-05  1.22e+01    11s
  36   9.85071064e+05 -1.53539365e+05  1.50e+01 3.29e-05  8.89e+00    12s
  37   6.90095032e+05 -8.36702950e+04  1.03e+01 2.18e-05  5.88e+00    12s
  38   5.81508659e+05 -7.44069275e+04  8.61e+00 2.06e-05  4.97e+00    12s
  39   5.01632894e+05 -2.20400942e+04  7.24e+00 1.25e-05  3.84e+00    12s
  40   4.21531488e+05  3.17245069e+03  5.87e+00 9.46e-06  3.02e+00    13s
  41   3.62150414e+05  2.05858731e+04  4.84e+00 7.60e-06  2.45e+00    13s
  42   3.21773730e+05  3.35536409e+04  4.15e+00 6.15e-06  2.05e+00    13s
  43   2.94638020e+05  3.61095390e+04  3.66e+00 5.83e-06  1.82e+00    13s
  44   2.86093414e+05  4.21519183e+04  3.46e+00 5.25e-06  1.71e+00    14s
  45   2.64210512e+05  5.30182395e+04  3.08e+00 4.17e-06  1.47e+00    14s
  46   2.36070049e+05  5.98363874e+04  2.59e+00 3.48e-06  1.21e+00    14s
  47   1.82790425e+05  6.87742925e+04  1.65e+00 2.68e-06  7.67e-01    14s
  48   1.46447823e+05  7.79564722e+04  9.68e-01 1.94e-06  4.49e-01    15s
  49   1.34207365e+05  8.07736174e+04  7.39e-01 1.74e-06  3.45e-01    15s
  50   1.21441394e+05  8.60019364e+04  4.91e-01 1.36e-06  2.25e-01    15s
  51   1.14326247e+05  8.99443319e+04  3.48e-01 1.08e-06  1.53e-01    16s
  52   1.11283057e+05  9.14732278e+04  2.86e-01 9.51e-07  1.24e-01    16s
  53   1.07855102e+05  9.27438253e+04  2.15e-01 8.43e-07  9.36e-02    16s
  54   1.06046711e+05  9.41155690e+04  1.78e-01 7.12e-07  7.38e-02    17s
  55   1.03960174e+05  9.48816527e+04  1.34e-01 6.34e-07  5.59e-02    17s
  56   1.03210762e+05  9.52643266e+04  1.18e-01 5.62e-07  4.88e-02    17s
  57   1.02503050e+05  9.57855268e+04  1.04e-01 4.64e-07  4.12e-02    17s
  58   1.01596126e+05  9.61589269e+04  8.44e-02 4.29e-07  3.34e-02    18s
  59   1.00342837e+05  9.65830671e+04  5.68e-02 3.46e-07  2.29e-02    18s
  60   1.00007570e+05  9.67214247e+04  4.95e-02 3.27e-07  2.00e-02    18s
  61   9.96763612e+04  9.69718532e+04  4.26e-02 2.64e-07  1.65e-02    19s
  62   9.93442523e+04  9.71489313e+04  3.52e-02 2.38e-07  1.34e-02    19s
  63   9.89575977e+04  9.71914434e+04  2.73e-02 2.18e-07  1.08e-02    19s
  64   9.87456208e+04  9.73356845e+04  2.28e-02 1.54e-07  8.60e-03    20s
  65   9.84172344e+04  9.74532874e+04  1.57e-02 1.03e-07  5.86e-03    20s
  66   9.83369700e+04  9.74703626e+04  1.39e-02 9.59e-08  5.27e-03    21s
  67   9.81455356e+04  9.75370665e+04  9.63e-03 6.89e-08  3.70e-03    21s

Barrier performed 67 iterations in 21.11 seconds (20.83 work units)
Optimization interrupted


Stopped in 0 iterations and 21.11 seconds (21.03 work units)
Solve interrupted

User-callback calls 4097, time in user-callback 0.02 sec

Gurobi 12.0.1 (linux64) logging started mer. 10 juin 2026 14:31:08

Set parameter LogFile to value "Results_ID_244/Run_244_2026-06-10.log"

Gurobi 12.0.1 (linux64) logging started mer. 10 juin 2026 14:31:09

Set parameter LogFile to value "Results_ID_244/Run_244_2026-06-10.log"
Gurobi Optimizer version 12.0.1 build v12.0.1rc0 (linux64 - "Ubuntu 24.04.3 LTS")

CPU model: Intel(R) Xeon(R) Silver 4214R CPU @ 2.40GHz, instruction set [SSE2|AVX|AVX2|AVX512]
Thread count: 24 physical cores, 48 logical processors, using up to 48 threads

Non-default parameters:
Method  2
BarHomogeneous  1
Threads  48

Optimize a model with 781327 rows, 1871983 columns and 3668848 nonzeros
Model fingerprint: 0xcc6a1686
Coefficient statistics:
  Matrix range     [3e-05, 6e+03]
  Objective range  [1e+00, 1e+04]
  Bounds range     [0e+00, 0e+00]
  RHS range        [3e-05, 1e+06]
Presolve removed 660764 rows and 1736411 columns
Presolve time: 2.02s
Presolved: 120563 rows, 135572 columns, 847481 nonzeros

Ordering time: 1.83s

Barrier statistics:
 AA' NZ     : 2.529e+06
 Factor NZ  : 1.687e+07 (roughly 230 MB of memory)
 Factor Ops : 5.323e+09 (less than 1 second per iteration)
 Threads    : 48

                  Objective                Residual
Iter       Primal          Dual         Primal    Dual     Compl     Time
   0   8.03171071e+13 -7.87750959e+13  1.82e+10 6.64e+02  3.90e+11     5s
   1   6.14818363e+13 -7.48338574e+13  1.38e+10 4.70e+03  3.04e+11     5s
   2   5.50030725e+13 -7.59356898e+13  1.23e+10 4.31e+03  2.74e+11     5s
   3   4.69907531e+13 -7.94600659e+13  1.03e+10 3.64e+03  2.34e+11     5s
   4   2.62798756e+13 -5.02257040e+13  5.65e+09 2.75e+03  9.78e+10     5s
   5   1.11409807e+13 -2.00832880e+13  2.29e+09 1.19e+03  2.18e+10     6s
   6   4.66163146e+12 -7.59696665e+12  8.54e+08 4.73e+02  5.09e+09     6s
   7   2.18080915e+12 -4.11843401e+12  3.13e+08 2.73e+02  1.69e+09     6s
   8   1.60753302e+12 -1.48791126e+12  1.68e+08 1.20e+02  7.35e+08     6s
   9   9.75511787e+11 -5.43323307e+11  6.66e+07 6.02e+01  2.76e+08     7s
  10   5.32176255e+11 -3.29640198e+11  2.75e+07 4.33e+01  1.16e+08     7s
  11   4.96918294e+11 -1.26574713e+11  2.50e+07 2.69e+01  7.91e+07     7s
  12   2.59149728e+11 -3.68907824e+10  1.19e+07 1.32e+01  2.52e+07     7s
  13   1.21416812e+11 -7.18310266e+09  5.24e+06 5.32e+00  6.56e+06     7s
  14   5.82060339e+10 -2.06736632e+09  2.47e+06 2.08e+00  1.87e+06     7s
  15   2.38493951e+10 -5.19237241e+08  9.86e+05 8.34e-01  5.24e+05     8s
  16   1.40591057e+10 -2.43327632e+08  5.78e+05 5.21e-01  2.71e+05     8s
  17   5.12460232e+09 -7.07420216e+07  2.09e+05 2.38e-01  8.46e+04     8s
  18   1.97334164e+09 -2.87607828e+07  8.03e+04 1.02e-01  2.83e+04     8s
  19   1.72417417e+09 -9.02188039e+06  7.02e+04 3.19e-02  1.97e+04     8s
  20   5.57152148e+08 -4.91265277e+06  2.28e+04 7.89e-03  5.88e+03     8s
  21   2.30459077e+08 -3.96188767e+06  9.50e+03 3.39e-03  2.41e+03     9s
  22   1.66954543e+08 -3.65983941e+06  6.90e+03 2.82e-03  1.76e+03     9s
  23   1.03275970e+08 -2.39567053e+06  4.29e+03 1.40e-03  1.05e+03     9s
  24   6.43392366e+07 -1.89007572e+06  2.69e+03 9.37e-04  6.54e+02     9s
  25   5.04236274e+07 -1.49926895e+06  2.11e+03 6.05e-04  5.02e+02     9s
  26   3.00289159e+07 -1.03794190e+06  1.27e+03 2.88e-04  2.90e+02     9s
  27   1.95520679e+07 -9.64224673e+05  8.33e+02 2.48e-04  1.92e+02    10s
  28   1.37758816e+07 -8.95576793e+05  5.91e+02 2.18e-04  1.37e+02    10s
  29   9.49063780e+06 -7.03663030e+05  4.10e+02 1.44e-04  9.33e+01    10s
  30   5.45063847e+06 -5.42503161e+05  2.37e+02 1.02e-04  5.37e+01    10s
  31   2.84394510e+06 -2.96611187e+05  1.25e+02 5.13e-05  2.71e+01    10s
  32   1.76013725e+06 -2.18992012e+05  7.62e+01 4.04e-05  1.68e+01    10s
  33   1.11197196e+06 -1.84849969e+05  4.93e+01 3.12e-05  1.06e+01    11s
  34   8.19965380e+05 -1.29070783e+05  3.60e+01 2.37e-05  7.58e+00    11s
  35   7.56638276e+05 -8.89427566e+04  3.31e+01 1.82e-05  6.65e+00    11s
  36   5.92786237e+05 -6.76945430e+04  2.55e+01 1.52e-05  5.11e+00    11s
  37   5.01865319e+05 -5.93700381e+04  2.12e+01 1.42e-05  4.32e+00    11s
  38   4.34860348e+05 -2.30457130e+04  1.79e+01 9.63e-06  3.45e+00    12s
  39   3.45567646e+05 -4.30191417e+03  1.36e+01 7.84e-06  2.60e+00    12s
  40   2.95208320e+05  1.49424344e+04  1.09e+01 5.94e-06  2.06e+00    12s
  41   2.83156430e+05  2.24652499e+04  1.01e+01 5.28e-06  1.92e+00    12s
  42   2.66828202e+05  2.51030974e+04  9.25e+00 5.06e-06  1.78e+00    13s
  43   2.29963488e+05  4.39043431e+04  7.37e+00 3.81e-06  1.37e+00    13s
  44   2.17764951e+05  5.07835958e+04  6.75e+00 3.37e-06  1.22e+00    13s
  45   1.99536966e+05  5.59594355e+04  5.74e+00 2.95e-06  1.04e+00    13s
  46   1.92841782e+05  5.93428020e+04  5.38e+00 2.73e-06  9.71e-01    14s
  47   1.87313221e+05  6.28933276e+04  5.03e+00 2.42e-06  9.12e-01    14s
  48   1.73657906e+05  6.41242179e+04  4.32e+00 2.38e-06  7.93e-01    14s
  49   1.74925298e+05  6.57398871e+04  4.08e+00 2.21e-06  7.82e-01    14s
  50   1.72688761e+05  6.85032073e+04  3.96e+00 1.97e-06  7.52e-01    15s
  51   1.69995642e+05  6.86672363e+04  3.80e+00 1.99e-06  7.26e-01    15s
  52   1.59285000e+05  7.02832561e+04  3.25e+00 1.83e-06  6.36e-01    15s
  53   1.55081269e+05  7.77968276e+04  3.04e+00 1.35e-06  5.60e-01    15s
  54   1.48533869e+05  8.02261108e+04  2.71e+00 1.23e-06  4.94e-01    16s
  55   1.45150430e+05  8.20775925e+04  2.54e+00 1.15e-06  4.57e-01    16s
  56   1.29113156e+05  8.45691025e+04  1.73e+00 1.09e-06  3.17e-01    16s
  57   1.22731553e+05  8.67099715e+04  1.39e+00 9.90e-07  2.54e-01    16s
  58   1.15643962e+05  8.78236502e+04  1.01e+00 1.02e-06  1.92e-01    17s
  59   1.12442089e+05  9.04884080e+04  8.38e-01 9.04e-07  1.52e-01    17s
  60   1.08698660e+05  9.17348124e+04  6.31e-01 9.10e-07  1.16e-01    18s
  61   1.06474270e+05  9.31436206e+04  5.07e-01 9.08e-07  9.08e-02    18s
  62   1.04967600e+05  9.42767033e+04  4.22e-01 7.69e-07  7.30e-02    18s
  63   1.03187308e+05  9.51020747e+04  3.22e-01 7.39e-07  5.51e-02    19s
  64   1.02346315e+05  9.56893097e+04  2.74e-01 6.75e-07  4.57e-02    19s
  65   1.01752145e+05  9.58029917e+04  2.40e-01 6.58e-07  4.07e-02    19s
  66   1.01052450e+05  9.61312770e+04  1.98e-01 6.10e-07  3.37e-02    20s
  67   1.00316194e+05  9.63912285e+04  1.54e-01 5.77e-07  2.67e-02    20s
  68   1.00097349e+05  9.67095935e+04  1.40e-01 4.56e-07  2.33e-02    21s
  69   9.97620847e+04  9.69219232e+04  1.20e-01 3.84e-07  1.96e-02    21s
  70   9.93733240e+04  9.71186184e+04  9.61e-02 2.90e-07  1.56e-02    22s
  71   9.91424248e+04  9.71942517e+04  8.19e-02 3.06e-07  1.34e-02    22s
  72   9.90915045e+04  9.72551012e+04  7.88e-02 2.55e-07  1.27e-02    23s
  73   9.89563720e+04  9.73300404e+04  7.06e-02 2.15e-07  1.13e-02    23s
  74   9.86929207e+04  9.74192833e+04  5.41e-02 2.13e-07  8.86e-03    24s
  75   9.86677209e+04  9.74394251e+04  5.25e-02 1.95e-07  8.56e-03    24s
  76   9.88150596e+04  9.74435065e+04  5.32e-02 1.84e-07  9.29e-03    24s
  77   9.86775975e+04  9.74513218e+04  4.59e-02 1.80e-07  8.24e-03    25s
  78   9.84874632e+04  9.75515863e+04  3.55e-02 1.33e-07  6.30e-03    25s
  79   9.84398714e+04  9.75570071e+04  3.18e-02 1.31e-07  5.88e-03    25s
  80   9.83650117e+04  9.75807681e+04  2.78e-02 1.20e-07  5.22e-03    26s
  81   9.82358504e+04  9.76690060e+04  2.09e-02 7.90e-08  3.80e-03    26s
  82   9.81711023e+04  9.77138021e+04  1.74e-02 5.95e-08  3.09e-03    27s
  83   9.80980647e+04  9.77480082e+04  1.77e-02 4.46e-08  2.37e-03    27s
  84   9.80966912e+04  9.77493405e+04  1.77e-02 4.42e-08  2.36e-03    28s
  85   9.80260695e+04  9.77592531e+04  2.02e-02 4.00e-08  1.79e-03    28s
  86   9.79944854e+04  9.77919246e+04  2.25e-02 3.37e-08  1.38e-03    29s
  87   9.79545082e+04  9.78179846e+04  1.63e-02 2.31e-08  9.65e-04    29s
  88   9.79100396e+04  9.78365295e+04  2.12e-02 1.37e-08  5.41e-04    29s
  89   9.78911000e+04  9.78529265e+04  1.76e-02 5.67e-09  3.23e-04    30s
  90   9.78745433e+04  9.78596336e+04  6.79e-03 3.25e-09  1.68e-04    30s
  91   9.78733665e+04  9.78652692e+04  1.30e-02 1.52e-09  1.31e-04    31s
  92   9.78730030e+04  9.78661838e+04  1.14e-02 1.24e-09  1.12e-04    31s
  93   9.78706100e+04  9.78660052e+04  1.90e-02 6.47e-10  1.10e-04    31s
  94   9.78683869e+04  9.78632335e+04  2.11e-02 6.68e-09  1.04e-04    31s
  95   9.78726883e+04  9.78648262e+04  2.02e-02 6.24e-09  1.20e-04    32s
  96   9.78729230e+04  9.78650902e+04  1.85e-02 6.08e-09  1.13e-04    32s
  97   9.78729813e+04  9.78657605e+04  1.81e-02 5.28e-09  1.08e-04    33s
  98   9.78650121e+04  9.78644759e+04  2.02e-02 1.78e-08  5.98e-05    33s
  99   9.78654693e+04  9.78661589e+04  1.99e-02 1.44e-08  5.85e-05    34s
 100   9.78654480e+04  9.78646739e+04  2.01e-02 1.95e-08  5.83e-05    34s
 101   9.78668087e+04  9.78667990e+04  1.83e-02 1.40e-08  5.43e-05    34s
 102   9.78675208e+04  9.78679801e+04  1.91e-02 1.09e-08  5.38e-05    35s
 103   9.78681139e+04  9.78707462e+04  1.91e-02 9.51e-09  5.88e-05    35s
 104   9.78680983e+04  9.78686580e+04  1.92e-02 1.16e-08  5.52e-05    35s
 105   9.78680738e+04  9.78675307e+04  1.93e-02 1.46e-08  5.43e-05    36s
 106   9.78685275e+04  9.78710924e+04  1.90e-02 1.26e-08  5.98e-05    36s
 107   9.78686359e+04  9.78712667e+04  1.90e-02 1.19e-08  5.97e-05    36s
 108   9.78697657e+04  9.78724922e+04  1.66e-02 8.88e-09  5.08e-05    37s
 109   9.78702355e+04  9.78731132e+04  1.56e-02 7.45e-09  4.80e-05    37s
 110   9.78707013e+04  9.78736970e+04  1.48e-02 6.52e-09  4.63e-05    38s
 111   9.78712206e+04  9.78763445e+04  1.51e-02 6.38e-09  5.26e-05    38s
 112   9.78712554e+04  9.78764830e+04  1.51e-02 6.38e-09  5.27e-05    38s
 113   9.78718164e+04  9.78786569e+04  1.48e-02 6.26e-09  5.76e-05    39s
 114   9.78718350e+04  9.78786612e+04  1.48e-02 6.25e-09  5.76e-05    39s
 115   9.78725885e+04  9.78788662e+04  1.46e-02 6.23e-09  5.89e-05    40s
 116   9.78726742e+04  9.78789003e+04  1.44e-02 6.22e-09  5.86e-05    40s
 117   9.78729032e+04  9.78792970e+04  1.41e-02 5.70e-09  5.70e-05    40s
 118   9.78727283e+04  9.78778756e+04  1.39e-02 1.34e-08  5.46e-05    41s
 119   9.78732912e+04  9.78779897e+04  1.35e-02 1.33e-08  5.37e-05    41s
 120   9.78732702e+04  9.78779541e+04  1.35e-02 1.35e-08  5.36e-05    41s
 121   9.78731526e+04  9.78762148e+04  1.34e-02 2.15e-08  5.24e-05    42s
 122   9.78733808e+04  9.78765867e+04  1.31e-02 2.06e-08  5.14e-05    42s
 123   9.78737225e+04  9.78769085e+04  1.30e-02 2.00e-08  5.06e-05    42s
 124   9.78737518e+04  9.78769605e+04  1.30e-02 1.99e-08  5.04e-05    43s
 125   9.78738145e+04  9.78770630e+04  1.29e-02 1.97e-08  5.03e-05    43s
 126   9.78739398e+04  9.78772562e+04  1.28e-02 1.95e-08  5.04e-05    43s
 127   9.78740642e+04  9.78774911e+04  1.27e-02 1.90e-08  4.98e-05    43s
 128   9.78739425e+04  9.78746850e+04  1.26e-02 3.31e-08  4.74e-05    44s
 129   9.78742202e+04  9.78751651e+04  1.23e-02 3.15e-08  4.63e-05    44s
 130   9.78742805e+04  9.78753171e+04  1.22e-02 3.16e-08  4.66e-05    44s
 131   9.78745534e+04  9.78754906e+04  1.21e-02 3.15e-08  4.70e-05    45s
 132   8.03170243e+13 -7.87634251e+14  1.82e+10 2.92e+01  3.90e+12    45s
 133   3.64591759e+13 -5.60805773e+14  8.13e+09 4.31e+04  1.53e+12    45s
 134   1.91296305e+13 -2.59896995e+14  4.13e+09 1.90e+04  4.46e+11    46s
 135   7.78794183e+12 -1.16730248e+14  1.56e+09 9.17e+03  1.07e+11    46s
 136   3.71044935e+12 -5.61510535e+13  6.48e+08 4.54e+03  3.30e+10    46s
 137   2.11963345e+12 -3.63392852e+13  2.87e+08 2.89e+03  1.48e+10    46s
 138   1.62395006e+12 -1.60760583e+13  1.29e+08 1.33e+03  7.03e+09    46s
 139   1.20244425e+12 -8.93230116e+12  7.23e+07 7.58e+02  3.51e+09    47s
 140   9.90478369e+11 -5.38505727e+12  4.54e+07 4.78e+02  2.03e+09    47s
 141   9.15075731e+11 -3.03489720e+12  3.68e+07 2.90e+02  1.35e+09    47s
 142   8.03531495e+11 -1.82920020e+12  2.48e+07 1.93e+02  8.48e+08    47s
 143   6.38341061e+11 -7.12921547e+11  1.28e+07 9.86e+01  3.76e+08    47s
 144   3.76259078e+11 -1.39388602e+11  5.09e+06 3.65e+01  9.74e+07    47s
 145   1.74313503e+11 -2.46029847e+10  1.93e+06 1.60e+01  2.43e+07    47s
 146   9.74295776e+10 -1.06821310e+10  1.05e+06 1.03e+01  1.02e+07    48s
 147   8.47342738e+10 -7.93206239e+09  9.04e+05 8.44e+00  7.69e+06    48s
 148   5.54071708e+10 -3.76219578e+09  5.84e+05 4.82e+00  3.52e+06    48s
 149   2.38872809e+10 -4.75333224e+08  2.52e+05 1.88e+00  9.73e+05    48s
 150   1.25590467e+10 -1.60866141e+08  1.29e+05 7.99e-01  3.61e+05    48s
 151   7.36673509e+09 -1.27399552e+08  7.53e+04 6.85e-01  2.12e+05    48s
 152   5.77070126e+09 -6.89659669e+07  5.90e+04 2.40e-01  1.17e+05    48s
 153   2.66997806e+09 -5.14835285e+07  2.74e+04 1.40e-01  5.12e+04    49s
 154   1.58648699e+09 -3.80987818e+07  1.63e+04 7.63e-02  2.81e+04    49s
 155   1.35710972e+09 -2.74084317e+07  1.40e+04 3.81e-02  2.14e+04    49s
 156   4.88591102e+08 -2.30634123e+07  5.13e+03 2.36e-02  7.83e+03    49s
 157   2.99565391e+08 -1.96021190e+07  3.17e+03 1.69e-02  4.78e+03    49s
 158   2.06189368e+08 -1.19252628e+07  2.18e+03 8.41e-03  3.06e+03    49s
 159   1.18656448e+08 -1.04187934e+07  1.28e+03 6.66e-03  1.81e+03    50s
 160   1.03553440e+08 -8.02858566e+06  1.12e+03 4.44e-03  1.50e+03    50s
 161   6.69044786e+07 -6.96525883e+06  7.34e+02 3.51e-03  9.80e+02    50s
 162   3.43324197e+07 -4.99275493e+06  3.88e+02 2.03e-03  5.02e+02    50s
 163   1.75217400e+07 -4.60402903e+06  2.05e+02 1.80e-03  2.82e+02    50s
 164   9.04783772e+06 -2.21939399e+06  1.07e+02 6.83e-04  1.30e+02    50s
 165   7.29864208e+06 -1.24876280e+06  8.73e+01 3.41e-04  9.52e+01    51s
 166   5.84108462e+06 -8.84130822e+05  7.07e+01 2.01e-04  7.16e+01    51s
 167   4.42467982e+06 -7.30915694e+05  5.41e+01 1.56e-04  5.35e+01    51s
 168   2.69642972e+06 -6.20667810e+05  3.35e+01 1.26e-04  3.36e+01    51s
 169   1.62966378e+06 -5.11952581e+05  2.05e+01 1.02e-04  2.09e+01    51s
 170   1.03456144e+06 -3.28403112e+05  1.29e+01 6.23e-05  1.26e+01    51s
 171   7.28985710e+05 -2.07237742e+05  8.98e+00 4.15e-05  8.32e+00    52s
 172   5.21422453e+05 -1.14959050e+05  6.23e+00 2.71e-05  5.45e+00    52s
 173   4.24498159e+05 -6.31255688e+04  4.91e+00 1.92e-05  4.09e+00    52s
 174   3.50556620e+05 -1.97342813e+04  3.85e+00 1.32e-05  3.03e+00    53s
 175   3.05516346e+05 -7.35122412e+03  3.21e+00 1.19e-05  2.51e+00    53s
 176   2.77217973e+05  9.73317345e+03  2.79e+00 1.01e-05  2.12e+00    53s
 177   2.03641495e+05  3.12879663e+04  1.70e+00 7.90e-06  1.31e+00    53s
 178   1.66389290e+05  4.86942760e+04  1.12e+00 6.30e-06  8.59e-01    54s
 179   1.42523144e+05  6.54620264e+04  7.37e-01 4.77e-06  5.45e-01    54s
 180   1.27544919e+05  7.94448967e+04  4.97e-01 3.57e-06  3.30e-01    55s
 181   1.14989232e+05  8.51274683e+04  2.89e-01 3.01e-06  1.97e-01    55s
 182   1.12110161e+05  8.75918437e+04  2.39e-01 2.75e-06  1.60e-01    55s
 183   1.10167473e+05  8.92883439e+04  2.06e-01 2.57e-06  1.35e-01    55s
 184   1.07405152e+05  9.16179515e+04  1.58e-01 2.29e-06  1.01e-01    56s
 185   1.04234845e+05  9.32418179e+04  1.05e-01 2.01e-06  6.92e-02    56s
 186   1.02704296e+05  9.47727769e+04  7.86e-02 1.79e-06  4.97e-02    56s
 187   1.01421792e+05  9.56820435e+04  5.72e-02 1.50e-06  3.58e-02    57s
 188   1.01001340e+05  9.59350538e+04  5.03e-02 1.32e-06  3.14e-02    57s
 189   1.00164728e+05  9.62507441e+04  3.63e-02 1.29e-06  2.42e-02    57s
 190   9.98806986e+04  9.63973569e+04  3.16e-02 1.20e-06  2.15e-02    58s
 191   9.95280228e+04  9.65411348e+04  2.58e-02 1.11e-06  1.83e-02    58s
 192   9.91658487e+04  9.69472724e+04  2.00e-02 7.86e-07  1.35e-02    59s
 193   9.87679907e+04  9.73445495e+04  1.38e-02 4.53e-07  8.60e-03    59s
 194   9.87104942e+04  9.74935975e+04  1.29e-02 3.23e-07  7.33e-03    60s
 195   9.83669846e+04  9.76080134e+04  1.18e-02 2.17e-07  4.53e-03    60s
 196   9.81996452e+04  9.76701298e+04  1.65e-02 1.63e-07  3.16e-03    61s
 197   9.81397901e+04  9.77194860e+04  1.19e-02 1.19e-07  2.50e-03    61s
 198   9.80736067e+04  9.77667298e+04  8.74e-03 8.01e-08  1.83e-03    62s
 199   9.80130439e+04  9.77999927e+04  1.40e-02 5.03e-08  1.27e-03    62s
 200   9.79773844e+04  9.78350074e+04  6.82e-03 2.42e-08  8.91e-04    62s
 201   9.79518723e+04  9.78515508e+04  7.00e-03 1.31e-08  6.47e-04    63s
 202   9.79226371e+04  9.78563161e+04  1.07e-02 1.00e-08  4.49e-04    63s
 203   9.78997891e+04  9.78654770e+04  9.81e-03 4.46e-09  2.69e-04    64s
 204   9.78934522e+04  9.78683908e+04  8.44e-03 3.26e-09  2.13e-04    64s
 205   9.78950046e+04  9.78688766e+04  6.96e-03 5.34e-09  2.13e-04    64s
 206   9.78954931e+04  9.78703391e+04  7.49e-03 1.08e-08  2.12e-04    64s
 207   9.78945722e+04  9.78729842e+04  8.06e-03 7.29e-09  2.06e-04    64s
 208   9.78948702e+04  9.78736188e+04  8.80e-03 7.16e-09  2.05e-04    65s
 209   9.78810455e+04  9.78711678e+04  9.93e-03 1.69e-08  1.13e-04    65s
 210   9.78763308e+04  9.78696820e+04  2.94e-02 4.08e-08  7.72e-05    66s
 211   9.78763923e+04  9.78701345e+04  2.91e-02 3.96e-08  7.68e-05    66s
 212   9.78764480e+04  9.78704129e+04  2.89e-02 3.84e-08  7.57e-05    66s
 213   9.78765696e+04  9.78707463e+04  2.87e-02 3.55e-08  7.36e-05    67s
 214   9.78772150e+04  9.78713062e+04  2.89e-02 3.36e-08  7.42e-05    67s
 215   9.78771755e+04  9.78684461e+04  2.89e-02 5.14e-08  6.74e-05    67s
 216   9.78772255e+04  9.78687860e+04  2.88e-02 5.09e-08  6.75e-05    68s
 217   9.78774986e+04  9.78695823e+04  2.83e-02 4.91e-08  6.74e-05    68s
 218   9.78779417e+04  9.78700936e+04  2.74e-02 4.65e-08  6.67e-05    69s
 219   9.78779485e+04  9.78717019e+04  2.73e-02 4.29e-08  6.60e-05    69s
 220   9.78784190e+04  9.78723260e+04  2.61e-02 4.13e-08  6.44e-05    69s
 221   9.78785643e+04  9.78728251e+04  2.59e-02 4.00e-08  6.42e-05    70s
 222   9.78786137e+04  9.78729354e+04  2.57e-02 3.93e-08  6.39e-05    70s
 223   9.78786992e+04  9.78733261e+04  2.56e-02 3.85e-08  6.38e-05    71s
 224   9.78787482e+04  9.78735427e+04  2.55e-02 3.78e-08  6.36e-05    71s
 225   9.78789185e+04  9.78738878e+04  2.52e-02 3.68e-08  6.33e-05    71s
 226   9.78791198e+04  9.78743072e+04  2.50e-02 3.58e-08  6.34e-05    72s
 227   9.78794030e+04  9.78751268e+04  2.49e-02 3.54e-08  6.44e-05    72s
 228   9.78798076e+04  9.78760133e+04  2.48e-02 3.50e-08  6.59e-05    72s
 229   9.78805129e+04  9.78766732e+04  2.45e-02 3.46e-08  6.81e-05    73s
 230   9.78807675e+04  9.78771370e+04  2.42e-02 3.40e-08  6.82e-05    73s
 231   9.78808235e+04  9.78772304e+04  2.40e-02 3.38e-08  6.79e-05    74s
 232   9.78809851e+04  9.78783859e+04  2.32e-02 2.95e-08  6.59e-05    74s
 233   9.78810407e+04  9.78796683e+04  2.30e-02 2.45e-08  6.44e-05    75s
 234   9.78812745e+04  9.78804425e+04  2.25e-02 2.19e-08  6.32e-05    75s
 235   9.78813724e+04  9.78808852e+04  2.22e-02 2.05e-08  6.20e-05    75s
 236   9.78814066e+04  9.78812788e+04  2.21e-02 1.91e-08  6.13e-05    76s
 237   9.78815709e+04  9.78819107e+04  2.13e-02 1.67e-08  5.88e-05    76s
 238   9.78818062e+04  9.78821964e+04  2.03e-02 1.56e-08  5.60e-05    77s
 239   9.78822119e+04  9.78831071e+04  1.86e-02 1.24e-08  5.09e-05    78s
 240   9.78822992e+04  9.78831347e+04  1.82e-02 1.23e-08  4.99e-05    78s
 241   9.78816914e+04  9.78817738e+04  1.88e-02 1.83e-08  4.99e-05    78s
 242   9.78820437e+04  9.78840347e+04  1.72e-02 7.67e-09  4.60e-05    79s
 243   9.78828168e+04  9.78849869e+04  1.42e-02 4.44e-09  3.77e-05    80s
 244   9.78828431e+04  9.78850476e+04  1.41e-02 4.21e-09  3.73e-05    80s
 245   9.78828515e+04  9.78851377e+04  1.41e-02 3.84e-09  3.71e-05    80s
 246   9.78827438e+04  9.78843524e+04  1.41e-02 7.60e-09  3.68e-05    81s
 247   9.78827182e+04  9.78839011e+04  1.40e-02 9.91e-09  3.64e-05    81s
 248   9.78837312e+04  9.78840802e+04  1.01e-02 9.20e-09  2.64e-05    82s
 249   9.78840509e+04  9.78845511e+04  8.92e-03 7.34e-09  2.31e-05    82s
 250   9.78844127e+04  9.78852344e+04  7.54e-03 4.59e-09  1.93e-05    83s
 251   9.78844648e+04  9.78852365e+04  7.35e-03 4.59e-09  1.88e-05    83s
 252   9.78845483e+04  9.78854666e+04  7.03e-03 3.69e-09  1.79e-05    84s
 253   9.78845658e+04  9.78856046e+04  6.97e-03 3.21e-09  1.77e-05    84s
 254   9.78845576e+04  9.78852775e+04  6.96e-03 4.70e-09  1.77e-05    84s
 255   9.78845423e+04  9.78839887e+04  6.94e-03 1.05e-08  1.75e-05    85s
 256   9.78845859e+04  9.78840825e+04  6.79e-03 1.02e-08  1.72e-05    85s
 257   9.78845859e+04  9.78840848e+04  6.79e-03 1.01e-08  1.72e-05    85s
 258   9.78846212e+04  9.78841766e+04  6.69e-03 9.84e-09  1.69e-05    86s
 259   9.78846539e+04  9.78841955e+04  6.61e-03 9.79e-09  1.68e-05    86s
 260   9.78846342e+04  9.78836629e+04  6.58e-03 1.23e-08  1.66e-05    86s
 261   9.78846379e+04  9.78836779e+04  6.58e-03 1.22e-08  1.66e-05    87s
 262   9.78846449e+04  9.78837775e+04  6.55e-03 1.18e-08  1.65e-05    87s
 263   9.78846532e+04  9.78840113e+04  6.52e-03 1.08e-08  1.64e-05    88s
 264   9.78846616e+04  9.78840919e+04  6.49e-03 1.04e-08  1.63e-05    88s
 265   9.78846859e+04  9.78842132e+04  6.42e-03 9.86e-09  1.62e-05    89s
 266   9.78847069e+04  9.78844054e+04  6.35e-03 9.12e-09  1.60e-05    89s
 267   9.78847139e+04  9.78844062e+04  6.33e-03 9.12e-09  1.59e-05    89s
 268   9.78846959e+04  9.78841086e+04  6.29e-03 1.02e-08  1.62e-05    90s
 269   9.78847247e+04  9.78842420e+04  6.20e-03 9.62e-09  1.59e-05    90s
 270   9.78847310e+04  9.78845489e+04  6.18e-03 8.33e-09  1.58e-05    90s
 271   9.78847355e+04  9.78847808e+04  6.16e-03 7.31e-09  1.57e-05    91s
 272   9.78847363e+04  9.78848674e+04  6.15e-03 7.00e-09  1.57e-05    91s
 273   9.78847428e+04  9.78850162e+04  6.13e-03 6.36e-09  1.56e-05    92s
 274   9.78847636e+04  9.78850922e+04  6.06e-03 6.04e-09  1.54e-05    92s
 275   9.78847775e+04  9.78851724e+04  6.01e-03 5.71e-09  1.53e-05    93s
 276   9.78847823e+04  9.78852979e+04  6.00e-03 5.16e-09  1.52e-05    93s
 277   9.78850196e+04  9.78853996e+04  5.21e-03 4.74e-09  1.32e-05    94s
 278   9.78856783e+04  9.78862569e+04  2.93e-03 1.10e-09  7.36e-06    94s
 279   9.78856828e+04  9.78862580e+04  2.92e-03 1.10e-09  7.33e-06    94s
 280   9.78857007e+04  9.78862791e+04  2.88e-03 1.05e-09  7.22e-06    95s
 281   9.78857103e+04  9.78862901e+04  2.85e-03 1.01e-09  7.14e-06    95s
 282   9.78857381e+04  9.78863122e+04  2.77e-03 9.61e-10  6.96e-06    95s
 283   9.78857425e+04  9.78863137e+04  2.76e-03 9.51e-10  6.93e-06    96s
 284   9.78857645e+04  9.78863128e+04  2.70e-03 9.28e-10  6.79e-06    96s
 285   9.78858048e+04  9.78863339e+04  2.58e-03 8.79e-10  6.51e-06    97s
 286   9.78858744e+04  9.78863681e+04  2.36e-03 7.71e-10  6.01e-06    97s
 287   9.78858770e+04  9.78863836e+04  2.35e-03 7.09e-10  5.99e-06    97s
 288   9.78858788e+04  9.78864307e+04  2.34e-03 4.79e-10  5.96e-06    98s
 289   9.78858826e+04  9.78864624e+04  2.33e-03 3.67e-10  5.91e-06    98s
 290   9.78858814e+04  9.78861579e+04  2.33e-03 1.70e-09  5.91e-06    99s
 291   9.78858615e+04  9.78860742e+04  2.32e-03 2.08e-09  5.88e-06    99s
 292   9.78858780e+04  9.78861541e+04  2.27e-03 1.73e-09  5.73e-06    99s
 293   9.78858888e+04  9.78861917e+04  2.23e-03 1.59e-09  5.65e-06   100s
 294   9.78859789e+04  9.78862192e+04  1.98e-03 1.48e-09  4.99e-06   100s
 295   9.78860105e+04  9.78862775e+04  1.86e-03 1.23e-09  4.73e-06   101s
 296   9.78860144e+04  9.78864202e+04  1.85e-03 6.21e-10  4.68e-06   101s
 297   9.78860124e+04  9.78858892e+04  1.85e-03 3.01e-09  4.66e-06   101s
 298   9.78860121e+04  9.78858695e+04  1.85e-03 3.10e-09  4.65e-06   102s
 299   9.78860346e+04  9.78861503e+04  1.77e-03 1.80e-09  4.52e-06   102s
 300   9.78861342e+04  9.78861935e+04  1.44e-03 1.61e-09  3.70e-06   103s
 301   9.78861377e+04  9.78861997e+04  1.43e-03 1.59e-09  3.67e-06   103s
 302   9.78863449e+04  9.78863759e+04  7.55e-04 8.21e-10  1.95e-06   104s
 303   9.78863715e+04  9.78864132e+04  6.66e-04 6.65e-10  1.70e-06   104s
 304   9.78863713e+04  9.78862916e+04  6.66e-04 1.21e-09  1.69e-06   104s
 305   9.78863806e+04  9.78863484e+04  6.35e-04 9.68e-10  1.61e-06   105s
 306   9.78863997e+04  9.78863731e+04  5.72e-04 8.61e-10  1.45e-06   105s
 307   9.78865047e+04  9.78864765e+04  2.23e-04 4.11e-10  5.70e-07   106s
 308   9.78865217e+04  9.78864793e+04  1.67e-04 3.99e-10  4.24e-07   106s
 309   9.78865360e+04  9.78865179e+04  1.20e-04 2.34e-10  3.02e-07   107s
 310   9.78865430e+04  9.78865322e+04  9.62e-05 1.72e-10  2.44e-07   107s
 311   9.78865451e+04  9.78865455e+04  8.95e-05 1.90e-10  2.25e-07   107s
 312   9.78865491e+04  9.78865586e+04  7.61e-05 1.19e-09  1.90e-07   108s
 313   9.78865589e+04  9.78865665e+04  4.44e-05 1.38e-08  1.11e-07   108s
 314   9.78865605e+04  9.78865699e+04  3.93e-05 6.14e-09  9.71e-08   109s
 315   9.78865675e+04  9.78865712e+04  1.68e-05 3.05e-09  4.19e-08   109s
 316   9.78865688e+04  9.78865718e+04  1.24e-05 1.31e-09  3.10e-08   109s
 317   9.78865705e+04  9.78865721e+04  7.21e-06 1.02e-09  1.82e-08   110s
 318   9.78865711e+04  9.78865722e+04  5.08e-06 6.70e-10  1.29e-08   110s
 319   9.78865714e+04  9.78865723e+04  4.14e-06 3.75e-09  1.06e-08   110s
 320   9.78865717e+04  9.78865724e+04  3.26e-06 3.14e-09  8.33e-09   110s
 321   9.78865724e+04  9.78865726e+04  1.08e-06 2.87e-08  2.78e-09   111s
 322   9.78865726e+04  9.78865726e+04  4.84e-07 3.16e-08  1.30e-09   111s
 323   9.78865727e+04  9.78865727e+04  3.61e-08 1.26e-09  1.03e-10   111s
 324   9.78865727e+04  9.78865727e+04  1.47e-07 2.49e-09  6.87e-11   112s

Barrier solved model in 324 iterations and 111.68 seconds (137.58 work units)
Optimal objective 9.78865727e+04

Crossover log...

   40082 DPushes remaining with DInf 9.6131578e-04               112s
       0 DPushes remaining with DInf 0.0000000e+00               114s

    7199 PPushes remaining with PInf 4.2591729e-04               114s
       0 PPushes remaining with PInf 3.3087427e-06               114s

  Push phase complete: Pinf 3.3087427e-06, Dinf 4.4978150e+04    114s

Iteration    Objective       Primal Inf.    Dual Inf.      Time
   26225    9.7886573e+04   0.000000e+00   4.497815e+04    114s
Extra simplex iterations after uncrush: 3
   26355    9.7886573e+04   0.000000e+00   0.000000e+00    115s

Use crossover to convert LP symmetric solution to basic solution...
Crossover log...

   86421 variables added to crossover basis                      115s

    7257 DPushes remaining with DInf 0.0000000e+00               115s
       0 DPushes remaining with DInf 0.0000000e+00               116s

    7043 PPushes remaining with PInf 0.0000000e+00               116s
       0 PPushes remaining with PInf 0.0000000e+00               117s

  Push phase complete: Pinf 0.0000000e+00, Dinf 3.7595603e+03    117s

Iteration    Objective       Primal Inf.    Dual Inf.      Time
   40500    9.7886573e+04   0.000000e+00   3.759560e+03    117s
   40619    9.7886573e+04   0.000000e+00   0.000000e+00    118s

Solved in 40619 iterations and 118.19 seconds (142.04 work units)
Optimal objective  9.788657271e+04

User-callback calls 78626, time in user-callback 0.07 sec
