
Gurobi 12.0.2 (linux64) logging started Sat May 23 04:03:57 2026

Set parameter LogFile to value "/home/ahmany/om4a/openTEPESS/openTEPES/openTEPES/SN2030/openTEPES_gurobi_SN2030_2030_sc01_st1.log"
Set parameter Method to value 2
Set parameter Crossover to value -1
Set parameter MIPGap to value 0.01
Set parameter Threads to value 36
Set parameter TimeLimit to value 36000
Set parameter IterationLimit to value 36000000
Gurobi Optimizer version 12.0.2 build v12.0.2rc0 (linux64 - "Ubuntu 24.04.3 LTS")

CPU model: Intel(R) Xeon(R) Silver 4214R CPU @ 2.40GHz, instruction set [SSE2|AVX|AVX2|AVX512]
Thread count: 24 physical cores, 48 logical processors, using up to 36 threads

Non-default parameters:
IterationLimit  36000000
TimeLimit  36000
MIPGap  0.01
Method  2
QCPDual  1
Threads  36

Optimize a model with 1657761 rows, 1526618 columns and 6060750 nonzeros
Model fingerprint: 0xd69a3bd2
Coefficient statistics:
  Matrix range     [2e-05, 5e+04]
  Objective range  [1e+00, 1e+00]
  Bounds range     [2e-05, 1e+03]
  RHS range        [5e-05, 1e+00]
Presolve removed 497779 rows and 489162 columns (presolve time = 5s)...
Presolve removed 497779 rows and 489202 columns
Presolve time: 6.10s
Presolved: 1159982 rows, 1037416 columns, 4557118 nonzeros

Ordering time: 1.27s

Barrier statistics:
 Dense cols : 21
 AA' NZ     : 8.110e+06
 Factor NZ  : 1.793e+07 (roughly 900 MB of memory)
 Factor Ops : 3.946e+08 (less than 1 second per iteration)
 Threads    : 36

                  Objective                Residual
Iter       Primal          Dual         Primal    Dual     Compl     Time
   0   7.54506221e+08 -7.93041418e+08  6.75e+02 1.02e+01  4.78e+04    16s
   1   5.44775909e+08 -4.56126782e+08  4.79e+02 1.76e+01  3.46e+04    16s
   2   3.34006607e+08 -3.56212301e+08  2.93e+02 9.26e-07  2.30e+04    17s
   3   3.77316531e+07 -3.15739514e+08  3.30e+01 2.54e-07  2.69e+03    18s
   4   8.90010526e+06 -1.98411901e+08  7.65e+00 8.83e-08  6.56e+02    19s
   5   2.44297403e+06 -9.50215772e+07  2.00e+00 6.06e-09  1.80e+02    20s
   6   7.73368772e+05 -4.03978606e+07  5.43e-01 4.45e-08  5.14e+01    20s
   7   2.46911722e+05 -1.66463302e+07  9.38e-02 3.66e-08  1.19e+01    21s
   8   9.47182064e+04 -2.82286987e+06  6.73e-03 2.48e-08  1.34e+00    21s
   9   4.43509195e+04 -5.56633883e+05  8.38e-04 9.09e-09  2.43e-01    22s
  10   1.67800381e+04 -1.05973386e+05  3.94e-05 3.46e-10  4.85e-02    23s
  11   6.23638813e+03 -3.50994062e+04  1.05e-05 3.01e-10  1.63e-02    24s
  12   2.39159493e+03 -6.35943547e+03  2.60e-06 3.19e-10  3.45e-03    24s
  13   1.52302313e+03 -2.79785730e+03  1.32e-06 1.47e-11  1.71e-03    25s
  14   9.71759815e+02 -6.26864219e+02  5.16e-07 1.25e-11  6.31e-04    26s
  15   7.65940229e+02 -1.60109420e+01  2.29e-07 1.38e-11  3.09e-04    26s
  16   7.01511903e+02  1.77704025e+02  1.53e-07 5.91e-12  2.07e-04    27s
  17   6.15537652e+02  3.43158748e+02  7.30e-08 8.64e-12  1.08e-04    27s
  18   5.78472616e+02  4.17127342e+02  4.66e-08 4.55e-12  6.37e-05    28s
  19   5.51442402e+02  4.48069688e+02  2.99e-08 3.38e-12  4.08e-05    29s
  20   5.37552283e+02  4.58559720e+02  2.18e-08 2.24e-12  3.12e-05    30s
  21   5.30068866e+02  4.63556524e+02  1.75e-08 4.09e-12  2.63e-05    30s
  22   5.24831615e+02  4.73415158e+02  1.44e-08 1.59e-12  2.03e-05    31s
  23   5.21918354e+02  4.77387401e+02  1.28e-08 4.77e-12  1.76e-05    32s
  24   5.15986043e+02  4.85252841e+02  9.55e-09 6.82e-12  1.21e-05    33s
  25   5.11196437e+02  4.90086181e+02  6.86e-09 5.23e-12  8.33e-06    33s
  26   5.07896750e+02  4.93153604e+02  5.03e-09 3.22e-13  5.82e-06    34s
  27   5.06152371e+02  4.95473619e+02  6.22e-09 3.64e-12  4.21e-06    35s
  28   5.04255261e+02  4.96127823e+02  1.21e-08 3.64e-12  3.21e-06    36s
  29   5.03776882e+02  4.96975831e+02  9.16e-09 4.30e-12  2.68e-06    37s
  30   5.02568479e+02  4.97300266e+02  6.34e-08 2.51e-12  2.08e-06    38s
  31   5.01850184e+02  4.97731014e+02  5.29e-08 6.82e-12  1.63e-06    39s
  32   5.01265478e+02  4.98123215e+02  5.04e-08 5.99e-12  1.24e-06    40s
  33   5.01000781e+02  4.98264123e+02  4.03e-08 5.68e-12  1.08e-06    41s
  34   5.00575002e+02  4.98409532e+02  6.71e-08 4.17e-12  8.55e-07    42s
  35   5.00320566e+02  4.98649707e+02  7.31e-08 9.44e-12  6.59e-07    43s
  36   5.00125171e+02  4.98791111e+02  5.44e-08 8.02e-12  5.27e-07    44s
  37   4.99939601e+02  4.98855749e+02  1.84e-08 1.10e-11  4.28e-07    45s
  38   4.99787788e+02  4.98995705e+02  2.10e-08 1.23e-11  3.13e-07    47s
  39   4.99622021e+02  4.99043731e+02  7.68e-08 9.73e-12  2.28e-07    48s
  40   4.99601136e+02  4.99105417e+02  7.24e-08 5.00e-12  1.96e-07    50s
  41   4.99559744e+02  4.99131140e+02  6.19e-08 1.37e-11  1.69e-07    51s
  42   4.99463881e+02  4.99172071e+02  6.99e-08 2.27e-12  1.15e-07    52s
  43   4.99384260e+02  4.99197328e+02  6.54e-08 3.42e-12  7.38e-08    54s
  44   4.99375866e+02  4.99232677e+02  6.27e-08 2.23e-12  5.65e-08    55s
  45   4.99345962e+02  4.99237006e+02  3.85e-08 8.74e-13  4.30e-08    57s
  46   4.99334364e+02  4.99266985e+02  2.86e-08 1.41e-11  2.66e-08    59s
  47   4.99320749e+02  4.99277140e+02  1.71e-08 1.56e-11  1.72e-08    62s
  48   4.99312272e+02  4.99283404e+02  1.00e-08 5.95e-12  1.14e-08    65s
  49   4.99308423e+02  4.99289645e+02  6.89e-09 2.18e-11  7.41e-09    67s
  50   4.99306482e+02  4.99290611e+02  5.29e-09 1.48e-11  6.26e-09    69s
  51   4.99305599e+02  4.99291107e+02  4.59e-09 2.26e-11  5.72e-09    70s
  52   4.99305145e+02  4.99291700e+02  4.22e-09 1.94e-11  5.31e-09    71s
  53   4.99304439e+02  4.99292782e+02  3.64e-09 9.09e-13  4.60e-09    73s
  54   4.99303845e+02  4.99293405e+02  3.18e-09 2.05e-12  4.12e-09    74s
  55   4.99303334e+02  4.99293814e+02  2.77e-09 1.74e-11  3.76e-09    75s
  56   4.99302936e+02  4.99295208e+02  2.45e-09 3.60e-12  3.05e-09    77s
  57   4.99302121e+02  4.99296726e+02  1.83e-09 6.82e-13  2.13e-09    79s
  58   4.99301057e+02  4.99297771e+02  1.19e-09 6.86e-12  1.30e-09    81s
  59   4.99300491e+02  4.99298559e+02  1.29e-09 8.22e-12  7.63e-10    83s
  60   4.99300330e+02  4.99299074e+02  3.50e-08 4.47e-11  4.96e-10    84s
  61   4.99299986e+02  4.99299595e+02  1.24e-08 1.18e-11  1.54e-10    85s
  62   4.99299952e+02  4.99299644e+02  4.02e-08 2.01e-11  1.20e-10    86s
  63   4.99299834e+02  4.99299722e+02  9.22e-09 3.93e-11  4.35e-11    88s
  64   4.99299826e+02  4.99299745e+02  4.24e-08 2.67e-11  3.17e-11    89s
  65   4.99299826e+02  4.99299745e+02  5.75e-08 4.10e-11  3.16e-11    89s
  66   4.99299824e+02  4.99299749e+02  5.53e-08 3.51e-11  2.98e-11    90s
  67   4.99299824e+02  4.99299753e+02  5.36e-08 3.39e-11  2.76e-11    91s
  68   4.99299823e+02  4.99299754e+02  5.69e-08 2.12e-11  2.68e-11    92s
  69   4.99299811e+02  4.99299768e+02  9.65e-08 2.44e-11  1.79e-11    93s
  70   4.99299796e+02  4.99299784e+02  1.25e-07 2.48e-11  8.12e-12    94s
  71   4.99299796e+02  4.99299792e+02  5.95e-08 5.81e-11  2.51e-12    96s
  72   4.99299795e+02  4.99299792e+02  4.39e-08 3.48e-11  1.82e-12    97s
  73   4.99299794e+02  4.99299792e+02  1.83e-08 5.14e-11  7.47e-13    97s
  74   4.99299793e+02  4.99299792e+02  9.03e-09 4.99e-11  1.66e-13    98s
  75   4.99299792e+02  4.99299792e+02  8.10e-10 5.65e-11  1.60e-14    99s

Barrier solved model in 75 iterations and 98.80 seconds (58.45 work units)
Optimal objective 4.99299792e+02

Crossover log...

  144842 DPushes remaining with DInf 0.0000000e+00               101s
   28861 DPushes remaining with DInf 0.0000000e+00               105s
   24087 DPushes remaining with DInf 0.0000000e+00               111s
   21535 DPushes remaining with DInf 0.0000000e+00               115s
   18984 DPushes remaining with DInf 0.0000000e+00               121s
   17972 DPushes remaining with DInf 0.0000000e+00               126s
   15923 DPushes remaining with DInf 0.0000000e+00               131s
   13731 DPushes remaining with DInf 0.0000000e+00               136s
   10301 DPushes remaining with DInf 0.0000000e+00               141s
    2821 DPushes remaining with DInf 0.0000000e+00               145s
       0 DPushes remaining with DInf 0.0000000e+00               147s

    8990 PPushes remaining with PInf 1.5693495e-04               147s
       0 PPushes remaining with PInf 4.5906953e-06               150s

  Push phase complete: Pinf 4.5906953e-06, Dinf 2.0028560e-01    151s

Iteration    Objective       Primal Inf.    Dual Inf.      Time
   94397    4.9929979e+02   0.000000e+00   2.002856e-01    151s
   94451    4.9929979e+02   0.000000e+00   3.401425e-05    155s
Extra simplex iterations after uncrush: 10
   94461    4.9929979e+02   0.000000e+00   0.000000e+00    157s

Use crossover to convert LP symmetric solution to basic solution...
Crossover log...

   23579 DPushes remaining with DInf 0.0000000e+00               159s
   19179 DPushes remaining with DInf 0.0000000e+00               161s
   16774 DPushes remaining with DInf 0.0000000e+00               166s
   15131 DPushes remaining with DInf 0.0000000e+00               170s
   10535 DPushes remaining with DInf 0.0000000e+00               175s
    4550 DPushes remaining with DInf 0.0000000e+00               181s
    1269 DPushes remaining with DInf 0.0000000e+00               188s
     197 DPushes remaining with DInf 0.0000000e+00               192s
       0 DPushes remaining with DInf 0.0000000e+00               194s

   10937 PPushes remaining with PInf 0.0000000e+00               194s
    2037 PPushes remaining with PInf 0.0000000e+00               195s
       0 PPushes remaining with PInf 0.0000000e+00               199s

  Push phase complete: Pinf 0.0000000e+00, Dinf 6.0429598e-02    199s

Iteration    Objective       Primal Inf.    Dual Inf.      Time
  128728    4.9929979e+02   0.000000e+00   6.042960e-02    200s
Extra simplex iterations after uncrush: 30
  128773    4.9929979e+02   0.000000e+00   0.000000e+00    207s

Solved in 128773 iterations and 206.64 seconds (106.53 work units)
Optimal objective  4.992997920e+02
