
Gurobi 12.0.1 (linux64) logging started jeu. 11 juin 2026 10:46:07

Set parameter LogFile to value "Results_BAU_73/Run_73_2026-06-11.log"

Gurobi 12.0.1 (linux64) logging started jeu. 11 juin 2026 10:46:07

Set parameter LogFile to value "Results_BAU_73/Run_73_2026-06-11.log"
Gurobi Optimizer version 12.0.1 build v12.0.1rc0 (linux64 - "Ubuntu 24.04.3 LTS")

CPU model: Intel(R) Xeon(R) Silver 4214R CPU @ 2.40GHz, instruction set [SSE2|AVX|AVX2|AVX512]
Thread count: 24 physical cores, 48 logical processors, using up to 48 threads

Non-default parameters:
Method  2
BarHomogeneous  1
Threads  48

Optimize a model with 2305415 rows, 5730439 columns and 11472973 nonzeros
Model fingerprint: 0xc323348f
Coefficient statistics:
  Matrix range     [3e-05, 6e+03]
  Objective range  [1e+00, 1e+04]
  Bounds range     [0e+00, 0e+00]
  RHS range        [2e-06, 1e+06]
Presolve removed 1916895 rows and 5356830 columns (presolve time = 5s)...
Presolve removed 1931890 rows and 5356833 columns
Presolve time: 5.79s
Presolved: 373525 rows, 373606 columns, 2324979 nonzeros

Ordering time: 11.15s

Barrier statistics:
 Dense cols : 66
 AA' NZ     : 1.673e+07
 Factor NZ  : 1.199e+08 (roughly 1.2 GB of memory)
 Factor Ops : 9.803e+10 (roughly 1 second per iteration)
 Threads    : 48

                  Objective                Residual
Iter       Primal          Dual         Primal    Dual     Compl     Time
   0   2.47870586e+14 -8.28817145e+13  6.55e+10 6.70e+02  5.84e+11    21s
   1   2.20978482e+14 -8.10700724e+13  5.82e+10 4.53e+03  5.26e+11    22s
   2   1.75101960e+14 -8.39979093e+13  4.55e+10 4.27e+03  4.29e+11    22s
   3   1.49410326e+14 -9.30508025e+13  3.81e+10 3.54e+03  3.61e+11    23s
   4   8.15546288e+13 -4.26391895e+13  2.06e+10 1.54e+03  1.03e+11    24s
   5   3.09234872e+13 -1.54589597e+13  7.57e+09 6.11e+02  1.80e+10    25s
   6   1.04118625e+13 -8.41578107e+12  2.37e+09 3.44e+02  4.01e+09    26s
   7   4.72106690e+12 -3.29630736e+12  8.65e+08 1.49e+02  1.05e+09    27s
   8   3.10751400e+12 -1.54319127e+12  4.34e+08 8.01e+01  4.54e+08    28s
   9   1.84351094e+12 -5.24380058e+11  2.33e+08 3.66e+01  1.53e+08    29s
  10   6.97192690e+11 -1.50926263e+11  7.93e+07 1.56e+01  3.16e+07    30s
  11   4.37593831e+11 -6.91020253e+10  4.62e+07 8.38e+00  1.24e+07    31s
  12   2.33683710e+11 -4.85818990e+10  2.36e+07 6.10e+00  5.52e+06    32s
  13   1.27229511e+11 -1.26603753e+10  1.27e+07 2.35e+00  1.63e+06    34s
  14   6.53389025e+10 -4.99678674e+09  6.41e+06 1.29e+00  6.37e+05    35s
  15   2.78072841e+10 -1.06617125e+09  2.57e+06 5.81e-01  1.98e+05    36s
  16   1.54336641e+10 -1.02519925e+09  1.43e+06 2.72e-01  8.27e+04    37s
  17   7.90259174e+09 -5.17547175e+08  7.20e+05 1.65e-01  3.86e+04    38s
  18   7.39151988e+09 -3.87154485e+08  6.73e+05 1.36e-01  3.38e+04    39s
  19   5.29090916e+09 -2.43174838e+08  4.80e+05 9.20e-02  2.22e+04    40s
  20   2.71250123e+09 -1.10771150e+08  2.43e+05 4.76e-02  1.02e+04    41s
  21   1.14951491e+09 -6.26979268e+07  1.02e+05 2.84e-02  4.26e+03    42s
  22   6.00557434e+08 -2.93127039e+07  5.35e+04 1.15e-02  1.93e+03    43s
  23   2.47910386e+08 -1.39236001e+07  2.22e+04 4.98e-03  7.47e+02    44s
  24   1.58690716e+08 -1.20277965e+07  1.41e+04 4.33e-03  4.97e+02    45s
  25   1.29629578e+08 -8.55710503e+06  1.15e+04 3.27e-03  3.92e+02    46s
  26   1.23581964e+08 -6.37980780e+06  1.09e+04 2.60e-03  3.58e+02    47s
  27   8.63486993e+07 -5.65688179e+06  7.59e+03 2.38e-03  2.60e+02    47s
  28   6.81304771e+07 -4.44080538e+06  5.91e+03 2.03e-03  2.06e+02    48s
  29   3.38295703e+07 -2.85238478e+06  2.99e+03 9.65e-04  9.81e+01    50s
  30   1.67159357e+07 -1.47819375e+06  1.49e+03 4.86e-04  4.74e+01    51s
  31   1.24998633e+07 -1.16701633e+06  1.11e+03 3.81e-04  3.52e+01    52s
  32   8.77211624e+06 -7.55353583e+05  7.79e+02 2.39e-04  2.38e+01    53s
  33   7.02040501e+06 -5.98179762e+05  6.23e+02 1.90e-04  1.88e+01    54s
  34   4.69800796e+06 -4.87220136e+05  4.16e+02 1.55e-04  1.29e+01    54s
  35   3.24739452e+06 -3.02520263e+05  2.86e+02 9.81e-05  8.52e+00    55s
  36   2.20962010e+06 -1.60789581e+05  1.94e+02 5.11e-05  5.41e+00    57s
  37   1.41570827e+06 -8.34112866e+04  1.24e+02 2.85e-05  3.31e+00    58s
  38   9.85395371e+05 -5.11167557e+04  8.56e+01 1.99e-05  2.25e+00    59s
  39   9.07321927e+05 -2.37181493e+04  7.86e+01 1.35e-05  1.95e+00    60s
  40   6.79476911e+05 -8.05796900e+03  5.82e+01 1.01e-05  1.43e+00    61s
  41   6.51872596e+05 -2.15200718e+03  5.56e+01 8.91e-06  1.35e+00    62s
  42   4.57541299e+05  5.70939205e+03  3.78e+01 7.55e-06  9.33e-01    63s
  43   3.55910809e+05  1.93834749e+04  2.83e+01 5.23e-06  6.85e-01    64s
  44   3.41858633e+05  2.70129126e+04  2.68e+01 4.20e-06  6.35e-01    65s
  45   3.08545412e+05  3.45625439e+04  2.35e+01 3.49e-06  5.55e-01    66s
  46   2.52075000e+05  4.21103115e+04  1.78e+01 2.86e-06  4.27e-01    67s
  47   2.39104994e+05  4.61462198e+04  1.65e+01 2.46e-06  3.93e-01    68s
  48   2.14708698e+05  5.03341720e+04  1.41e+01 2.20e-06  3.34e-01    70s
  49   1.88889853e+05  5.64730143e+04  1.15e+01 1.82e-06  2.68e-01    71s
  50   1.71664919e+05  6.05155101e+04  9.72e+00 1.63e-06  2.24e-01    72s
  51   1.83022347e+05  6.16981945e+04  1.02e+01 1.10e-06  2.55e-01    73s
  52   1.77391508e+05  6.33844902e+04  9.42e+00 1.25e-06  2.42e-01    74s
  53   1.68105724e+05  6.34774791e+04  8.63e+00 1.24e-06  2.22e-01    75s
  54   1.53626727e+05  6.68144671e+04  7.20e+00 8.14e-07  1.84e-01    77s
  55   1.34337332e+05  6.93304742e+04  5.28e+00 4.97e-07  1.36e-01    78s
  56   1.30047754e+05  7.02915009e+04  4.84e+00 4.32e-07  1.25e-01    79s
  57   1.29731895e+05  7.28701484e+04  4.80e+00 4.65e-07  1.21e-01    80s
  58   1.30597347e+05  7.37541193e+04  4.64e+00 5.51e-07  1.21e-01    81s
  59   1.31459788e+05  7.43689213e+04  4.61e+00 6.89e-07  1.22e-01    83s
  60   1.31835354e+05  7.52023914e+04  4.51e+00 9.76e-07  1.23e-01    84s
  61   1.31366304e+05  7.54029986e+04  4.44e+00 9.92e-07  1.22e-01    85s
  62   1.32802549e+05  7.65177745e+04  4.44e+00 1.38e-06  1.25e-01    87s
  63   1.32726677e+05  7.64968812e+04  4.41e+00 1.31e-06  1.25e-01    88s
  64   1.33372254e+05  7.68876066e+04  4.13e+00 1.44e-06  1.24e-01    89s
  65   1.32452544e+05  7.83753747e+04  4.03e+00 1.61e-06  1.22e-01    90s
  66   1.32024369e+05  7.89913956e+04  3.96e+00 1.66e-06  1.20e-01    92s
  67   1.29846955e+05  7.94787670e+04  3.70e+00 1.42e-06  1.13e-01    93s
  68   1.31564674e+05  8.01834317e+04  3.64e+00 1.66e-06  1.16e-01    94s
  69   1.30233510e+05  8.07540056e+04  3.54e+00 1.77e-06  1.13e-01    95s
  70   1.26436799e+05  8.18797005e+04  3.18e+00 1.56e-06  1.02e-01    97s
  71   1.28360074e+05  8.24181045e+04  3.26e+00 1.64e-06  1.06e-01    98s
  72   1.25314721e+05  8.29805686e+04  2.92e+00 1.64e-06  9.71e-02    99s
  73   1.24782160e+05  8.43409913e+04  2.87e+00 1.69e-06  9.47e-02   100s
  74   1.24547872e+05  8.43990261e+04  2.83e+00 1.60e-06  9.36e-02   102s
  75   1.23230016e+05  8.50319792e+04  2.73e+00 1.79e-06  9.06e-02   103s
  76   1.21672412e+05  8.59011934e+04  2.58e+00 1.59e-06  8.51e-02   104s
  77   1.22317035e+05  8.63728782e+04  2.58e+00 1.72e-06  8.62e-02   105s
  78   1.19945476e+05  8.68312505e+04  2.34e+00 1.70e-06  7.93e-02   107s
  79   1.18079686e+05  8.75579721e+04  2.16e+00 1.55e-06  7.32e-02   108s
  80   1.18103790e+05  8.78571282e+04  2.16e+00 1.70e-06  7.35e-02   109s
  81   1.19217711e+05  8.82070938e+04  2.17e+00 1.82e-06  7.56e-02   110s
  82   1.18803397e+05  8.82869458e+04  2.07e+00 1.70e-06  7.34e-02   111s
  83   1.18601190e+05  8.92820215e+04  2.05e+00 1.80e-06  7.23e-02   113s
  84   1.19034514e+05  8.97201516e+04  2.03e+00 1.88e-06  7.27e-02   114s
  85   1.16609672e+05  8.99269772e+04  1.84e+00 1.60e-06  6.55e-02   115s
  86   1.15798418e+05  9.01615366e+04  1.76e+00 1.35e-06  6.25e-02   116s
  87   1.15949341e+05  9.05823111e+04  1.76e+00 1.61e-06  6.30e-02   118s
  88   1.15787550e+05  9.08120823e+04  1.74e+00 1.64e-06  6.24e-02   119s
  89   1.15522548e+05  9.12727406e+04  1.71e+00 1.26e-06  6.03e-02   120s
  90   1.13742235e+05  9.16039830e+04  1.54e+00 1.40e-06  5.53e-02   121s
  91   1.11054140e+05  9.25719901e+04  1.31e+00 8.22e-07  4.61e-02   123s
  92   1.12294622e+05  9.30344562e+04  1.34e+00 1.04e-06  4.85e-02   124s
  93   1.12261526e+05  9.32064123e+04  1.21e+00 1.08e-06  4.67e-02   125s
  94   1.10998135e+05  9.38247173e+04  1.11e+00 8.63e-07  4.24e-02   126s
  95   1.11885811e+05  9.39878281e+04  1.12e+00 9.81e-07  4.41e-02   128s
  96   1.11108690e+05  9.42644063e+04  1.05e+00 1.01e-06  4.17e-02   129s
  97   1.10168560e+05  9.43318797e+04  9.67e-01 1.00e-06  3.90e-02   130s
  98   1.08690788e+05  9.53110301e+04  8.50e-01 7.79e-07  3.35e-02   131s
  99   1.08197802e+05  9.54424192e+04  8.10e-01 7.55e-07  3.19e-02   133s
 100   1.07204915e+05  9.56920362e+04  7.29e-01 6.94e-07  2.89e-02   134s
 101   1.06514958e+05  9.60680559e+04  6.73e-01 6.23e-07  2.64e-02   135s
 102   1.05399364e+05  9.63223228e+04  5.82e-01 5.84e-07  2.29e-02   136s
 103   1.05014053e+05  9.65000303e+04  5.51e-01 5.52e-07  2.16e-02   138s
 104   1.04360071e+05  9.67312062e+04  4.98e-01 4.88e-07  1.94e-02   139s
 105   1.03815733e+05  9.68373642e+04  4.52e-01 4.73e-07  1.77e-02   140s
 106   1.03419944e+05  9.68703430e+04  4.16e-01 4.70e-07  1.65e-02   142s
 107   1.03237335e+05  9.69375932e+04  4.00e-01 4.53e-07  1.59e-02   143s
 108   1.02971067e+05  9.70239737e+04  3.77e-01 4.25e-07  1.50e-02   144s
 109   1.02537591e+05  9.72726375e+04  3.42e-01 3.71e-07  1.34e-02   145s
 110   1.01876122e+05  9.74402306e+04  2.84e-01 2.92e-07  1.13e-02   146s
 111   1.01780359e+05  9.75285559e+04  2.74e-01 2.98e-07  1.09e-02   148s
 112   1.01567601e+05  9.76153450e+04  2.56e-01 2.79e-07  1.02e-02   149s
 113   1.01111694e+05  9.76792087e+04  2.16e-01 2.79e-07  8.73e-03   150s
 114   1.00829180e+05  9.77539336e+04  1.91e-01 2.30e-07  7.79e-03   152s
 115   1.00764971e+05  9.78398660e+04  1.86e-01 2.29e-07  7.48e-03   153s
 116   1.00589279e+05  9.79319017e+04  1.70e-01 2.15e-07  6.83e-03   154s
 117   1.00578428e+05  9.79466471e+04  1.69e-01 2.29e-07  6.78e-03   155s
 118   1.00338776e+05  9.80174487e+04  1.48e-01 2.04e-07  5.96e-03   156s
 119   1.00145385e+05  9.80766031e+04  1.30e-01 1.95e-07  5.31e-03   158s
 120   1.00061409e+05  9.81430476e+04  1.22e-01 1.98e-07  4.96e-03   159s
 121   9.99312827e+04  9.81592511e+04  1.09e-01 1.98e-07  4.51e-03   160s
 122   9.98108869e+04  9.82145062e+04  9.70e-02 1.87e-07  4.06e-03   162s
 123   9.97157226e+04  9.82530598e+04  8.81e-02 1.84e-07  3.71e-03   163s
 124   9.95422189e+04  9.83723126e+04  7.12e-02 1.59e-07  2.98e-03   164s
 125   9.94961094e+04  9.84256152e+04  6.69e-02 1.60e-07  2.76e-03   165s
 126   9.94175761e+04  9.84580648e+04  5.93e-02 1.61e-07  2.46e-03   167s
 127   9.93521216e+04  9.85275210e+04  5.31e-02 1.62e-07  2.15e-03   168s
 128   9.93315424e+04  9.85452374e+04  5.11e-02 1.63e-07  2.07e-03   169s
 129   9.93056344e+04  9.85647203e+04  4.83e-02 1.63e-07  1.96e-03   170s
 130   9.92766391e+04  9.85714732e+04  4.54e-02 1.63e-07  1.85e-03   171s
 131   9.91891270e+04  9.86035056e+04  3.66e-02 1.64e-07  1.52e-03   173s
 132   9.91853727e+04  9.86067689e+04  3.32e-02 1.64e-07  1.45e-03   174s
 133   9.91461453e+04  9.86799170e+04  2.94e-02 1.62e-07  1.21e-03   175s
 134   9.91371400e+04  9.86938991e+04  2.82e-02 1.62e-07  1.16e-03   177s
 135   9.90993756e+04  9.87389306e+04  2.47e-02 1.60e-07  9.80e-04   178s
 136   9.90434253e+04  9.87637844e+04  1.94e-02 1.54e-07  7.64e-04   179s
 137   9.90328043e+04  9.87813523e+04  1.84e-02 1.50e-07  7.08e-04   181s
 138   9.90079374e+04  9.87926570e+04  1.60e-02 1.44e-07  6.09e-04   182s
 139   9.90008624e+04  9.87998729e+04  1.53e-02 1.38e-07  5.78e-04   184s
 140   9.89940019e+04  9.88054447e+04  1.45e-02 1.33e-07  5.45e-04   185s
 141   9.89617429e+04  9.88138537e+04  1.12e-02 1.19e-07  4.23e-04   186s
 142   9.89575884e+04  9.88234260e+04  1.07e-02 1.00e-07  3.97e-04   188s
 143   9.89570282e+04  9.88238599e+04  1.01e-02 9.94e-08  3.83e-04   189s
 144   9.89465131e+04  9.88296714e+04  9.06e-03 8.65e-08  3.40e-04   190s
 145   9.89475847e+04  9.88298997e+04  8.76e-03 8.65e-08  3.36e-04   192s
 146   9.89333649e+04  9.88336437e+04  7.50e-03 7.50e-08  2.84e-04   193s
 147   9.89319086e+04  9.88344289e+04  7.33e-03 7.33e-08  2.78e-04   195s
 148   9.89330355e+04  9.88346591e+04  7.21e-03 7.30e-08  2.77e-04   196s
 149   9.89190454e+04  9.88410703e+04  5.91e-03 5.43e-08  2.21e-04   197s
 150   9.89109542e+04  9.88446310e+04  5.15e-03 4.29e-08  1.89e-04   199s
 151   9.89081738e+04  9.88466529e+04  4.87e-03 3.62e-08  1.77e-04   200s
 152   9.89035534e+04  9.88477722e+04  4.42e-03 3.42e-08  1.60e-04   201s
 153   9.88961415e+04  9.88483569e+04  3.69e-03 3.43e-08  1.33e-04   203s
 154   9.88936555e+04  9.88503692e+04  3.46e-03 3.47e-08  1.21e-04   204s
 155   9.88874016e+04  9.88513180e+04  2.87e-03 3.49e-08  9.86e-05   206s
 156   9.88845522e+04  9.88513580e+04  2.59e-03 3.49e-08  8.86e-05   207s
 157   9.88837429e+04  9.88513936e+04  2.51e-03 3.49e-08  8.57e-05   208s
 158   9.88823473e+04  9.88514282e+04  2.37e-03 3.49e-08  8.07e-05   210s
 159   9.88807892e+04  9.88514632e+04  2.20e-03 3.49e-08  7.50e-05   211s
 160   9.88799208e+04  9.88514966e+04  2.11e-03 3.49e-08  7.18e-05   212s
 161   9.88782087e+04  9.88515327e+04  1.93e-03 3.49e-08  6.54e-05   214s
 162   9.88772966e+04  9.88515638e+04  1.83e-03 3.49e-08  6.21e-05   215s
 163   9.88766586e+04  9.88516019e+04  1.76e-03 3.49e-08  5.98e-05   217s
 164   9.88760683e+04  9.88516376e+04  1.70e-03 3.49e-08  5.76e-05   218s
 165   9.88759072e+04  9.88516758e+04  1.67e-03 3.49e-08  5.68e-05   219s
 166   9.88754671e+04  9.88517143e+04  1.63e-03 3.49e-08  5.52e-05   221s
 167   9.88744287e+04  9.88517572e+04  1.51e-03 3.49e-08  5.13e-05   222s
 168   9.88740579e+04  9.88517933e+04  1.46e-03 3.50e-08  4.97e-05   223s
 169   9.88730844e+04  9.88518280e+04  1.36e-03 3.50e-08  4.63e-05   225s
 170   9.88728476e+04  9.88518476e+04  1.33e-03 3.50e-08  4.54e-05   226s
 171   9.88726553e+04  9.88518838e+04  1.31e-03 3.50e-08  4.47e-05   227s
 172   9.88722806e+04  9.88519247e+04  1.26e-03 3.50e-08  4.32e-05   229s
 173   9.88719260e+04  9.88519537e+04  1.22e-03 3.50e-08  4.18e-05   231s
 174   9.88718798e+04  9.88519741e+04  1.21e-03 3.50e-08  4.15e-05   232s
 175   9.88717908e+04  9.88519944e+04  1.19e-03 3.50e-08  4.09e-05   233s
 176   9.88716072e+04  9.88520147e+04  1.16e-03 3.50e-08  4.01e-05   235s
 177   9.88714109e+04  9.88520501e+04  1.13e-03 3.50e-08  3.92e-05   236s
 178   9.88712502e+04  9.88520766e+04  1.11e-03 3.50e-08  3.85e-05   238s
 179   9.88710562e+04  9.88521133e+04  1.09e-03 3.50e-08  3.77e-05   239s
 180   9.88706802e+04  9.88521521e+04  1.05e-03 3.50e-08  3.63e-05   241s
 181   9.88704575e+04  9.88521898e+04  1.02e-03 3.50e-08  3.54e-05   242s
 182   9.88702318e+04  9.88522182e+04  9.84e-04 3.50e-08  3.44e-05   244s
 183   9.88700062e+04  9.88522572e+04  9.58e-04 3.50e-08  3.36e-05   245s
 184   9.88698228e+04  9.88522884e+04  9.36e-04 3.50e-08  3.29e-05   247s
 185   9.88698174e+04  9.88523240e+04  9.28e-04 3.50e-08  3.27e-05   249s
 186   9.88697681e+04  9.88523570e+04  9.23e-04 3.50e-08  3.25e-05   251s
 187   9.88695749e+04  9.88523969e+04  9.00e-04 3.50e-08  3.17e-05   253s
 188   9.88690465e+04  9.88524356e+04  8.35e-04 3.51e-08  2.97e-05   255s
 189   9.88687525e+04  9.88524689e+04  7.98e-04 3.51e-08  2.86e-05   257s
 190   9.88686228e+04  9.88524926e+04  7.84e-04 3.51e-08  2.82e-05   259s
 191   9.88685326e+04  9.88525173e+04  7.73e-04 3.51e-08  2.78e-05   262s
 192   9.88684939e+04  9.88525517e+04  7.69e-04 3.51e-08  2.76e-05   264s
 193   9.88684951e+04  9.88525938e+04  7.45e-04 3.51e-08  2.71e-05   266s
 194   9.88685325e+04  9.88526403e+04  7.28e-04 3.51e-08  2.67e-05   267s
 195   9.88683303e+04  9.88526765e+04  6.99e-04 3.51e-08  2.59e-05   269s
 196   9.88682407e+04  9.88527110e+04  6.85e-04 3.51e-08  2.54e-05   271s
 197   9.88681391e+04  9.88527476e+04  6.70e-04 3.51e-08  2.50e-05   273s
 198   9.88679902e+04  9.88527817e+04  6.51e-04 3.51e-08  2.44e-05   275s
 199   9.88680003e+04  9.88528201e+04  6.47e-04 3.51e-08  2.43e-05   277s
 200   9.88678360e+04  9.88528393e+04  6.29e-04 3.51e-08  2.37e-05   279s
 201   9.88675459e+04  9.88528731e+04  5.97e-04 3.51e-08  2.27e-05   281s
 202   9.88674844e+04  9.88529060e+04  5.87e-04 3.51e-08  2.25e-05   283s
 203   9.88674744e+04  9.88529366e+04  5.86e-04 3.51e-08  2.24e-05   284s
 204   9.88672315e+04  9.88529680e+04  5.59e-04 3.51e-08  2.16e-05   287s
 205   9.88669614e+04  9.88529992e+04  5.29e-04 3.51e-08  2.07e-05   289s
 206   9.88663066e+04  9.88530352e+04  4.63e-04 3.51e-08  1.88e-05   292s
 207   9.88662080e+04  9.88530560e+04  4.54e-04 3.52e-08  1.85e-05   294s
 208   9.88661283e+04  9.88530793e+04  4.48e-04 3.52e-08  1.83e-05   297s
 209   9.88661117e+04  9.88530955e+04  4.46e-04 3.52e-08  1.82e-05   299s
 210   9.88660678e+04  9.88531181e+04  4.41e-04 3.52e-08  1.80e-05   301s
 211   9.88660759e+04  9.88531437e+04  4.35e-04 3.52e-08  1.79e-05   304s
 212   9.88660240e+04  9.88531689e+04  4.29e-04 3.52e-08  1.77e-05   306s
 213   9.88659414e+04  9.88531921e+04  4.21e-04 3.52e-08  1.75e-05   308s
 214   9.88658421e+04  9.88532228e+04  4.09e-04 3.52e-08  1.71e-05   311s
 215   9.88658247e+04  9.88532538e+04  4.07e-04 3.52e-08  1.70e-05   313s
 216   9.88657868e+04  9.88532707e+04  4.03e-04 3.52e-08  1.69e-05   315s
 217   9.88656845e+04  9.88533010e+04  3.95e-04 3.52e-08  1.66e-05   317s
 218   9.88655355e+04  9.88533309e+04  3.80e-04 3.52e-08  1.62e-05   319s
 219   9.88654661e+04  9.88533610e+04  3.74e-04 3.52e-08  1.60e-05   321s
 220   9.88654056e+04  9.88533895e+04  3.67e-04 3.52e-08  1.58e-05   323s
 221   9.88654002e+04  9.88534149e+04  3.64e-04 3.52e-08  1.57e-05   326s
 222   9.88650964e+04  9.88534423e+04  3.36e-04 3.52e-08  1.49e-05   328s
 223   9.88647519e+04  9.88534664e+04  3.05e-04 3.52e-08  1.41e-05   331s
 224   9.88646238e+04  9.88534802e+04  2.94e-04 3.52e-08  1.38e-05   334s
 225   9.88645621e+04  9.88534938e+04  2.89e-04 3.52e-08  1.36e-05   335s
 226   9.88645308e+04  9.88535072e+04  2.87e-04 3.52e-08  1.35e-05   337s
 227   9.88645154e+04  9.88535206e+04  2.85e-04 3.52e-08  1.35e-05   339s
 228   9.88644918e+04  9.88535412e+04  2.83e-04 3.52e-08  1.34e-05   343s
 229   9.88645156e+04  9.88535668e+04  2.82e-04 3.52e-08  1.34e-05   345s
 230   9.88644975e+04  9.88535803e+04  2.80e-04 3.52e-08  1.33e-05   347s

Barrier performed 230 iterations in 347.49 seconds (354.71 work units)
Sub-optimal termination - objective 9.88645154e+04

Crossover log...

  209687 DPushes remaining with DInf 0.0000000e+00               348s
   21576 DPushes remaining with DInf 0.0000000e+00               350s
    7116 DPushes remaining with DInf 0.0000000e+00               355s
    3789 DPushes remaining with DInf 0.0000000e+00               360s
     822 DPushes remaining with DInf 0.0000000e+00               365s
       0 DPushes remaining with DInf 0.0000000e+00               366s

  189305 PPushes remaining with PInf 2.1882117e+01               366s
  151405 PPushes remaining with PInf 1.1844207e+01               370s
  127697 PPushes remaining with PInf 2.0454304e+01               376s
  107955 PPushes remaining with PInf 2.6442784e+02               380s
   88512 PPushes remaining with PInf 1.5127810e+02               385s
   68164 PPushes remaining with PInf 1.4878808e+02               391s
   56790 PPushes remaining with PInf 1.4467706e+02               396s
   47607 PPushes remaining with PInf 1.3039495e+02               400s
   34750 PPushes remaining with PInf 1.0998932e+02               405s
   20347 PPushes remaining with PInf 1.2289598e+02               411s
   11428 PPushes remaining with PInf 1.3528448e+02               416s
    4106 PPushes remaining with PInf 6.4510843e+03               421s
      82 PPushes remaining with PInf 6.3994444e+02               425s
       0 PPushes remaining with PInf 6.2465337e+02               426s

  Push phase complete: Pinf 6.2465337e+02, Dinf 1.1324907e+08    426s

Iteration    Objective       Primal Inf.    Dual Inf.      Time
  285361    9.6554126e+04   0.000000e+00   1.132491e+08    426s
  285941    9.6539492e+04   0.000000e+00   1.887385e+10    431s
  286331    9.6526615e+04   0.000000e+00   4.244887e+08    436s
  286721    9.6526451e+04   0.000000e+00   1.948742e+09    443s
  286981    9.6525301e+04   0.000000e+00   4.813579e+08    445s
  287581    9.6524249e+04   0.000000e+00   1.273315e+08    451s
  288234    9.6507671e+04   0.000000e+00   8.827992e+09    456s
  289000    9.6499293e+04   0.000000e+00   1.220368e+10    461s
  289550    9.6499056e+04   0.000000e+00   3.233741e+08    465s
  290000    9.6498506e+04   0.000000e+00   4.479094e+06    471s
  290400    9.6497893e+04   0.000000e+00   1.918318e+07    476s
  290990    9.6497148e+04   0.000000e+00   3.011185e+09    481s
  291360    9.6497013e+04   0.000000e+00   3.660680e+10    485s
  291800    9.6496882e+04   0.000000e+00   9.290500e+07    491s
  292390    9.6495435e+04   0.000000e+00   1.043302e+07    495s
  292830    9.6495331e+04   0.000000e+00   5.550208e+07    501s
  293220    9.6495136e+04   0.000000e+00   4.333946e+07    505s
  293680    9.6494093e+04   0.000000e+00   1.021322e+10    511s
  294250    9.6491203e+04   0.000000e+00   7.950630e+08    516s
  294730    9.6486248e+04   0.000000e+00   4.081554e+07    521s
  295190    9.6485902e+04   0.000000e+00   9.580011e+08    526s
  295590    9.6485587e+04   0.000000e+00   1.966599e+08    531s
  296210    9.6484909e+04   0.000000e+00   4.480931e+08    536s
  296620    9.6484744e+04   0.000000e+00   8.462281e+06    540s
  297180    9.6484402e+04   0.000000e+00   6.384055e+07    545s
  297740    9.6484262e+04   0.000000e+00   2.327920e+06    550s
  298330    9.6484042e+04   0.000000e+00   4.457183e+06    555s
  299050    9.6483867e+04   0.000000e+00   1.066909e+09    560s
  299973    9.6483472e+04   0.000000e+00   3.736681e+07    566s
  300573    9.6483019e+04   0.000000e+00   1.089678e+08    571s
  301123    9.6482808e+04   0.000000e+00   2.042537e+07    576s
  301703    9.6482583e+04   0.000000e+00   2.094742e+07    581s
  302929    9.6480223e+04   0.000000e+00   2.737219e+08    586s
  303449    9.6478798e+04   0.000000e+00   2.477544e+07    591s
  304089    9.6478571e+04   0.000000e+00   1.845688e+06    596s
  304769    9.6478409e+04   0.000000e+00   3.327160e+08    601s
  305339    9.6478201e+04   0.000000e+00   2.596747e+07    606s
  305929    9.6477849e+04   0.000000e+00   9.006861e+08    611s
  306649    9.6475774e+04   0.000000e+00   3.204700e+06    615s
  307449    9.6475617e+04   0.000000e+00   2.004897e+07    621s
  308169    9.6475416e+04   0.000000e+00   1.348212e+07    626s
  308819    9.6475221e+04   0.000000e+00   5.853219e+06    631s
  309339    9.6475040e+04   0.000000e+00   1.862633e+06    635s
  309899    9.6474785e+04   0.000000e+00   4.526196e+07    640s
  310549    9.6474617e+04   0.000000e+00   6.387678e+07    645s
  311279    9.6474376e+04   0.000000e+00   7.592613e+07    651s
  311989    9.6474147e+04   0.000000e+00   1.955964e+07    656s
  312659    9.6473971e+04   0.000000e+00   5.918628e+06    661s
  313905    9.6473803e+04   0.000000e+00   5.025320e+08    666s
  314635    9.6473550e+04   0.000000e+00   4.042514e+08    670s
  315675    9.6473328e+04   0.000000e+00   1.464378e+08    676s
  316365    9.6473250e+04   0.000000e+00   2.319754e+07    681s
  317415    9.6473102e+04   0.000000e+00   5.755511e+05    686s
  318125    9.6473028e+04   0.000000e+00   6.587901e+06    691s
  318875    9.6472769e+04   0.000000e+00   2.822316e+06    695s
  319745    9.6472582e+04   0.000000e+00   8.086631e+07    701s
  320475    9.6472440e+04   0.000000e+00   5.755898e+07    705s
  321475    9.6472170e+04   0.000000e+00   1.287138e+08    711s
  322548    9.6471664e+04   0.000000e+00   8.325642e+07    715s
  323328    9.6469648e+04   0.000000e+00   1.874006e+09    721s
  324108    9.6468716e+04   0.000000e+00   9.906436e+07    726s
  324778    9.6468575e+04   0.000000e+00   2.699341e+06    730s
  325891    9.6462273e+04   0.000000e+00   5.676717e+07    736s
  327001    9.6461597e+04   0.000000e+00   9.456307e+07    741s
  327781    9.6461436e+04   0.000000e+00   5.196229e+05    745s
  328841    9.6461334e+04   0.000000e+00   2.573460e+07    751s
  329571    9.6461134e+04   0.000000e+00   7.761117e+05    755s
  330634    9.6460678e+04   0.000000e+00   1.008636e+06    761s
  331494    9.6460312e+04   0.000000e+00   1.175740e+09    765s
  332424    9.6459818e+04   0.000000e+00   1.298522e+07    771s
  333264    9.6459481e+04   0.000000e+00   8.895064e+06    776s
  334004    9.6459322e+04   0.000000e+00   4.384272e+05    780s
  335094    9.6458932e+04   0.000000e+00   1.302492e+05    785s
  336174    9.6458484e+04   0.000000e+00   1.940574e+07    791s
  337337    9.6458299e+04   0.000000e+00   1.463214e+06    796s
  338137    9.6458081e+04   0.000000e+00   6.813057e+06    801s
  339087    9.6457972e+04   0.000000e+00   3.732755e+04    806s
  339957    9.6457847e+04   0.000000e+00   2.094719e+06    810s
  341007    9.6457306e+04   0.000000e+00   8.272746e+07    816s
  341777    9.6457075e+04   0.000000e+00   4.000117e+04    820s
  342637    9.6456980e+04   0.000000e+00   2.976740e+05    826s
  343607    9.6456512e+04   0.000000e+00   9.970083e+05    830s
  344577    9.6456168e+04   0.000000e+00   1.009930e+06    835s
  345770    9.6455992e+04   0.000000e+00   1.161097e+05    841s
  346963    9.6455765e+04   0.000000e+00   4.058128e+05    846s
  348426    9.6455518e+04   0.000000e+00   3.773770e+07    851s
  349236    9.6455079e+04   0.000000e+00   7.136489e+05    855s
  350499    9.6454226e+04   0.000000e+00   8.713289e+05    860s
  351702    9.6453929e+04   0.000000e+00   2.073039e+04    865s
  352942    9.6453671e+04   0.000000e+00   5.905263e+05    871s
  353912    9.6453549e+04   0.000000e+00   3.876294e+06    876s
  355012    9.6453221e+04   0.000000e+00   3.180449e+06    881s
  355862    9.6452960e+04   0.000000e+00   1.193069e+07    885s
  357085    9.6452598e+04   0.000000e+00   2.867492e+06    891s
  358391    9.6452515e+04   0.000000e+00   1.738795e+05    895s
  359704    9.6452192e+04   0.000000e+00   2.701619e+04    901s
  360884    9.6451917e+04   0.000000e+00   6.030572e+09    906s
  361907    9.6451675e+04   0.000000e+00   5.634238e+04    910s
  363177    9.6451045e+04   0.000000e+00   4.153871e+04    916s
  364565    9.6450667e+04   0.000000e+00   1.251666e+04    920s
  365615    9.6450594e+04   0.000000e+00   8.974275e+03    926s
  366505    9.6450491e+04   0.000000e+00   1.403284e+07    930s
  367575    9.6450392e+04   0.000000e+00   1.048603e+04    935s
  368811    9.6450104e+04   0.000000e+00   4.053924e+06    940s
  369921    9.6449925e+04   0.000000e+00   1.213576e+06    945s
  371051    9.6449839e+04   0.000000e+00   1.040009e+06    951s
  372034    9.6449695e+04   0.000000e+00   5.574714e+05    955s
  373294    9.6449580e+04   0.000000e+00   6.766626e+05    960s
  374587    9.6449407e+04   0.000000e+00   1.067087e+06    966s
  375900    9.6448821e+04   0.000000e+00   2.412619e+07    971s
  377283    9.6448688e+04   0.000000e+00   7.035202e+05    976s
  378243    9.6448635e+04   0.000000e+00   2.240147e+05    980s
  379463    9.6448527e+04   0.000000e+00   2.681272e+04    986s
  380683    9.6448479e+04   0.000000e+00   1.383635e+06    991s
  381653    9.6448414e+04   0.000000e+00   2.411552e+04    995s
  382906    9.6448378e+04   0.000000e+00   2.337047e+03   1000s
  383966    9.6448310e+04   0.000000e+00   2.714734e+06   1006s
  384816    9.6448276e+04   0.000000e+00   5.462877e+05   1010s
  385966    9.6448222e+04   0.000000e+00   1.253574e+04   1015s
  387206    9.6447993e+04   0.000000e+00   4.599795e+04   1021s
  388286    9.6447906e+04   0.000000e+00   1.103924e+03   1026s
  389719    9.6447887e+04   0.000000e+00   3.459928e+05   1031s
  390779    9.6447841e+04   0.000000e+00   4.247471e+03   1036s
  391689    9.6447809e+04   0.000000e+00   3.887934e+05   1040s
  392709    9.6447746e+04   0.000000e+00   1.504335e+06   1045s
  393839    9.6447707e+04   0.000000e+00   1.258196e+07   1051s
  394939    9.6447616e+04   0.000000e+00   4.291004e+06   1056s
  395959    9.6447588e+04   0.000000e+00   2.097371e+04   1060s
  397262    9.6447554e+04   0.000000e+00   5.426266e+05   1065s
  398512    9.6447529e+04   0.000000e+00   1.607971e+05   1071s
  399891    9.6447517e+04   0.000000e+00   5.334118e+04   1075s
  401011    9.6447495e+04   0.000000e+00   5.391899e+04   1080s
  402357    9.6447430e+04   0.000000e+00   3.889608e+04   1085s
  403974    9.6447412e+04   0.000000e+00   8.162935e+03   1091s
  405024    9.6447373e+04   0.000000e+00   9.910329e+01   1095s
  406387    9.6447366e+04   0.000000e+00   4.144875e+01   1100s
  407677    9.6447358e+04   0.000000e+00   4.146861e+03   1106s
  409047    9.6447341e+04   0.000000e+00   1.079187e+04   1112s
  410642    9.6447338e+04   0.000000e+00   5.507177e-01   1117s
  411361    9.8694853e+04   2.423607e+04   0.000000e+00   1120s
  412291    9.8695305e+04   3.500691e+03   0.000000e+00   1126s
  413131    9.8695515e+04   6.576581e+03   0.000000e+00   1131s
  414044    9.8756148e+04   3.651018e+04   0.000000e+00   1136s
  415057    9.8849633e+04   9.239851e+03   0.000000e+00   1141s
  415937    9.8849672e+04   3.486150e+04   0.000000e+00   1146s
  416767    9.8849881e+04   1.210903e+03   0.000000e+00   1151s
  417647    9.8849915e+04   1.151430e+04   0.000000e+00   1157s
  418537    9.8853967e+04   5.545718e+02   0.000000e+00   1160s
  419867    9.8855938e+04   8.343080e+01   0.000000e+00   1166s
  420957    9.8859023e+04   4.128419e+01   0.000000e+00   1172s
  421816    9.8859066e+04   1.047107e+01   0.000000e+00   1176s
  423183    9.8859108e+04   0.000000e+00   0.000000e+00   1181s
Extra simplex iterations after uncrush: 12
  424078    9.8859114e+04   0.000000e+00   0.000000e+00   1184s

Use crossover to convert LP symmetric solution to basic solution...
Crossover log...

   30212 DPushes remaining with DInf 0.0000000e+00              1185s
   21729 DPushes remaining with DInf 0.0000000e+00              1186s
   13710 DPushes remaining with DInf 0.0000000e+00              1190s
    3117 DPushes remaining with DInf 0.0000000e+00              1195s
    1829 DPushes remaining with DInf 1.2346810e-06              1200s
     541 DPushes remaining with DInf 1.2383752e-06              1205s
       0 DPushes remaining with DInf 0.0000000e+00              1207s

   24130 PPushes remaining with PInf 0.0000000e+00              1207s
   14803 PPushes remaining with PInf 0.0000000e+00              1210s
       0 PPushes remaining with PInf 0.0000000e+00              1212s

  Push phase complete: Pinf 0.0000000e+00, Dinf 1.6350083e+04   1212s

Iteration    Objective       Primal Inf.    Dual Inf.      Time
  478020    9.8859114e+04   0.000000e+00   1.635008e+04   1212s
  478327    9.8859114e+04   1.312531e-06   0.000000e+00   1217s
Extra simplex iterations after uncrush: 1
  478328    9.8859114e+04   0.000000e+00   0.000000e+00   1218s

Solved in 478328 iterations and 1217.99 seconds (1401.03 work units)
Optimal objective  9.885911408e+04

User-callback calls 663531, time in user-callback 1.18 sec
